Archive member included to satisfy reference by file (symbol)

.\CortexM3\ARM_GCC_541\Debug\Glimball.a(CyLib.o)
                              .\CortexM3\ARM_GCC_541\Debug\Cm3Start.o (CyHalt)
.\CortexM3\ARM_GCC_541\Debug\Glimball.a(cyPm.o)
                              .\CortexM3\ARM_GCC_541\Debug\Glimball.a(CyLib.o) (CyPmReadStatus)
.\CortexM3\ARM_GCC_541\Debug\Glimball.a(LED1.o)
                              .\CortexM3\ARM_GCC_541\Debug\functions.o (LED1_Write)
.\CortexM3\ARM_GCC_541\Debug\Glimball.a(LED2.o)
                              .\CortexM3\ARM_GCC_541\Debug\functions.o (LED2_Write)
.\CortexM3\ARM_GCC_541\Debug\Glimball.a(LED3.o)
                              .\CortexM3\ARM_GCC_541\Debug\functions.o (LED3_Write)
.\CortexM3\ARM_GCC_541\Debug\Glimball.a(LED4.o)
                              .\CortexM3\ARM_GCC_541\Debug\functions.o (LED4_Write)
.\CortexM3\ARM_GCC_541\Debug\Glimball.a(SW1.o)
                              .\CortexM3\ARM_GCC_541\Debug\functions.o (SW1_Read)
.\CortexM3\ARM_GCC_541\Debug\Glimball.a(SW2.o)
                              .\CortexM3\ARM_GCC_541\Debug\functions.o (SW2_Read)
.\CortexM3\ARM_GCC_541\Debug\Glimball.a(LCD.o)
                              .\CortexM3\ARM_GCC_541\Debug\functions.o (LCD_PrintString)
.\CortexM3\ARM_GCC_541\Debug\Glimball.a(ROW0.o)
                              .\CortexM3\ARM_GCC_541\Debug\keypad.o (ROW0_Read)
.\CortexM3\ARM_GCC_541\Debug\Glimball.a(ROW1.o)
                              .\CortexM3\ARM_GCC_541\Debug\keypad.o (ROW1_Read)
.\CortexM3\ARM_GCC_541\Debug\Glimball.a(ROW2.o)
                              .\CortexM3\ARM_GCC_541\Debug\keypad.o (ROW2_Read)
.\CortexM3\ARM_GCC_541\Debug\Glimball.a(ROW3.o)
                              .\CortexM3\ARM_GCC_541\Debug\keypad.o (ROW3_Read)
.\CortexM3\ARM_GCC_541\Debug\Glimball.a(COL1.o)
                              .\CortexM3\ARM_GCC_541\Debug\keypad.o (COL1_Write)
.\CortexM3\ARM_GCC_541\Debug\Glimball.a(COL2.o)
                              .\CortexM3\ARM_GCC_541\Debug\keypad.o (COL2_Write)
.\CortexM3\ARM_GCC_541\Debug\Glimball.a(COL3.o)
                              .\CortexM3\ARM_GCC_541\Debug\keypad.o (COL3_Write)
.\CortexM3\ARM_GCC_541\Debug\Glimball.a(ADC.o)
                              .\CortexM3\ARM_GCC_541\Debug\functions.o (ADC_Start)
.\CortexM3\ARM_GCC_541\Debug\Glimball.a(ADC_INT.o)
                              .\CortexM3\ARM_GCC_541\Debug\Glimball.a(ADC.o) (ADC_ISR1)
.\CortexM3\ARM_GCC_541\Debug\Glimball.a(PWM.o)
                              .\CortexM3\ARM_GCC_541\Debug\functions.o (PWM_WriteCompare)
.\CortexM3\ARM_GCC_541\Debug\Glimball.a(ADC_Ext_CP_Clk.o)
                              .\CortexM3\ARM_GCC_541\Debug\Glimball.a(ADC.o) (ADC_Ext_CP_Clk_SetModeRegister)
.\CortexM3\ARM_GCC_541\Debug\Glimball.a(ADC_theACLK.o)
                              .\CortexM3\ARM_GCC_541\Debug\Glimball.a(ADC.o) (ADC_theACLK_SetModeRegister)
.\CortexM3\ARM_GCC_541\Debug\Glimball.a(ADC_AMux.o)
                              .\CortexM3\ARM_GCC_541\Debug\Glimball.a(ADC.o) (ADC_AMux_Select)
.\CortexM3\ARM_GCC_541\Debug\Glimball.a(Mux.o)
                              .\CortexM3\ARM_GCC_541\Debug\functions.o (Mux_Start)
.\CortexM3\ARM_GCC_541\Debug\Glimball.a(Timer.o)
                              .\CortexM3\ARM_GCC_541\Debug\functions.o (Timer_ReadStatusRegister)
.\CortexM3\ARM_GCC_541\Debug\Glimball.a(VDAC.o)
                              .\CortexM3\ARM_GCC_541\Debug\functions.o (VDAC_SetValue)
.\CortexM3\ARM_GCC_541\Debug\Glimball.a(ISR_SOUND.o)
                              .\CortexM3\ARM_GCC_541\Debug\functions.o (ISR_SOUND_StartEx)
.\CortexM3\ARM_GCC_541\Debug\Glimball.a(UART.o)
                              .\CortexM3\ARM_GCC_541\Debug\functions.o (UART_Start)
.\CortexM3\ARM_GCC_541\Debug\Glimball.a(UART_IntClock.o)
                              .\CortexM3\ARM_GCC_541\Debug\Glimball.a(UART.o) (UART_IntClock_Start)
.\CortexM3\ARM_GCC_541\Debug\Glimball.a(isr_uart.o)
                              .\CortexM3\ARM_GCC_541\Debug\functions.o (isr_uart_StartEx)
.\CortexM3\ARM_GCC_541\Debug\Glimball.a(CyBootAsmGnu.o)
                              .\CortexM3\ARM_GCC_541\Debug\cyfitter_cfg.o (CyDelayCycles)
.\CortexM3\ARM_GCC_541\Debug\Glimball.a(CyFlash.o)
                              .\CortexM3\ARM_GCC_541\Debug\Glimball.a(cyPm.o) (CyFlash_SetWaitCycles)
.\CortexM3\ARM_GCC_541\Debug\Glimball.a(CySpc.o)
                              .\CortexM3\ARM_GCC_541\Debug\Glimball.a(CyFlash.o) (CySpcStart)
c:/program files (x86)/cypress/psoc creator/4.4/psoc creator/import/gnu/arm/5.4.1/bin/../lib/gcc/arm-none-eabi/5.4.1/../../../../arm-none-eabi/lib/armv7-m\libm.a(lib_a-s_sin.o)
                              .\CortexM3\ARM_GCC_541\Debug\functions.o (sin)
c:/program files (x86)/cypress/psoc creator/4.4/psoc creator/import/gnu/arm/5.4.1/bin/../lib/gcc/arm-none-eabi/5.4.1/../../../../arm-none-eabi/lib/armv7-m\libm.a(lib_a-e_rem_pio2.o)
[...]
Memory Configuration

Name             Origin             Length             Attributes
rom              0x00000000         0x00040000         xr
ram              0x1fff8000         0x00010000         xrw
*default*        0x00000000         0xffffffff

Linker script and memory map

LOAD c:/program files (x86)/cypress/psoc creator/4.4/psoc creator/import/gnu/arm/5.4.1/bin/../lib/gcc/arm-none-eabi/5.4.1/armv7-m/crti.o
LOAD c:/program files (x86)/cypress/psoc creator/4.4/psoc creator/import/gnu/arm/5.4.1/bin/../lib/gcc/arm-none-eabi/5.4.1/armv7-m/crtbegin.o
LOAD c:/program files (x86)/cypress/psoc creator/4.4/psoc creator/import/gnu/arm/5.4.1/bin/../lib/gcc/arm-none-eabi/5.4.1/../../../../arm-none-eabi/lib/armv7-m/crt0.o
START GROUP
LOAD .\CortexM3\ARM_GCC_541\Debug\main.o
LOAD .\CortexM3\ARM_GCC_541\Debug\functions.o
LOAD .\CortexM3\ARM_GCC_541\Debug\keypad.o
LOAD .\CortexM3\ARM_GCC_541\Debug\cyfitter_cfg.o
LOAD .\CortexM3\ARM_GCC_541\Debug\cymetadata.o
LOAD .\CortexM3\ARM_GCC_541\Debug\Cm3Start.o
LOAD .\CortexM3\ARM_GCC_541\Debug\Glimball.a
LOAD C:\Program Files (x86)\Cypress\PSoC Creator\4.4\PSoC Creator\psoc\content\cycomponentlibrary\CyComponentLibrary.cylib\CortexM3\ARM_GCC_541\Debug\CyComponentLibrary.a
LOAD c:/program files (x86)/cypress/psoc creator/4.4/psoc creator/import/gnu/arm/5.4.1/bin/../lib/gcc/arm-none-eabi/5.4.1/../../../../arm-none-eabi/lib/armv7-m\libm.a
END GROUP
START GROUP
LOAD c:/program files (x86)/cypress/psoc creator/4.4/psoc creator/import/gnu/arm/5.4.1/bin/../lib/gcc/arm-none-eabi/5.4.1/armv7-m\libgcc.a
LOAD c:/program files (x86)/cypress/psoc creator/4.4/psoc creator/import/gnu/arm/5.4.1/bin/../lib/gcc/arm-none-eabi/5.4.1/../../../../arm-none-eabi/lib/armv7-m\libg_nano.a
LOAD c:/program files (x86)/cypress/psoc creator/4.4/psoc creator/import/gnu/arm/5.4.1/bin/../lib/gcc/arm-none-eabi/5.4.1/../../../../arm-none-eabi/lib/armv7-m\libc_nano.a
END GROUP
START GROUP
LOAD c:/program files (x86)/cypress/psoc creator/4.4/psoc creator/import/gnu/arm/5.4.1/bin/../lib/gcc/arm-none-eabi/5.4.1/armv7-m\libgcc.a
LOAD c:/program files (x86)/cypress/psoc creator/4.4/psoc creator/import/gnu/arm/5.4.1/bin/../lib/gcc/arm-none-eabi/5.4.1/../../../../arm-none-eabi/lib/armv7-m\libc_nano.a
END GROUP
LOAD c:/program files (x86)/cypress/psoc creator/4.4/psoc creator/import/gnu/arm/5.4.1/bin/../lib/gcc/arm-none-eabi/5.4.1/armv7-m/crtend.o
LOAD c:/program files (x86)/cypress/psoc creator/4.4/psoc creator/import/gnu/arm/5.4.1/bin/../lib/gcc/arm-none-eabi/5.4.1/armv7-m/crtn.o
START GROUP
LOAD c:/program files (x86)/cypress/psoc creator/4.4/psoc creator/import/gnu/arm/5.4.1/bin/../lib/gcc/arm-none-eabi/5.4.1/armv7-m\libgcc.a
LOAD c:/program files (x86)/cypress/psoc creator/4.4/psoc creator/import/gnu/arm/5.4.1/bin/../lib/gcc/arm-none-eabi/5.4.1/../../../../arm-none-eabi/lib/armv7-m\libc.a
LOAD c:/program files (x86)/cypress/psoc creator/4.4/psoc creator/import/gnu/arm/5.4.1/bin/../lib/gcc/arm-none-eabi/5.4.1/../../../../arm-none-eabi/lib/armv7-m\libnosys.a
END GROUP
                0x00000000                CY_APPL_ORIGIN = 0x0
                0x00000100                CY_FLASH_ROW_SIZE = 0x100
                0x00000020                CY_ECC_ROW_SIZE = 0x20
                0x00000000                CY_EE_IN_BTLDR = 0x0
                0x00000000                CY_APPL_LOADABLE = 0x0
                0x00000800                CY_EE_SIZE = 0x800
                0x00000001                CY_APPL_NUM = 0x1
                0x00000001                CY_APPL_MAX = 0x1
                0x00000040                CY_METADATA_SIZE = 0x40
                0x00000000                CY_APPL_LOADABLE = 0x0
                0x00000000                CY_CHECKSUM_EXCLUDE_SIZE = ALIGN (0x0, CY_FLASH_ROW_SIZE)
                [!provide]                PROVIDE (__cy_heap_start, _end)
                0x00000001                PROVIDE (__cy_region_num, ((__cy_regions_end - __cy_regions) / 0x10))
                0x20008000                PROVIDE (__cy_stack, (ORIGIN (ram) + LENGTH (ram)))
                [!provide]                PROVIDE (__cy_heap_end, (__cy_stack - 0x800))

.cybootloader   0x00000000        0x0
 *(.cybootloader)
                0x00000000                appl1_start = CY_APPL_ORIGIN?CY_APPL_ORIGIN:ALIGN (CY_FLASH_ROW_SIZE)
                0x0001ff00                appl2_start = (appl1_start + ALIGN ((((LENGTH (rom) - appl1_start) - (0x2 * CY_FLASH_ROW_SIZE)) / 0x2), CY_FLASH_ROW_SIZE))
                0x00000000                appl_start = (CY_APPL_NUM == 0x1)?appl1_start:appl2_start
                0x00000000                ecc_offset = ((appl_start / CY_FLASH_ROW_SIZE) * CY_ECC_ROW_SIZE)
                0x00000000                ee_offset = (CY_APPL_LOADABLE && ! (CY_EE_IN_BTLDR))?((CY_EE_SIZE / CY_APPL_MAX) * (CY_APPL_NUM - 0x1)):0x0
                0x00000800                ee_size = (CY_APPL_LOADABLE && ! (CY_EE_IN_BTLDR))?(CY_EE_SIZE / CY_APPL_MAX):CY_EE_SIZE
                [!provide]                PROVIDE (CY_ECC_OFFSET, ecc_offset)

.text           0x00000000     0x4818
 CREATE_OBJECT_SYMBOLS
                0x00000000                PROVIDE (__cy_interrupt_vector, RomVectors)
 *(.romvectors)
 .romvectors    0x00000000       0x10 .\CortexM3\ARM_GCC_541\Debug\Cm3Start.o
                0x00000000                RomVectors
                0x00000001                ASSERT ((. != __cy_interrupt_vector), No interrupt vector)
                0x00000001                ASSERT (CY_APPL_ORIGIN?(SIZEOF (.cybootloader) <= CY_APPL_ORIGIN):0x1, Wrong image location)
                0x00000010                PROVIDE (__cy_reset, Reset)
 *(.text.Reset)
 .text.Reset    0x00000010       0x18 .\CortexM3\ARM_GCC_541\Debug\Cm3Start.o
                0x00000010                Reset
                0x00000001                ASSERT ((. != __cy_reset), No reset code)
 *(.dma_init)
                0x00000001                ASSERT ((((appl_start + .) <= 0x10000) || 0x1), DMA Init must be within the first 64k of flash)
 *(.text .text.* .gnu.linkonce.t.*)
 .text          0x00000028       0x5c c:/program files (x86)/cypress/psoc creator/4.4/psoc creator/import/gnu/arm/5.4.1/bin/../lib/gcc/arm-none-eabi/5.4.1/armv7-m/crtbegin.o
 .text.main     0x00000084       0x14 .\CortexM3\ARM_GCC_541\Debug\main.o
                0x00000084                main
 .text.isr_sound_handler
                0x00000098       0x38 .\CortexM3\ARM_GCC_541\Debug\functions.o
                0x00000098                isr_sound_handler
 .text.light_LEDS
                0x000000d0       0x1c .\CortexM3\ARM_GCC_541\Debug\functions.o
                0x000000d0                light_LEDS
 .text.turn_off_LEDS
                0x000000ec       0x1c .\CortexM3\ARM_GCC_541\Debug\functions.o
                0x000000ec                turn_off_LEDS
 .text.rotate_servo
                0x00000108       0x48 .\CortexM3\ARM_GCC_541\Debug\functions.o
                0x00000108                rotate_servo
 .text.turn_servo
                0x00000150       0x38 .\CortexM3\ARM_GCC_541\Debug\functions.o
                0x00000150                turn_servo
 .text.fill_sine
                0x00000188       0x68 .\CortexM3\ARM_GCC_541\Debug\functions.o
                0x00000188                fill_sine
 .text.print_screen
                0x000001f0       0x24 .\CortexM3\ARM_GCC_541\Debug\functions.o
                0x000001f0                print_screen
 .text.initialize
                0x00000214       0x58 .\CortexM3\ARM_GCC_541\Debug\functions.o
                0x00000214                initialize
 .text.print_angle
                0x0000026c       0x40 .\CortexM3\ARM_GCC_541\Debug\functions.o
                0x0000026c                print_angle
 .text.get_angle
                0x000002ac       0xbc .\CortexM3\ARM_GCC_541\Debug\functions.o
                0x000002ac                get_angle
 .text.test_pot
                0x00000368       0x54 .\CortexM3\ARM_GCC_541\Debug\functions.o
                0x00000368                test_pot
 .text.test_keyboard
                0x000003bc       0x30 .\CortexM3\ARM_GCC_541\Debug\functions.o
                0x000003bc                test_keyboard
 .text.test_joystick
                0x000003ec       0x6c .\CortexM3\ARM_GCC_541\Debug\functions.o
                0x000003ec                test_joystick
 .text.gimball_mode
                0x00000458        0x8 .\CortexM3\ARM_GCC_541\Debug\functions.o
                0x00000458                gimball_mode
 .text.react_to_keypad
                0x00000460       0x20 .\CortexM3\ARM_GCC_541\Debug\functions.o
                0x00000460                react_to_keypad
 .text.read_SW1
                0x00000480       0x18 .\CortexM3\ARM_GCC_541\Debug\functions.o
                0x00000480                read_SW1
 .text.read_SW2
                0x00000498       0x68 .\CortexM3\ARM_GCC_541\Debug\functions.o
                0x00000498                read_SW2
 .text.testing_mode
                0x00000500       0x2c .\CortexM3\ARM_GCC_541\Debug\functions.o
                0x00000500                testing_mode
 .text.switch_to_gimball_mode
                0x0000052c       0x20 .\CortexM3\ARM_GCC_541\Debug\functions.o
                0x0000052c                switch_to_gimball_mode
 .text.switch_to_test_mode
                0x0000054c       0x20 .\CortexM3\ARM_GCC_541\Debug\functions.o
                0x0000054c                switch_to_test_mode
 .text.switch_mode
                0x0000056c       0x18 .\CortexM3\ARM_GCC_541\Debug\functions.o
                0x0000056c                switch_mode
 .text.read_computer
                0x00000584       0x3c .\CortexM3\ARM_GCC_541\Debug\functions.o
                0x00000584                read_computer
 .text.isr_uart_handler
                0x000005c0       0x44 .\CortexM3\ARM_GCC_541\Debug\functions.o
                0x000005c0                isr_uart_handler
 .text.react    0x00000604       0x14 .\CortexM3\ARM_GCC_541\Debug\functions.o
                0x00000604                react
 .text.modes    0x00000618       0x30 .\CortexM3\ARM_GCC_541\Debug\functions.o
                0x00000618                modes
 .text.keypadInit
                0x00000648       0x18 .\CortexM3\ARM_GCC_541\Debug\keypad.o
                0x00000648                keypadInit
 .text.keypadScan
                0x00000660       0xfc .\CortexM3\ARM_GCC_541\Debug\keypad.o
                0x00000660                keypadScan
 .text.CyClockStartupError
                0x0000075c        0x4 .\CortexM3\ARM_GCC_541\Debug\cyfitter_cfg.o
 .text.cfg_write_bytes32
                0x00000760       0x34 .\CortexM3\ARM_GCC_541\Debug\cyfitter_cfg.o
 .text.AnalogSetDefault
                0x00000794       0x40 .\CortexM3\ARM_GCC_541\Debug\cyfitter_cfg.o
 .text.CYMEMZERO
                0x000007d4        0xc .\CortexM3\ARM_GCC_541\Debug\cyfitter_cfg.o
 .text.CYCONFIGCPY
                0x000007e0        0x8 .\CortexM3\ARM_GCC_541\Debug\cyfitter_cfg.o
 .text.ClockSetup
                0x000007e8      0x100 .\CortexM3\ARM_GCC_541\Debug\cyfitter_cfg.o
 .text.Mux_Set  0x000008e8       0x34 .\CortexM3\ARM_GCC_541\Debug\cyfitter_cfg.o
                0x000008e8                Mux_Set
 .text.Mux_Unset
                0x0000091c       0x38 .\CortexM3\ARM_GCC_541\Debug\cyfitter_cfg.o
                0x0000091c                Mux_Unset
 .text.ADC_AMux_Set
                0x00000954       0x20 .\CortexM3\ARM_GCC_541\Debug\cyfitter_cfg.o
                0x00000954                ADC_AMux_Set
 .text.ADC_AMux_Unset
                0x00000974       0x20 .\CortexM3\ARM_GCC_541\Debug\cyfitter_cfg.o
                0x00000974                ADC_AMux_Unset
 .text.cyfitter_cfg
                0x00000994      0x12c .\CortexM3\ARM_GCC_541\Debug\cyfitter_cfg.o
                0x00000994                cyfitter_cfg
 .text.IntDefaultHandler
                0x00000ac0       0x10 .\CortexM3\ARM_GCC_541\Debug\Cm3Start.o
                0x00000ac0                IntDefaultHandler
 .text._sbrk    0x00000ad0       0x30 .\CortexM3\ARM_GCC_541\Debug\Cm3Start.o
                0x00000ad0                _sbrk
 .text.Start_c  0x00000b00       0x4c .\CortexM3\ARM_GCC_541\Debug\Cm3Start.o
                0x00000b00                Start_c
 .text.initialize_psoc
                0x00000b4c       0x68 .\CortexM3\ARM_GCC_541\Debug\Cm3Start.o
                0x00000b4c                initialize_psoc
 .text.CyHalt   0x00000bb4        0x4 .\CortexM3\ARM_GCC_541\Debug\Glimball.a(CyLib.o)
                0x00000bb4                CyHalt
 .text.CyDelay  0x00000bb8       0x2c .\CortexM3\ARM_GCC_541\Debug\Glimball.a(CyLib.o)
                0x00000bb8                CyDelay
 .text.CyDelayUs
                0x00000be4       0x14 .\CortexM3\ARM_GCC_541\Debug\Glimball.a(CyLib.o)
                0x00000be4                CyDelayUs
 .text.CyIntSetVector
                0x00000bf8       0x28 .\CortexM3\ARM_GCC_541\Debug\Glimball.a(CyLib.o)
                0x00000bf8                CyIntSetVector
 .text.CyIntSetPriority
                0x00000c20       0x30 .\CortexM3\ARM_GCC_541\Debug\Glimball.a(CyLib.o)
                0x00000c20                CyIntSetPriority
 .text.LED1_Write
                0x00000c50       0x18 .\CortexM3\ARM_GCC_541\Debug\Glimball.a(LED1.o)
                0x00000c50                LED1_Write
 .text.LED2_Write
                0x00000c68       0x18 .\CortexM3\ARM_GCC_541\Debug\Glimball.a(LED2.o)
                0x00000c68                LED2_Write
 .text.LED3_Write
                0x00000c80       0x18 .\CortexM3\ARM_GCC_541\Debug\Glimball.a(LED3.o)
                0x00000c80                LED3_Write
 .text.LED4_Write
                0x00000c98       0x18 .\CortexM3\ARM_GCC_541\Debug\Glimball.a(LED4.o)
                0x00000c98                LED4_Write
 .text.SW1_Read
                0x00000cb0       0x10 .\CortexM3\ARM_GCC_541\Debug\Glimball.a(SW1.o)
                0x00000cb0                SW1_Read
 .text.SW2_Read
                0x00000cc0       0x10 .\CortexM3\ARM_GCC_541\Debug\Glimball.a(SW2.o)
                0x00000cc0                SW2_Read
 .text.LCD_WrCntrlNib
                0x00000cd0       0x34 .\CortexM3\ARM_GCC_541\Debug\Glimball.a(LCD.o)
 .text.LCD_WrDatNib
                0x00000d04       0x44 .\CortexM3\ARM_GCC_541\Debug\Glimball.a(LCD.o)
 .text.LCD_IsReady
                0x00000d48       0xe4 .\CortexM3\ARM_GCC_541\Debug\Glimball.a(LCD.o)
                0x00000d48                LCD_IsReady
 .text.LCD_WriteData
                0x00000e2c       0x18 .\CortexM3\ARM_GCC_541\Debug\Glimball.a(LCD.o)
                0x00000e2c                LCD_WriteData
 .text.LCD_PrintString
                0x00000e44       0x1c .\CortexM3\ARM_GCC_541\Debug\Glimball.a(LCD.o)
                0x00000e44                LCD_PrintString
 .text.LCD_WriteControl
                0x00000e60       0x18 .\CortexM3\ARM_GCC_541\Debug\Glimball.a(LCD.o)
                0x00000e60                LCD_WriteControl
 .text.LCD_Init
                0x00000e78       0x6c .\CortexM3\ARM_GCC_541\Debug\Glimball.a(LCD.o)
                0x00000e78                LCD_Init
 .text.LCD_Enable
                0x00000ee4       0x14 .\CortexM3\ARM_GCC_541\Debug\Glimball.a(LCD.o)
                0x00000ee4                LCD_Enable
 .text.LCD_Start
                0x00000ef8       0x1c .\CortexM3\ARM_GCC_541\Debug\Glimball.a(LCD.o)
                0x00000ef8                LCD_Start
 .text.LCD_Position
                0x00000f14       0x3c .\CortexM3\ARM_GCC_541\Debug\Glimball.a(LCD.o)
                0x00000f14                LCD_Position
 .text.ROW0_Read
                0x00000f50       0x10 .\CortexM3\ARM_GCC_541\Debug\Glimball.a(ROW0.o)
                0x00000f50                ROW0_Read
 .text.ROW1_Read
                0x00000f60       0x10 .\CortexM3\ARM_GCC_541\Debug\Glimball.a(ROW1.o)
                0x00000f60                ROW1_Read
 .text.ROW2_Read
                0x00000f70        0xc .\CortexM3\ARM_GCC_541\Debug\Glimball.a(ROW2.o)
                0x00000f70                ROW2_Read
 .text.ROW3_Read
                0x00000f7c       0x10 .\CortexM3\ARM_GCC_541\Debug\Glimball.a(ROW3.o)
                0x00000f7c                ROW3_Read
 .text.COL1_Write
                0x00000f8c       0x18 .\CortexM3\ARM_GCC_541\Debug\Glimball.a(COL1.o)
                0x00000f8c                COL1_Write
 .text.COL2_Write
                0x00000fa4       0x18 .\CortexM3\ARM_GCC_541\Debug\Glimball.a(COL2.o)
                0x00000fa4                COL2_Write
 .text.COL3_Write
                0x00000fbc       0x18 .\CortexM3\ARM_GCC_541\Debug\Glimball.a(COL3.o)
                0x00000fbc                COL3_Write
 .text.ADC_GainCompensation
                0x00000fd4       0xe0 .\CortexM3\ARM_GCC_541\Debug\Glimball.a(ADC.o)
 .text.ADC_SetDSMRef0Reg
                0x000010b4       0x4c .\CortexM3\ARM_GCC_541\Debug\Glimball.a(ADC.o)
 .text.ADC_InitConfig
                0x00001100      0x32c .\CortexM3\ARM_GCC_541\Debug\Glimball.a(ADC.o)
 .text.ADC_Init
                0x0000142c      0x108 .\CortexM3\ARM_GCC_541\Debug\Glimball.a(ADC.o)
                0x0000142c                ADC_Init
 .text.ADC_Enable
                0x00001534       0xd8 .\CortexM3\ARM_GCC_541\Debug\Glimball.a(ADC.o)
                0x00001534                ADC_Enable
 .text.ADC_Start
                0x0000160c       0x28 .\CortexM3\ARM_GCC_541\Debug\Glimball.a(ADC.o)
                0x0000160c                ADC_Start
 .text.ADC_StartConvert
                0x00001634       0x10 .\CortexM3\ARM_GCC_541\Debug\Glimball.a(ADC.o)
                0x00001634                ADC_StartConvert
 .text.ADC_IsEndConversion
                0x00001644       0x30 .\CortexM3\ARM_GCC_541\Debug\Glimball.a(ADC.o)
                0x00001644                ADC_IsEndConversion
 .text.ADC_GetResult32
                0x00001674       0x6c .\CortexM3\ARM_GCC_541\Debug\Glimball.a(ADC.o)
                0x00001674                ADC_GetResult32
 .text.ADC_ISR1
                0x000016e0        0x4 .\CortexM3\ARM_GCC_541\Debug\Glimball.a(ADC_INT.o)
                0x000016e0                ADC_ISR1
 .text.ADC_ISR2
                0x000016e4        0x4 .\CortexM3\ARM_GCC_541\Debug\Glimball.a(ADC_INT.o)
                0x000016e4                ADC_ISR2
 .text.ADC_ISR3
                0x000016e8        0x4 .\CortexM3\ARM_GCC_541\Debug\Glimball.a(ADC_INT.o)
                0x000016e8                ADC_ISR3
 .text.ADC_ISR4
                0x000016ec        0x4 .\CortexM3\ARM_GCC_541\Debug\Glimball.a(ADC_INT.o)
                0x000016ec                ADC_ISR4
 .text.PWM_Enable
                0x000016f0       0x10 .\CortexM3\ARM_GCC_541\Debug\Glimball.a(PWM.o)
                0x000016f0                PWM_Enable
 .text.PWM_WriteCounter
                0x00001700        0xc .\CortexM3\ARM_GCC_541\Debug\Glimball.a(PWM.o)
                0x00001700                PWM_WriteCounter
 .text.PWM_WritePeriod
                0x0000170c        0xc .\CortexM3\ARM_GCC_541\Debug\Glimball.a(PWM.o)
                0x0000170c                PWM_WritePeriod
 .text.PWM_WriteCompare
                0x00001718        0xc .\CortexM3\ARM_GCC_541\Debug\Glimball.a(PWM.o)
                0x00001718                PWM_WriteCompare
 .text.PWM_SetInterruptMode
                0x00001724        0xc .\CortexM3\ARM_GCC_541\Debug\Glimball.a(PWM.o)
                0x00001724                PWM_SetInterruptMode
 .text.PWM_ReadStatusRegister
                0x00001730        0xc .\CortexM3\ARM_GCC_541\Debug\Glimball.a(PWM.o)
                0x00001730                PWM_ReadStatusRegister
 .text.PWM_ReadCapture
                0x0000173c        0xc .\CortexM3\ARM_GCC_541\Debug\Glimball.a(PWM.o)
                0x0000173c                PWM_ReadCapture
 .text.PWM_ClearFIFO
                0x00001748       0x14 .\CortexM3\ARM_GCC_541\Debug\Glimball.a(PWM.o)
                0x00001748                PWM_ClearFIFO
 .text.PWM_Init
                0x0000175c       0x60 .\CortexM3\ARM_GCC_541\Debug\Glimball.a(PWM.o)
                0x0000175c                PWM_Init
 .text.PWM_Start
                0x000017bc       0x1c .\CortexM3\ARM_GCC_541\Debug\Glimball.a(PWM.o)
                0x000017bc                PWM_Start
 .text.PWM_ReadCompare
                0x000017d8        0xc .\CortexM3\ARM_GCC_541\Debug\Glimball.a(PWM.o)
                0x000017d8                PWM_ReadCompare
 .text.ADC_Ext_CP_Clk_GetDividerRegister
                0x000017e4        0xc .\CortexM3\ARM_GCC_541\Debug\Glimball.a(ADC_Ext_CP_Clk.o)
                0x000017e4                ADC_Ext_CP_Clk_GetDividerRegister
 .text.ADC_Ext_CP_Clk_SetModeRegister
                0x000017f0       0x14 .\CortexM3\ARM_GCC_541\Debug\Glimball.a(ADC_Ext_CP_Clk.o)
                0x000017f0                ADC_Ext_CP_Clk_SetModeRegister
 .text.ADC_Ext_CP_Clk_GetSourceRegister
                0x00001804       0x10 .\CortexM3\ARM_GCC_541\Debug\Glimball.a(ADC_Ext_CP_Clk.o)
                0x00001804                ADC_Ext_CP_Clk_GetSourceRegister
 .text.ADC_Ext_CP_Clk_SetDividerRegister
                0x00001814       0xdc .\CortexM3\ARM_GCC_541\Debug\Glimball.a(ADC_Ext_CP_Clk.o)
                0x00001814                ADC_Ext_CP_Clk_SetDividerRegister
 .text.ADC_theACLK_GetDividerRegister
                0x000018f0        0xc .\CortexM3\ARM_GCC_541\Debug\Glimball.a(ADC_theACLK.o)
                0x000018f0                ADC_theACLK_GetDividerRegister
 .text.ADC_theACLK_SetModeRegister
                0x000018fc       0x14 .\CortexM3\ARM_GCC_541\Debug\Glimball.a(ADC_theACLK.o)
                0x000018fc                ADC_theACLK_SetModeRegister
 .text.ADC_theACLK_GetSourceRegister
                0x00001910       0x10 .\CortexM3\ARM_GCC_541\Debug\Glimball.a(ADC_theACLK.o)
                0x00001910                ADC_theACLK_GetSourceRegister
 .text.ADC_theACLK_SetDividerRegister
                0x00001920       0xd8 .\CortexM3\ARM_GCC_541\Debug\Glimball.a(ADC_theACLK.o)
                0x00001920                ADC_theACLK_SetDividerRegister
 .text.ADC_AMux_Start
                0x000019f8       0x20 .\CortexM3\ARM_GCC_541\Debug\Glimball.a(ADC_AMux.o)
                0x000019f8                ADC_AMux_Start
 .text.ADC_AMux_Select
                0x00001a18       0x18 .\CortexM3\ARM_GCC_541\Debug\Glimball.a(ADC_AMux.o)
                0x00001a18                ADC_AMux_Select
 .text.Mux_Start
                0x00001a30       0x20 .\CortexM3\ARM_GCC_541\Debug\Glimball.a(Mux.o)
                0x00001a30                Mux_Start
 .text.Mux_Select
                0x00001a50       0x18 .\CortexM3\ARM_GCC_541\Debug\Glimball.a(Mux.o)
                0x00001a50                Mux_Select
 .text.Timer_Enable
                0x00001a68       0x28 .\CortexM3\ARM_GCC_541\Debug\Glimball.a(Timer.o)
                0x00001a68                Timer_Enable
 .text.Timer_SetInterruptMode
                0x00001a90        0xc .\CortexM3\ARM_GCC_541\Debug\Glimball.a(Timer.o)
                0x00001a90                Timer_SetInterruptMode
 .text.Timer_ReadStatusRegister
                0x00001a9c        0xc .\CortexM3\ARM_GCC_541\Debug\Glimball.a(Timer.o)
                0x00001a9c                Timer_ReadStatusRegister
 .text.Timer_WritePeriod
                0x00001aa8        0xc .\CortexM3\ARM_GCC_541\Debug\Glimball.a(Timer.o)
                0x00001aa8                Timer_WritePeriod
 .text.Timer_WriteCounter
                0x00001ab4        0xc .\CortexM3\ARM_GCC_541\Debug\Glimball.a(Timer.o)
                0x00001ab4                Timer_WriteCounter
 .text.Timer_Init
                0x00001ac0       0x68 .\CortexM3\ARM_GCC_541\Debug\Glimball.a(Timer.o)
                0x00001ac0                Timer_Init
 .text.Timer_Start
                0x00001b28       0x1c .\CortexM3\ARM_GCC_541\Debug\Glimball.a(Timer.o)
                0x00001b28                Timer_Start
 .text.VDAC_Enable
                0x00001b44       0x1c .\CortexM3\ARM_GCC_541\Debug\Glimball.a(VDAC.o)
                0x00001b44                VDAC_Enable
 .text.VDAC_SetSpeed
                0x00001b60       0x1c .\CortexM3\ARM_GCC_541\Debug\Glimball.a(VDAC.o)
                0x00001b60                VDAC_SetSpeed
 .text.VDAC_SetValue
                0x00001b7c        0xc .\CortexM3\ARM_GCC_541\Debug\Glimball.a(VDAC.o)
                0x00001b7c                VDAC_SetValue
 .text.VDAC_DacTrim
                0x00001b88       0x24 .\CortexM3\ARM_GCC_541\Debug\Glimball.a(VDAC.o)
                0x00001b88                VDAC_DacTrim
 .text.VDAC_SetRange
                0x00001bac       0x20 .\CortexM3\ARM_GCC_541\Debug\Glimball.a(VDAC.o)
                0x00001bac                VDAC_SetRange
 .text.VDAC_Init
                0x00001bcc       0x20 .\CortexM3\ARM_GCC_541\Debug\Glimball.a(VDAC.o)
                0x00001bcc                VDAC_Init
 .text.VDAC_Start
                0x00001bec       0x24 .\CortexM3\ARM_GCC_541\Debug\Glimball.a(VDAC.o)
                0x00001bec                VDAC_Start
 .text.ISR_SOUND_SetVector
                0x00001c10       0x10 .\CortexM3\ARM_GCC_541\Debug\Glimball.a(ISR_SOUND.o)
                0x00001c10                ISR_SOUND_SetVector
 .text.ISR_SOUND_SetPriority
                0x00001c20       0x10 .\CortexM3\ARM_GCC_541\Debug\Glimball.a(ISR_SOUND.o)
                0x00001c20                ISR_SOUND_SetPriority
 .text.ISR_SOUND_Enable
                0x00001c30       0x10 .\CortexM3\ARM_GCC_541\Debug\Glimball.a(ISR_SOUND.o)
                0x00001c30                ISR_SOUND_Enable
 .text.ISR_SOUND_Disable
                0x00001c40       0x10 .\CortexM3\ARM_GCC_541\Debug\Glimball.a(ISR_SOUND.o)
                0x00001c40                ISR_SOUND_Disable
 .text.ISR_SOUND_StartEx
                0x00001c50       0x1c .\CortexM3\ARM_GCC_541\Debug\Glimball.a(ISR_SOUND.o)
                0x00001c50                ISR_SOUND_StartEx
 .text.UART_Init
                0x00001c6c       0x28 .\CortexM3\ARM_GCC_541\Debug\Glimball.a(UART.o)
                0x00001c6c                UART_Init
 .text.UART_Enable
                0x00001c94       0x38 .\CortexM3\ARM_GCC_541\Debug\Glimball.a(UART.o)
                0x00001c94                UART_Enable
 .text.UART_Start
                0x00001ccc       0x1c .\CortexM3\ARM_GCC_541\Debug\Glimball.a(UART.o)
                0x00001ccc                UART_Start
 .text.UART_ReadRxStatus
                0x00001ce8       0x10 .\CortexM3\ARM_GCC_541\Debug\Glimball.a(UART.o)
                0x00001ce8                UART_ReadRxStatus
 .text.UART_GetChar
                0x00001cf8       0x2c .\CortexM3\ARM_GCC_541\Debug\Glimball.a(UART.o)
                0x00001cf8                UART_GetChar
 .text.UART_PutChar
                0x00001d24       0x18 .\CortexM3\ARM_GCC_541\Debug\Glimball.a(UART.o)
                0x00001d24                UART_PutChar
 .text.UART_PutString
                0x00001d3c       0x24 .\CortexM3\ARM_GCC_541\Debug\Glimball.a(UART.o)
                0x00001d3c                UART_PutString
 .text.UART_IntClock_Start
                0x00001d60       0x1c .\CortexM3\ARM_GCC_541\Debug\Glimball.a(UART_IntClock.o)
                0x00001d60                UART_IntClock_Start
 .text.isr_uart_SetVector
                0x00001d7c        0xc .\CortexM3\ARM_GCC_541\Debug\Glimball.a(isr_uart.o)
                0x00001d7c                isr_uart_SetVector
 .text.isr_uart_SetPriority
                0x00001d88       0x10 .\CortexM3\ARM_GCC_541\Debug\Glimball.a(isr_uart.o)
                0x00001d88                isr_uart_SetPriority
 .text.isr_uart_Enable
                0x00001d98        0xc .\CortexM3\ARM_GCC_541\Debug\Glimball.a(isr_uart.o)
                0x00001d98                isr_uart_Enable
 .text.isr_uart_Disable
                0x00001da4        0xc .\CortexM3\ARM_GCC_541\Debug\Glimball.a(isr_uart.o)
                0x00001da4                isr_uart_Disable
 .text.isr_uart_StartEx
                0x00001db0       0x1c .\CortexM3\ARM_GCC_541\Debug\Glimball.a(isr_uart.o)
                0x00001db0                isr_uart_StartEx
 *fill*         0x00001dcc        0x4 
 .text          0x00001dd0       0x20 .\CortexM3\ARM_GCC_541\Debug\Glimball.a(CyBootAsmGnu.o)
                0x00001dd0                CyDelayCycles
                0x00001de0                CyEnterCriticalSection
                0x00001de8                CyExitCriticalSection
 .text.sin      0x00001df0       0x90 c:/program files (x86)/cypress/psoc creator/4.4/psoc creator/import/gnu/arm/5.4.1/bin/../lib/gcc/arm-none-eabi/5.4.1/../../../../arm-none-eabi/lib/armv7-m\libm.a(lib_a-s_sin.o)
                0x00001df0                sin
 .text.__ieee754_rem_pio2
                0x00001e80      0x42c c:/program files (x86)/cypress/psoc creator/4.4/psoc creator/import/gnu/arm/5.4.1/bin/../lib/gcc/arm-none-eabi/5.4.1/../../../../arm-none-eabi/lib/armv7-m\libm.a(lib_a-e_rem_pio2.o)
                0x00001e80                __ieee754_rem_pio2
 *fill*         0x000022ac        0x4 
 .text.__kernel_cos
                0x000022b0      0x248 c:/program files (x86)/cypress/psoc creator/4.4/psoc creator/import/gnu/arm/5.4.1/bin/../lib/gcc/arm-none-eabi/5.4.1/../../../../arm-none-eabi/lib/armv7-m\libm.a(lib_a-k_cos.o)
                0x000022b0                __kernel_cos
 .text.__kernel_rem_pio2
                0x000024f8      0x7f0 c:/program files (x86)/cypress/psoc creator/4.4/psoc creator/import/gnu/arm/5.4.1/bin/../lib/gcc/arm-none-eabi/5.4.1/../../../../arm-none-eabi/lib/armv7-m\libm.a(lib_a-k_rem_pio2.o)
                0x000024f8                __kernel_rem_pio2
 .text.__kernel_sin
                0x00002ce8      0x16c c:/program files (x86)/cypress/psoc creator/4.4/psoc creator/import/gnu/arm/5.4.1/bin/../lib/gcc/arm-none-eabi/5.4.1/../../../../arm-none-eabi/lib/armv7-m\libm.a(lib_a-k_sin.o)
                0x00002ce8                __kernel_sin
 .text.fabs     0x00002e54        0x8 c:/program files (x86)/cypress/psoc creator/4.4/psoc creator/import/gnu/arm/5.4.1/bin/../lib/gcc/arm-none-eabi/5.4.1/../../../../arm-none-eabi/lib/armv7-m\libm.a(lib_a-s_fabs.o)
                0x00002e54                fabs
 *fill*         0x00002e5c        0x4 
 .text.floor    0x00002e60      0x110 c:/program files (x86)/cypress/psoc creator/4.4/psoc creator/import/gnu/arm/5.4.1/bin/../lib/gcc/arm-none-eabi/5.4.1/../../../../arm-none-eabi/lib/armv7-m\libm.a(lib_a-s_floor.o)
                0x00002e60                floor
 .text.scalbn   0x00002f70       0xe4 c:/program files (x86)/cypress/psoc creator/4.4/psoc creator/import/gnu/arm/5.4.1/bin/../lib/gcc/arm-none-eabi/5.4.1/../../../../arm-none-eabi/lib/armv7-m\libm.a(lib_a-s_scalbn.o)
                0x00002f70                scalbn
 .text.copysign
                0x00003054       0x10 c:/program files (x86)/cypress/psoc creator/4.4/psoc creator/import/gnu/arm/5.4.1/bin/../lib/gcc/arm-none-eabi/5.4.1/../../../../arm-none-eabi/lib/armv7-m\libm.a(lib_a-s_copysign.o)
                0x00003054                copysign
 .text          0x00003064      0x370 c:/program files (x86)/cypress/psoc creator/4.4/psoc creator/import/gnu/arm/5.4.1/bin/../lib/gcc/arm-none-eabi/5.4.1/armv7-m\libgcc.a(_arm_addsubdf3.o)
                0x00003064                __aeabi_drsub
                0x0000306c                __aeabi_dsub
                0x0000306c                __subdf3
                0x00003070                __aeabi_dadd
                0x00003070                __adddf3
                0x000032e8                __floatunsidf
                0x000032e8                __aeabi_ui2d
                0x00003308                __floatsidf
                0x00003308                __aeabi_i2d
                0x0000332c                __aeabi_f2d
                0x0000332c                __extendsfdf2
                0x00003368                __floatundidf
                0x00003368                __aeabi_ul2d
                0x00003378                __floatdidf
                0x00003378                __aeabi_l2d
 .text          0x000033d4      0x424 c:/program files (x86)/cypress/psoc creator/4.4/psoc creator/import/gnu/arm/5.4.1/bin/../lib/gcc/arm-none-eabi/5.4.1/armv7-m\libgcc.a(_arm_muldivdf3.o)
                0x000033d4                __aeabi_dmul
                0x000033d4                __muldf3
                0x00003628                __divdf3
                0x00003628                __aeabi_ddiv
 .text          0x000037f8      0x110 c:/program files (x86)/cypress/psoc creator/4.4/psoc creator/import/gnu/arm/5.4.1/bin/../lib/gcc/arm-none-eabi/5.4.1/armv7-m\libgcc.a(_arm_cmpdf2.o)
                0x000037f8                __gtdf2
                0x000037f8                __gedf2
                0x00003800                __ltdf2
                0x00003800                __ledf2
                0x00003808                __nedf2
                0x00003808                __eqdf2
                0x00003808                __cmpdf2
                0x00003884                __aeabi_cdrcmple
                0x00003894                __aeabi_cdcmpeq
                0x00003894                __aeabi_cdcmple
                0x000038a4                __aeabi_dcmpeq
                0x000038b8                __aeabi_dcmplt
                0x000038cc                __aeabi_dcmple
                0x000038e0                __aeabi_dcmpge
                0x000038f4                __aeabi_dcmpgt
 .text          0x00003908       0x50 c:/program files (x86)/cypress/psoc creator/4.4/psoc creator/import/gnu/arm/5.4.1/bin/../lib/gcc/arm-none-eabi/5.4.1/armv7-m\libgcc.a(_arm_fixdfsi.o)
                0x00003908                __aeabi_d2iz
                0x00003908                __fixdfsi
 .text          0x00003958       0xa0 c:/program files (x86)/cypress/psoc creator/4.4/psoc creator/import/gnu/arm/5.4.1/bin/../lib/gcc/arm-none-eabi/5.4.1/armv7-m\libgcc.a(_arm_truncdfsf2.o)
                0x00003958                __truncdfsf2
                0x00003958                __aeabi_d2f
 .text          0x000039f8      0x21c c:/program files (x86)/cypress/psoc creator/4.4/psoc creator/import/gnu/arm/5.4.1/bin/../lib/gcc/arm-none-eabi/5.4.1/armv7-m\libgcc.a(_arm_addsubsf3.o)
                0x000039f8                __aeabi_frsub
                0x00003a00                __subsf3
                0x00003a00                __aeabi_fsub
                0x00003a04                __aeabi_fadd
                0x00003a04                __addsf3
                0x00003b64                __aeabi_ui2f
                0x00003b64                __floatunsisf
                0x00003b6c                __aeabi_i2f
                0x00003b6c                __floatsisf
                0x00003b88                __aeabi_ul2f
                0x00003b88                __floatundisf
                0x00003b98                __aeabi_l2f
                0x00003b98                __floatdisf
 .text          0x00003c14      0x2a0 c:/program files (x86)/cypress/psoc creator/4.4/psoc creator/import/gnu/arm/5.4.1/bin/../lib/gcc/arm-none-eabi/5.4.1/armv7-m\libgcc.a(_arm_muldivsf3.o)
                0x00003c14                __mulsf3
                0x00003c14                __aeabi_fmul
                0x00003d7c                __aeabi_fdiv
                0x00003d7c                __divsf3
 .text          0x00003eb4       0x4c c:/program files (x86)/cypress/psoc creator/4.4/psoc creator/import/gnu/arm/5.4.1/bin/../lib/gcc/arm-none-eabi/5.4.1/armv7-m\libgcc.a(_arm_fixsfsi.o)
                0x00003eb4                __aeabi_f2iz
                0x00003eb4                __fixsfsi
 .text          0x00003f00       0x40 c:/program files (x86)/cypress/psoc creator/4.4/psoc creator/import/gnu/arm/5.4.1/bin/../lib/gcc/arm-none-eabi/5.4.1/armv7-m\libgcc.a(_arm_fixunssfsi.o)
                0x00003f00                __fixunssfsi
                0x00003f00                __aeabi_f2uiz
 .text.__errno  0x00003f40        0xc c:/program files (x86)/cypress/psoc creator/4.4/psoc creator/import/gnu/arm/5.4.1/bin/../lib/gcc/arm-none-eabi/5.4.1/../../../../arm-none-eabi/lib/armv7-m\libg_nano.a(lib_a-errno.o)
                0x00003f40                __errno
 .text.__libc_init_array
                0x00003f4c       0x4c c:/program files (x86)/cypress/psoc creator/4.4/psoc creator/import/gnu/arm/5.4.1/bin/../lib/gcc/arm-none-eabi/5.4.1/../../../../arm-none-eabi/lib/armv7-m\libg_nano.a(lib_a-init.o)
                0x00003f4c                __libc_init_array
 .text.memcpy   0x00003f98       0x16 c:/program files (x86)/cypress/psoc creator/4.4/psoc creator/import/gnu/arm/5.4.1/bin/../lib/gcc/arm-none-eabi/5.4.1/../../../../arm-none-eabi/lib/armv7-m\libg_nano.a(lib_a-memcpy-stub.o)
                0x00003f98                memcpy
 .text.memset   0x00003fae       0x10 c:/program files (x86)/cypress/psoc creator/4.4/psoc creator/import/gnu/arm/5.4.1/bin/../lib/gcc/arm-none-eabi/5.4.1/../../../../arm-none-eabi/lib/armv7-m\libg_nano.a(lib_a-memset.o)
                0x00003fae                memset
 *fill*         0x00003fbe        0x2 
 .text.sprintf  0x00003fc0       0x48 c:/program files (x86)/cypress/psoc creator/4.4/psoc creator/import/gnu/arm/5.4.1/bin/../lib/gcc/arm-none-eabi/5.4.1/../../../../arm-none-eabi/lib/armv7-m\libg_nano.a(lib_a-sprintf.o)
                0x00003fc0                siprintf
                0x00003fc0                sprintf
 .text          0x00004008       0x10 c:/program files (x86)/cypress/psoc creator/4.4/psoc creator/import/gnu/arm/5.4.1/bin/../lib/gcc/arm-none-eabi/5.4.1/../../../../arm-none-eabi/lib/armv7-m\libg_nano.a(lib_a-strlen.o)
                0x00004008                strlen
 .text.__ssputs_r
                0x00004018       0xb2 c:/program files (x86)/cypress/psoc creator/4.4/psoc creator/import/gnu/arm/5.4.1/bin/../lib/gcc/arm-none-eabi/5.4.1/../../../../arm-none-eabi/lib/armv7-m\libg_nano.a(lib_a-nano-svfprintf.o)
                0x00004018                __ssputs_r
 *fill*         0x000040ca        0x2 
 .text._svfprintf_r
                0x000040cc      0x1e8 c:/program files (x86)/cypress/psoc creator/4.4/psoc creator/import/gnu/arm/5.4.1/bin/../lib/gcc/arm-none-eabi/5.4.1/../../../../arm-none-eabi/lib/armv7-m\libg_nano.a(lib_a-nano-svfprintf.o)
                0x000040cc                _svfiprintf_r
                0x000040cc                _svfprintf_r
 .text._printf_common
                0x000042b4       0xec c:/program files (x86)/cypress/psoc creator/4.4/psoc creator/import/gnu/arm/5.4.1/bin/../lib/gcc/arm-none-eabi/5.4.1/../../../../arm-none-eabi/lib/armv7-m\libg_nano.a(lib_a-nano-vfprintf_i.o)
                0x000042b4                _printf_common
 .text._printf_i
                0x000043a0      0x24c c:/program files (x86)/cypress/psoc creator/4.4/psoc creator/import/gnu/arm/5.4.1/bin/../lib/gcc/arm-none-eabi/5.4.1/../../../../arm-none-eabi/lib/armv7-m\libg_nano.a(lib_a-nano-vfprintf_i.o)
                0x000043a0                _printf_i
 .text.memchr   0x000045ec       0x1c c:/program files (x86)/cypress/psoc creator/4.4/psoc creator/import/gnu/arm/5.4.1/bin/../lib/gcc/arm-none-eabi/5.4.1/../../../../arm-none-eabi/lib/armv7-m\libg_nano.a(lib_a-memchr-stub.o)
                0x000045ec                memchr
 .text.memmove  0x00004608       0x36 c:/program files (x86)/cypress/psoc creator/4.4/psoc creator/import/gnu/arm/5.4.1/bin/../lib/gcc/arm-none-eabi/5.4.1/../../../../arm-none-eabi/lib/armv7-m\libg_nano.a(lib_a-memmove.o)
                0x00004608                memmove
 *fill*         0x0000463e        0x2 
 .text._free_r  0x00004640       0x98 c:/program files (x86)/cypress/psoc creator/4.4/psoc creator/import/gnu/arm/5.4.1/bin/../lib/gcc/arm-none-eabi/5.4.1/../../../../arm-none-eabi/lib/armv7-m\libg_nano.a(lib_a-nano-freer.o)
                0x00004640                _free_r
 .text._malloc_r
                0x000046d8       0xbc c:/program files (x86)/cypress/psoc creator/4.4/psoc creator/import/gnu/arm/5.4.1/bin/../lib/gcc/arm-none-eabi/5.4.1/../../../../arm-none-eabi/lib/armv7-m\libg_nano.a(lib_a-nano-mallocr.o)
                0x000046d8                _malloc_r
 .text._realloc_r
                0x00004794       0x4c c:/program files (x86)/cypress/psoc creator/4.4/psoc creator/import/gnu/arm/5.4.1/bin/../lib/gcc/arm-none-eabi/5.4.1/../../../../arm-none-eabi/lib/armv7-m\libg_nano.a(lib_a-nano-reallocr.o)
                0x00004794                _realloc_r
 .text._sbrk_r  0x000047e0       0x20 c:/program files (x86)/cypress/psoc creator/4.4/psoc creator/import/gnu/arm/5.4.1/bin/../lib/gcc/arm-none-eabi/5.4.1/../../../../arm-none-eabi/lib/armv7-m\libg_nano.a(lib_a-sbrkr.o)
                0x000047e0                _sbrk_r
 .text.__malloc_lock
                0x00004800        0x2 c:/program files (x86)/cypress/psoc creator/4.4/psoc creator/import/gnu/arm/5.4.1/bin/../lib/gcc/arm-none-eabi/5.4.1/../../../../arm-none-eabi/lib/armv7-m\libg_nano.a(lib_a-mlock.o)
                0x00004800                __malloc_lock
 .text.__malloc_unlock
                0x00004802        0x2 c:/program files (x86)/cypress/psoc creator/4.4/psoc creator/import/gnu/arm/5.4.1/bin/../lib/gcc/arm-none-eabi/5.4.1/../../../../arm-none-eabi/lib/armv7-m\libg_nano.a(lib_a-mlock.o)
                0x00004802                __malloc_unlock
 .text._malloc_usable_size_r
                0x00004804       0x14 c:/program files (x86)/cypress/psoc creator/4.4/psoc creator/import/gnu/arm/5.4.1/bin/../lib/gcc/arm-none-eabi/5.4.1/../../../../arm-none-eabi/lib/armv7-m\libg_nano.a(lib_a-nano-msizer.o)
                0x00004804                _malloc_usable_size_r
 *(.plt)
 *(.gnu.warning)
 *(.glue_7t)
 .glue_7t       0x00004818        0x0 linker stubs
 *(.glue_7)
 .glue_7        0x00004818        0x0 linker stubs
 *(.vfp11_veneer)
 .vfp11_veneer  0x00004818        0x0 linker stubs
 *(.bootloader)
 *(.ARM.extab* .gnu.linkonce.armextab.*)
 *(.gcc_except_table)

.v4_bx          0x00004818        0x0
 .v4_bx         0x00004818        0x0 linker stubs

.iplt           0x00004818        0x0
 .iplt          0x00004818        0x0 c:/program files (x86)/cypress/psoc creator/4.4/psoc creator/import/gnu/arm/5.4.1/bin/../lib/gcc/arm-none-eabi/5.4.1/armv7-m/crtbegin.o

.eh_frame_hdr
 *(.eh_frame_hdr)

.eh_frame       0x00004818        0x4
 *(.eh_frame)
 .eh_frame      0x00004818        0x0 c:/program files (x86)/cypress/psoc creator/4.4/psoc creator/import/gnu/arm/5.4.1/bin/../lib/gcc/arm-none-eabi/5.4.1/armv7-m/crtbegin.o
 .eh_frame      0x00004818        0x4 c:/program files (x86)/cypress/psoc creator/4.4/psoc creator/import/gnu/arm/5.4.1/bin/../lib/gcc/arm-none-eabi/5.4.1/armv7-m/crtend.o
                [!provide]                PROVIDE (__exidx_start, .)

.ARM.exidx
 *(.ARM.exidx* .gnu.linkonce.armexidx.*)
                0x0000481c                __exidx_end = .

.rodata         0x00004820      0x300
 *(.rodata .rodata.* .gnu.linkonce.r.*)
 .rodata.str1.4
                0x00004820       0x60 .\CortexM3\ARM_GCC_541\Debug\functions.o
                                 0x61 (size before relaxing)
 .rodata        0x00004880       0x56 .\CortexM3\ARM_GCC_541\Debug\cyfitter_cfg.o
                0x00004880                Mux__addrTable
                0x00004898                Mux__maskTable
                0x000048a0                ADC_AMux__addrTable
                0x000048a8                ADC_AMux__maskTable
 *fill*         0x000048d6        0x2 
 .rodata.npio2_hw
                0x000048d8       0x80 c:/program files (x86)/cypress/psoc creator/4.4/psoc creator/import/gnu/arm/5.4.1/bin/../lib/gcc/arm-none-eabi/5.4.1/../../../../arm-none-eabi/lib/armv7-m\libm.a(lib_a-e_rem_pio2.o)
 .rodata.two_over_pi
                0x00004958      0x108 c:/program files (x86)/cypress/psoc creator/4.4/psoc creator/import/gnu/arm/5.4.1/bin/../lib/gcc/arm-none-eabi/5.4.1/../../../../arm-none-eabi/lib/armv7-m\libm.a(lib_a-e_rem_pio2.o)
 .rodata.init_jk
                0x00004a60       0x10 c:/program files (x86)/cypress/psoc creator/4.4/psoc creator/import/gnu/arm/5.4.1/bin/../lib/gcc/arm-none-eabi/5.4.1/../../../../arm-none-eabi/lib/armv7-m\libm.a(lib_a-k_rem_pio2.o)
 .rodata.PIo2   0x00004a70       0x40 c:/program files (x86)/cypress/psoc creator/4.4/psoc creator/import/gnu/arm/5.4.1/bin/../lib/gcc/arm-none-eabi/5.4.1/../../../../arm-none-eabi/lib/armv7-m\libm.a(lib_a-k_rem_pio2.o)
 .rodata.str1.1
                0x00004ab0        0x2 c:/program files (x86)/cypress/psoc creator/4.4/psoc creator/import/gnu/arm/5.4.1/bin/../lib/gcc/arm-none-eabi/5.4.1/../../../../arm-none-eabi/lib/armv7-m\libg_nano.a(lib_a-impure.o)
 .rodata.str1.1
                0x00004ab2       0x11 c:/program files (x86)/cypress/psoc creator/4.4/psoc creator/import/gnu/arm/5.4.1/bin/../lib/gcc/arm-none-eabi/5.4.1/../../../../arm-none-eabi/lib/armv7-m\libg_nano.a(lib_a-nano-svfprintf.o)
 .rodata.str1.1
                0x00004ac3       0x22 c:/program files (x86)/cypress/psoc creator/4.4/psoc creator/import/gnu/arm/5.4.1/bin/../lib/gcc/arm-none-eabi/5.4.1/../../../../arm-none-eabi/lib/armv7-m\libg_nano.a(lib_a-nano-vfprintf_i.o)
                0x00004ae8                . = ALIGN (0x4)
 *fill*         0x00004ae5        0x3 
 *(.init)
 .init          0x00004ae8        0x4 c:/program files (x86)/cypress/psoc creator/4.4/psoc creator/import/gnu/arm/5.4.1/bin/../lib/gcc/arm-none-eabi/5.4.1/armv7-m/crti.o
                0x00004ae8                _init
 .init          0x00004aec        0x8 c:/program files (x86)/cypress/psoc creator/4.4/psoc creator/import/gnu/arm/5.4.1/bin/../lib/gcc/arm-none-eabi/5.4.1/armv7-m/crtn.o
                0x00004af4                . = ALIGN (0x4)
                0x00004af4                __preinit_array_start = .
 *(.preinit_array)
                0x00004af4                __preinit_array_end = .
                0x00004af4                . = ALIGN (0x4)
                0x00004af4                __init_array_start = .
 *(SORT(.init_array.*))
 *(.init_array)
 .init_array    0x00004af4        0x4 c:/program files (x86)/cypress/psoc creator/4.4/psoc creator/import/gnu/arm/5.4.1/bin/../lib/gcc/arm-none-eabi/5.4.1/armv7-m/crtbegin.o
 .init_array    0x00004af8        0x4 .\CortexM3\ARM_GCC_541\Debug\Cm3Start.o
                0x00004afc                __init_array_end = .
                0x00004afc                . = ALIGN (0x4)
 *(.fini)
 .fini          0x00004afc        0x4 c:/program files (x86)/cypress/psoc creator/4.4/psoc creator/import/gnu/arm/5.4.1/bin/../lib/gcc/arm-none-eabi/5.4.1/armv7-m/crti.o
                0x00004afc                _fini
 .fini          0x00004b00        0x8 c:/program files (x86)/cypress/psoc creator/4.4/psoc creator/import/gnu/arm/5.4.1/bin/../lib/gcc/arm-none-eabi/5.4.1/armv7-m/crtn.o
                0x00004b08                . = ALIGN (0x4)
                0x00004b08                __fini_array_start = .
 *(.fini_array)
 .fini_array    0x00004b08        0x4 c:/program files (x86)/cypress/psoc creator/4.4/psoc creator/import/gnu/arm/5.4.1/bin/../lib/gcc/arm-none-eabi/5.4.1/armv7-m/crtbegin.o
 *(SORT(.fini_array.*))
                0x00004b0c                __fini_array_end = .
                0x00004b0c                . = ALIGN (0x4)
 *crtbegin.o(.ctors)
 *(EXCLUDE_FILE(*crtend.o) .ctors)
 *(SORT(.ctors.*))
 *crtend.o(.ctors)
                0x00004b0c                . = ALIGN (0x4)
 *crtbegin.o(.dtors)
 *(EXCLUDE_FILE(*crtend.o) .dtors)
 *(SORT(.dtors.*))
 *crtend.o(.dtors)
                0x00004b0c                . = ALIGN (0x4)
                0x00004b0c                __cy_regions = .
                0x00004b0c        0x4 LONG 0x4b20 __cy_region_init_ram
                0x00004b10        0x4 LONG 0x1fff80c8 __cy_region_start_data
                0x00004b14        0x4 LONG 0x80 __cy_region_init_size_ram
                0x00004b18        0x4 LONG 0x9cb0 __cy_region_zero_size_ram
                0x00004b1c                __cy_regions_end = .
                0x00004b20                . = ALIGN (0x8)
 *fill*         0x00004b1c        0x4 
                0x00004b20                _etext = .

.cy_checksum_exclude
                0x00004b20        0x0
 *(.cy_checksum_exclude)

.ramvectors     0x1fff8000       0xc0
                0x1fff8000                __cy_region_start_ram = .
 *(.ramvectors)
 .ramvectors    0x1fff8000       0xc0 .\CortexM3\ARM_GCC_541\Debug\Cm3Start.o
                0x1fff8000                CyRamVectors

.noinit         0x1fff80c0        0x1
 *(.noinit)
 .noinit        0x1fff80c0        0x1 .\CortexM3\ARM_GCC_541\Debug\Glimball.a(CyLib.o)
                0x1fff80c0                CyResetStatus

.data           0x1fff80c8       0x80 load address 0x00004b20
                0x1fff80c8                __cy_region_start_data = .
 *(.jcr)
 .jcr           0x1fff80c8        0x0 c:/program files (x86)/cypress/psoc creator/4.4/psoc creator/import/gnu/arm/5.4.1/bin/../lib/gcc/arm-none-eabi/5.4.1/armv7-m/crtbegin.o
 .jcr           0x1fff80c8        0x4 c:/program files (x86)/cypress/psoc creator/4.4/psoc creator/import/gnu/arm/5.4.1/bin/../lib/gcc/arm-none-eabi/5.4.1/armv7-m/crtend.o
 *(.got.plt)
 *(.got)
 *(.shdata)
 *(.data .data.* .gnu.linkonce.d.*)
 .data          0x1fff80cc        0x4 .\CortexM3\ARM_GCC_541\Debug\Cm3Start.o
 .data          0x1fff80d0       0x10 .\CortexM3\ARM_GCC_541\Debug\Glimball.a(CyLib.o)
                0x1fff80d0                cydelay_32k_ms
                0x1fff80d4                cydelay_freq_khz
                0x1fff80d8                cydelay_freq_mhz
                0x1fff80dc                cydelay_freq_hz
 .data          0x1fff80e0        0x1 .\CortexM3\ARM_GCC_541\Debug\Glimball.a(ADC.o)
                0x1fff80e0                ADC_Config
 .data          0x1fff80e1        0x1 .\CortexM3\ARM_GCC_541\Debug\Glimball.a(ADC_AMux.o)
 .data          0x1fff80e2        0x1 .\CortexM3\ARM_GCC_541\Debug\Glimball.a(Mux.o)
 *fill*         0x1fff80e3        0x1 
 .data.impure_data
                0x1fff80e4       0x60 c:/program files (x86)/cypress/psoc creator/4.4/psoc creator/import/gnu/arm/5.4.1/bin/../lib/gcc/arm-none-eabi/5.4.1/../../../../arm-none-eabi/lib/armv7-m\libg_nano.a(lib_a-impure.o)
 .data._impure_ptr
                0x1fff8144        0x4 c:/program files (x86)/cypress/psoc creator/4.4/psoc creator/import/gnu/arm/5.4.1/bin/../lib/gcc/arm-none-eabi/5.4.1/../../../../arm-none-eabi/lib/armv7-m\libg_nano.a(lib_a-impure.o)
                0x1fff8144                _impure_ptr
                0x1fff8148                . = ALIGN (0x8)
 *(.ram)
                0x1fff8148                _edata = .

.igot.plt       0x1fff8148        0x0 load address 0x00004ba0
 .igot.plt      0x1fff8148        0x0 c:/program files (x86)/cypress/psoc creator/4.4/psoc creator/import/gnu/arm/5.4.1/bin/../lib/gcc/arm-none-eabi/5.4.1/armv7-m/crtbegin.o

.bss            0x1fff8148     0x9cb0 load address 0x00004ba0
                0x1fff8148                PROVIDE (__bss_start__, .)
 *(.shbss)
 *(.bss .bss.* .gnu.linkonce.b.*)
 .bss           0x1fff8148       0x1c c:/program files (x86)/cypress/psoc creator/4.4/psoc creator/import/gnu/arm/5.4.1/bin/../lib/gcc/arm-none-eabi/5.4.1/armv7-m/crtbegin.o
 .bss           0x1fff8164       0x20 .\CortexM3\ARM_GCC_541\Debug\functions.o
                0x1fff8164                iterator
                0x1fff8168                step
                0x1fff816c                angle_buffer
                0x1fff8178                mode
                0x1fff817c                test_mode
                0x1fff8180                buffer_index
 .bss           0x1fff8184        0x2 .\CortexM3\ARM_GCC_541\Debug\Glimball.a(LCD.o)
                0x1fff8184                LCD_enableState
                0x1fff8185                LCD_initVar
 *fill*         0x1fff8186        0x2 
 .bss           0x1fff8188       0x18 .\CortexM3\ARM_GCC_541\Debug\Glimball.a(ADC.o)
                0x1fff8198                ADC_stopConversion
                0x1fff8199                ADC_convDone
                0x1fff819a                ADC_initVar
                0x1fff819b                ADC_started
                0x1fff819c                ADC_Offset
 .bss           0x1fff81a0        0x1 .\CortexM3\ARM_GCC_541\Debug\Glimball.a(PWM.o)
                0x1fff81a0                PWM_initVar
 .bss           0x1fff81a1        0x1 .\CortexM3\ARM_GCC_541\Debug\Glimball.a(Timer.o)
                0x1fff81a1                Timer_initVar
 .bss           0x1fff81a2        0x1 .\CortexM3\ARM_GCC_541\Debug\Glimball.a(VDAC.o)
                0x1fff81a2                VDAC_initVar
 .bss           0x1fff81a3        0x2 .\CortexM3\ARM_GCC_541\Debug\Glimball.a(UART.o)
                0x1fff81a3                UART_initVar
 *fill*         0x1fff81a5        0x3 
 .bss.__malloc_sbrk_start
                0x1fff81a8        0x4 c:/program files (x86)/cypress/psoc creator/4.4/psoc creator/import/gnu/arm/5.4.1/bin/../lib/gcc/arm-none-eabi/5.4.1/../../../../arm-none-eabi/lib/armv7-m\libg_nano.a(lib_a-nano-mallocr.o)
                0x1fff81a8                __malloc_sbrk_start
 .bss.__malloc_free_list
                0x1fff81ac        0x4 c:/program files (x86)/cypress/psoc creator/4.4/psoc creator/import/gnu/arm/5.4.1/bin/../lib/gcc/arm-none-eabi/5.4.1/../../../../arm-none-eabi/lib/armv7-m\libg_nano.a(lib_a-nano-mallocr.o)
                0x1fff81ac                __malloc_free_list
 *(COMMON)
 COMMON         0x1fff81b0     0x9c40 .\CortexM3\ARM_GCC_541\Debug\functions.o
                0x1fff81b0                sin_wave
 COMMON         0x20001df0        0x4 .\CortexM3\ARM_GCC_541\Debug\Glimball.a(ADC.o)
                0x20001df0                ADC_CountsPerVolt
 COMMON         0x20001df4        0x4 c:/program files (x86)/cypress/psoc creator/4.4/psoc creator/import/gnu/arm/5.4.1/bin/../lib/gcc/arm-none-eabi/5.4.1/../../../../arm-none-eabi/lib/armv7-m\libg_nano.a(lib_a-reent.o)
                0x20001df4                errno
                0x20001df8                . = ALIGN (0x8)
 *(.ram.b)
                0x20001df8                _end = .
                0x20001df8                __end = .
                0x20001df8                PROVIDE (end, .)
                0x20001df8                PROVIDE (__bss_end__, .)
                0x00004b20                __cy_region_init_ram = LOADADDR (.data)
                0x00000080                __cy_region_init_size_ram = (_edata - ADDR (.data))
                0x00009cb0                __cy_region_zero_size_ram = (_end - _edata)

.heap           0x20001df8       0x80 load address 0x00004ba0
                0x20001df8                . = _end
                0x20001e78                . = (. + 0x80)
 *fill*         0x20001df8       0x80 
                0x20001e78                __cy_heap_limit = .

.stack          0x20007800      0x800
                0x20007800                __cy_stack_limit = .
                0x20008000                . = (. + 0x800)
 *fill*         0x20007800      0x800 
                0x00000001                ASSERT ((__cy_stack_limit >= __cy_heap_limit), region RAM overflowed with stack)
                0x00000000                cy_checksum_exclude_size = (CY_APPL_LOADABLE == 0x1)?SIZEOF (.cy_checksum_exclude):0x0
                0x00000001                ASSERT ((cy_checksum_exclude_size <= CY_CHECKSUM_EXCLUDE_SIZE), CY_BOOT: Section .cy_checksum_exclude size exceedes specified limit.)

.cyloadermeta
 *(.cyloadermeta)

.cyloadablemeta
 *(.cyloadablemeta)

.cyconfigecc    0x80000000      0x540
 *(.cyconfigecc)
 .cyconfigecc   0x80000000      0x540 .\CortexM3\ARM_GCC_541\Debug\cymetadata.o
                0x80000000                cy_meta_configecc

.cycustnvl      0x90000000        0x4
 *(.cycustnvl)
 .cycustnvl     0x90000000        0x4 .\CortexM3\ARM_GCC_541\Debug\cymetadata.o
                0x90000000                cy_meta_custnvl

.cywolatch      0x90100000        0x4
 *(.cywolatch)
 .cywolatch     0x90100000        0x4 .\CortexM3\ARM_GCC_541\Debug\cymetadata.o
                0x90100000                cy_meta_wonvl

.cyeeprom       0x90200000        0x0
 *(.cyeeprom)
                0x00000001                ASSERT ((. <= ((0x90200000 + ee_offset) + ee_size)), .cyeeprom data will not fit in EEPROM)

.cyflashprotect
                0x90400000      0x100
 *(.cyflashprotect)
 .cyflashprotect
                0x90400000      0x100 .\CortexM3\ARM_GCC_541\Debug\cymetadata.o
                0x90400000                cy_meta_flashprotect

.cymeta         0x90500000        0xc
 *(.cymeta)
 .cymeta        0x90500000        0xc .\CortexM3\ARM_GCC_541\Debug\cymetadata.o
                0x90500000                cy_metadata

.rel.dyn        0x00004ba0        0x0 load address 0x9050000c
 .rel.iplt      0x00004ba0        0x0 c:/program files (x86)/cypress/psoc creator/4.4/psoc creator/import/gnu/arm/5.4.1/bin/../lib/gcc/arm-none-eabi/5.4.1/armv7-m/crtbegin.o

.stab
 *(.stab)

.stabstr
 *(.stabstr)

.debug
 *(.debug)

.line
 *(.line)

.debug_srcinfo
 *(.debug_srcinfo)

.debug_sfnames
 *(.debug_sfnames)

.debug_aranges  0x00000000     0x1028
 *(.debug_aranges)
 .debug_aranges
                0x00000000       0x20 .\CortexM3\ARM_GCC_541\Debug\main.o
 .debug_aranges
                0x00000020       0xf0 .\CortexM3\ARM_GCC_541\Debug\functions.o
 .debug_aranges
                0x00000110       0x28 .\CortexM3\ARM_GCC_541\Debug\keypad.o
 .debug_aranges
                0x00000138       0x78 .\CortexM3\ARM_GCC_541\Debug\cyfitter_cfg.o
 .debug_aranges
                0x000001b0       0x18 .\CortexM3\ARM_GCC_541\Debug\cymetadata.o
 .debug_aranges
                0x000001c8       0x48 .\CortexM3\ARM_GCC_541\Debug\Cm3Start.o
 .debug_aranges
                0x00000210      0x2a0 .\CortexM3\ARM_GCC_541\Debug\Glimball.a(CyLib.o)
 .debug_aranges
                0x000004b0       0x98 .\CortexM3\ARM_GCC_541\Debug\Glimball.a(cyPm.o)
 .debug_aranges
                0x00000548       0x38 .\CortexM3\ARM_GCC_541\Debug\Glimball.a(LED1.o)
 .debug_aranges
                0x00000580       0x38 .\CortexM3\ARM_GCC_541\Debug\Glimball.a(LED2.o)
 .debug_aranges
                0x000005b8       0x38 .\CortexM3\ARM_GCC_541\Debug\Glimball.a(LED3.o)
 .debug_aranges
                0x000005f0       0x38 .\CortexM3\ARM_GCC_541\Debug\Glimball.a(LED4.o)
 .debug_aranges
                0x00000628       0x38 .\CortexM3\ARM_GCC_541\Debug\Glimball.a(SW1.o)
 .debug_aranges
                0x00000660       0x38 .\CortexM3\ARM_GCC_541\Debug\Glimball.a(SW2.o)
 .debug_aranges
                0x00000698       0x98 .\CortexM3\ARM_GCC_541\Debug\Glimball.a(LCD.o)
 .debug_aranges
                0x00000730       0x38 .\CortexM3\ARM_GCC_541\Debug\Glimball.a(ROW0.o)
 .debug_aranges
                0x00000768       0x38 .\CortexM3\ARM_GCC_541\Debug\Glimball.a(ROW1.o)
 .debug_aranges
                0x000007a0       0x38 .\CortexM3\ARM_GCC_541\Debug\Glimball.a(ROW2.o)
 .debug_aranges
                0x000007d8       0x38 .\CortexM3\ARM_GCC_541\Debug\Glimball.a(ROW3.o)
 .debug_aranges
                0x00000810       0x38 .\CortexM3\ARM_GCC_541\Debug\Glimball.a(COL1.o)
 .debug_aranges
                0x00000848       0x38 .\CortexM3\ARM_GCC_541\Debug\Glimball.a(COL2.o)
 .debug_aranges
                0x00000880       0x38 .\CortexM3\ARM_GCC_541\Debug\Glimball.a(COL3.o)
 .debug_aranges
                0x000008b8       0xe8 .\CortexM3\ARM_GCC_541\Debug\Glimball.a(ADC.o)
 .debug_aranges
                0x000009a0       0x38 .\CortexM3\ARM_GCC_541\Debug\Glimball.a(ADC_INT.o)
 .debug_aranges
                0x000009d8       0x98 .\CortexM3\ARM_GCC_541\Debug\Glimball.a(PWM.o)
 .debug_aranges
                0x00000a70       0x70 .\CortexM3\ARM_GCC_541\Debug\Glimball.a(ADC_Ext_CP_Clk.o)
 .debug_aranges
                0x00000ae0       0x80 .\CortexM3\ARM_GCC_541\Debug\Glimball.a(ADC_theACLK.o)
 .debug_aranges
                0x00000b60       0x30 .\CortexM3\ARM_GCC_541\Debug\Glimball.a(ADC_AMux.o)
 .debug_aranges
                0x00000b90       0x30 .\CortexM3\ARM_GCC_541\Debug\Glimball.a(Mux.o)
 .debug_aranges
                0x00000bc0       0x88 .\CortexM3\ARM_GCC_541\Debug\Glimball.a(Timer.o)
 .debug_aranges
                0x00000c48       0x58 .\CortexM3\ARM_GCC_541\Debug\Glimball.a(VDAC.o)
 .debug_aranges
                0x00000ca0       0x80 .\CortexM3\ARM_GCC_541\Debug\Glimball.a(ISR_SOUND.o)
 .debug_aranges
                0x00000d20       0xf0 .\CortexM3\ARM_GCC_541\Debug\Glimball.a(UART.o)
 .debug_aranges
                0x00000e10       0x70 .\CortexM3\ARM_GCC_541\Debug\Glimball.a(UART_IntClock.o)
 .debug_aranges
                0x00000e80       0x80 .\CortexM3\ARM_GCC_541\Debug\Glimball.a(isr_uart.o)
 .debug_aranges
                0x00000f00       0x20 .\CortexM3\ARM_GCC_541\Debug\Glimball.a(CyBootAsmGnu.o)
 .debug_aranges
                0x00000f20       0x88 .\CortexM3\ARM_GCC_541\Debug\Glimball.a(CyFlash.o)
 .debug_aranges
                0x00000fa8       0x80 .\CortexM3\ARM_GCC_541\Debug\Glimball.a(CySpc.o)

.debug_pubnames
 *(.debug_pubnames)

.debug_info     0x00000000     0x8888
 *(.debug_info .gnu.linkonce.wi.*)
 .debug_info    0x00000000      0x10c .\CortexM3\ARM_GCC_541\Debug\main.o
 .debug_info    0x0000010c      0xddc .\CortexM3\ARM_GCC_541\Debug\functions.o
 .debug_info    0x00000ee8      0x380 .\CortexM3\ARM_GCC_541\Debug\keypad.o
 .debug_info    0x00001268      0x6a8 .\CortexM3\ARM_GCC_541\Debug\cyfitter_cfg.o
 .debug_info    0x00001910      0x136 .\CortexM3\ARM_GCC_541\Debug\cymetadata.o
 .debug_info    0x00001a46      0x3bb .\CortexM3\ARM_GCC_541\Debug\Cm3Start.o
 .debug_info    0x00001e01     0x1374 .\CortexM3\ARM_GCC_541\Debug\Glimball.a(CyLib.o)
 .debug_info    0x00003175      0xa2a .\CortexM3\ARM_GCC_541\Debug\Glimball.a(cyPm.o)
 .debug_info    0x00003b9f      0x11f .\CortexM3\ARM_GCC_541\Debug\Glimball.a(LED1.o)
 .debug_info    0x00003cbe      0x11f .\CortexM3\ARM_GCC_541\Debug\Glimball.a(LED2.o)
 .debug_info    0x00003ddd      0x11f .\CortexM3\ARM_GCC_541\Debug\Glimball.a(LED3.o)
 .debug_info    0x00003efc      0x11f .\CortexM3\ARM_GCC_541\Debug\Glimball.a(LED4.o)
 .debug_info    0x0000401b      0x11f .\CortexM3\ARM_GCC_541\Debug\Glimball.a(SW1.o)
 .debug_info    0x0000413a      0x11f .\CortexM3\ARM_GCC_541\Debug\Glimball.a(SW2.o)
 .debug_info    0x00004259      0x715 .\CortexM3\ARM_GCC_541\Debug\Glimball.a(LCD.o)
 .debug_info    0x0000496e      0x11f .\CortexM3\ARM_GCC_541\Debug\Glimball.a(ROW0.o)
 .debug_info    0x00004a8d      0x11f .\CortexM3\ARM_GCC_541\Debug\Glimball.a(ROW1.o)
 .debug_info    0x00004bac      0x11f .\CortexM3\ARM_GCC_541\Debug\Glimball.a(ROW2.o)
 .debug_info    0x00004ccb      0x11f .\CortexM3\ARM_GCC_541\Debug\Glimball.a(ROW3.o)
 .debug_info    0x00004dea      0x11f .\CortexM3\ARM_GCC_541\Debug\Glimball.a(COL1.o)
 .debug_info    0x00004f09      0x11f .\CortexM3\ARM_GCC_541\Debug\Glimball.a(COL2.o)
 .debug_info    0x00005028      0x11f .\CortexM3\ARM_GCC_541\Debug\Glimball.a(COL3.o)
 .debug_info    0x00005147      0xbee .\CortexM3\ARM_GCC_541\Debug\Glimball.a(ADC.o)
 .debug_info    0x00005d35       0xd3 .\CortexM3\ARM_GCC_541\Debug\Glimball.a(ADC_INT.o)
 .debug_info    0x00005e08      0x354 .\CortexM3\ARM_GCC_541\Debug\Glimball.a(PWM.o)
 .debug_info    0x0000615c      0x283 .\CortexM3\ARM_GCC_541\Debug\Glimball.a(ADC_Ext_CP_Clk.o)
 .debug_info    0x000063df      0x2c4 .\CortexM3\ARM_GCC_541\Debug\Glimball.a(ADC_theACLK.o)
 .debug_info    0x000066a3      0x165 .\CortexM3\ARM_GCC_541\Debug\Glimball.a(ADC_AMux.o)
 .debug_info    0x00006808      0x165 .\CortexM3\ARM_GCC_541\Debug\Glimball.a(Mux.o)
 .debug_info    0x0000696d      0x295 .\CortexM3\ARM_GCC_541\Debug\Glimball.a(Timer.o)
 .debug_info    0x00006c02      0x1e0 .\CortexM3\ARM_GCC_541\Debug\Glimball.a(VDAC.o)
 .debug_info    0x00006de2      0x2d2 .\CortexM3\ARM_GCC_541\Debug\Glimball.a(ISR_SOUND.o)
 .debug_info    0x000070b4      0x60c .\CortexM3\ARM_GCC_541\Debug\Glimball.a(UART.o)
 .debug_info    0x000076c0      0x283 .\CortexM3\ARM_GCC_541\Debug\Glimball.a(UART_IntClock.o)
 .debug_info    0x00007943      0x2d2 .\CortexM3\ARM_GCC_541\Debug\Glimball.a(isr_uart.o)
 .debug_info    0x00007c15       0xd6 .\CortexM3\ARM_GCC_541\Debug\Glimball.a(CyBootAsmGnu.o)
 .debug_info    0x00007ceb      0x64d .\CortexM3\ARM_GCC_541\Debug\Glimball.a(CyFlash.o)
 .debug_info    0x00008338      0x550 .\CortexM3\ARM_GCC_541\Debug\Glimball.a(CySpc.o)

.debug_abbrev   0x00000000     0x26b2
 *(.debug_abbrev)
 .debug_abbrev  0x00000000       0x8a .\CortexM3\ARM_GCC_541\Debug\main.o
 .debug_abbrev  0x0000008a      0x230 .\CortexM3\ARM_GCC_541\Debug\functions.o
 .debug_abbrev  0x000002ba       0xc5 .\CortexM3\ARM_GCC_541\Debug\keypad.o
 .debug_abbrev  0x0000037f      0x21e .\CortexM3\ARM_GCC_541\Debug\cyfitter_cfg.o
 .debug_abbrev  0x0000059d       0x77 .\CortexM3\ARM_GCC_541\Debug\cymetadata.o
 .debug_abbrev  0x00000614      0x1e8 .\CortexM3\ARM_GCC_541\Debug\Cm3Start.o
 .debug_abbrev  0x000007fc      0x254 .\CortexM3\ARM_GCC_541\Debug\Glimball.a(CyLib.o)
 .debug_abbrev  0x00000a50      0x1ab .\CortexM3\ARM_GCC_541\Debug\Glimball.a(cyPm.o)
 .debug_abbrev  0x00000bfb       0x90 .\CortexM3\ARM_GCC_541\Debug\Glimball.a(LED1.o)
 .debug_abbrev  0x00000c8b       0x90 .\CortexM3\ARM_GCC_541\Debug\Glimball.a(LED2.o)
 .debug_abbrev  0x00000d1b       0x90 .\CortexM3\ARM_GCC_541\Debug\Glimball.a(LED3.o)
 .debug_abbrev  0x00000dab       0x90 .\CortexM3\ARM_GCC_541\Debug\Glimball.a(LED4.o)
 .debug_abbrev  0x00000e3b       0x90 .\CortexM3\ARM_GCC_541\Debug\Glimball.a(SW1.o)
 .debug_abbrev  0x00000ecb       0x90 .\CortexM3\ARM_GCC_541\Debug\Glimball.a(SW2.o)
 .debug_abbrev  0x00000f5b      0x157 .\CortexM3\ARM_GCC_541\Debug\Glimball.a(LCD.o)
 .debug_abbrev  0x000010b2       0x90 .\CortexM3\ARM_GCC_541\Debug\Glimball.a(ROW0.o)
 .debug_abbrev  0x00001142       0x90 .\CortexM3\ARM_GCC_541\Debug\Glimball.a(ROW1.o)
 .debug_abbrev  0x000011d2       0x90 .\CortexM3\ARM_GCC_541\Debug\Glimball.a(ROW2.o)
 .debug_abbrev  0x00001262       0x90 .\CortexM3\ARM_GCC_541\Debug\Glimball.a(ROW3.o)
 .debug_abbrev  0x000012f2       0x90 .\CortexM3\ARM_GCC_541\Debug\Glimball.a(COL1.o)
 .debug_abbrev  0x00001382       0x90 .\CortexM3\ARM_GCC_541\Debug\Glimball.a(COL2.o)
 .debug_abbrev  0x00001412       0x90 .\CortexM3\ARM_GCC_541\Debug\Glimball.a(COL3.o)
 .debug_abbrev  0x000014a2      0x1eb .\CortexM3\ARM_GCC_541\Debug\Glimball.a(ADC.o)
 .debug_abbrev  0x0000168d       0x42 .\CortexM3\ARM_GCC_541\Debug\Glimball.a(ADC_INT.o)
 .debug_abbrev  0x000016cf      0x133 .\CortexM3\ARM_GCC_541\Debug\Glimball.a(PWM.o)
 .debug_abbrev  0x00001802      0x139 .\CortexM3\ARM_GCC_541\Debug\Glimball.a(ADC_Ext_CP_Clk.o)
 .debug_abbrev  0x0000193b      0x121 .\CortexM3\ARM_GCC_541\Debug\Glimball.a(ADC_theACLK.o)
 .debug_abbrev  0x00001a5c       0xb1 .\CortexM3\ARM_GCC_541\Debug\Glimball.a(ADC_AMux.o)
 .debug_abbrev  0x00001b0d       0xb1 .\CortexM3\ARM_GCC_541\Debug\Glimball.a(Mux.o)
 .debug_abbrev  0x00001bbe      0x11a .\CortexM3\ARM_GCC_541\Debug\Glimball.a(Timer.o)
 .debug_abbrev  0x00001cd8       0xf7 .\CortexM3\ARM_GCC_541\Debug\Glimball.a(VDAC.o)
 .debug_abbrev  0x00001dcf      0x173 .\CortexM3\ARM_GCC_541\Debug\Glimball.a(ISR_SOUND.o)
 .debug_abbrev  0x00001f42      0x175 .\CortexM3\ARM_GCC_541\Debug\Glimball.a(UART.o)
 .debug_abbrev  0x000020b7      0x139 .\CortexM3\ARM_GCC_541\Debug\Glimball.a(UART_IntClock.o)
 .debug_abbrev  0x000021f0      0x173 .\CortexM3\ARM_GCC_541\Debug\Glimball.a(isr_uart.o)
 .debug_abbrev  0x00002363       0x14 .\CortexM3\ARM_GCC_541\Debug\Glimball.a(CyBootAsmGnu.o)
 .debug_abbrev  0x00002377      0x1a7 .\CortexM3\ARM_GCC_541\Debug\Glimball.a(CyFlash.o)
 .debug_abbrev  0x0000251e      0x194 .\CortexM3\ARM_GCC_541\Debug\Glimball.a(CySpc.o)

.debug_line     0x00000000     0x3b32
 *(.debug_line)
 .debug_line    0x00000000      0x171 .\CortexM3\ARM_GCC_541\Debug\main.o
 .debug_line    0x00000171      0x589 .\CortexM3\ARM_GCC_541\Debug\functions.o
 .debug_line    0x000006fa      0x1ec .\CortexM3\ARM_GCC_541\Debug\keypad.o
 .debug_line    0x000008e6      0x238 .\CortexM3\ARM_GCC_541\Debug\cyfitter_cfg.o
 .debug_line    0x00000b1e      0x141 .\CortexM3\ARM_GCC_541\Debug\cymetadata.o
 .debug_line    0x00000c5f      0x234 .\CortexM3\ARM_GCC_541\Debug\Cm3Start.o
 .debug_line    0x00000e93      0x816 .\CortexM3\ARM_GCC_541\Debug\Glimball.a(CyLib.o)
 .debug_line    0x000016a9      0x367 .\CortexM3\ARM_GCC_541\Debug\Glimball.a(cyPm.o)
 .debug_line    0x00001a10       0x91 .\CortexM3\ARM_GCC_541\Debug\Glimball.a(LED1.o)
 .debug_line    0x00001aa1       0x91 .\CortexM3\ARM_GCC_541\Debug\Glimball.a(LED2.o)
 .debug_line    0x00001b32       0x91 .\CortexM3\ARM_GCC_541\Debug\Glimball.a(LED3.o)
 .debug_line    0x00001bc3       0x91 .\CortexM3\ARM_GCC_541\Debug\Glimball.a(LED4.o)
 .debug_line    0x00001c54       0x90 .\CortexM3\ARM_GCC_541\Debug\Glimball.a(SW1.o)
 .debug_line    0x00001ce4       0x90 .\CortexM3\ARM_GCC_541\Debug\Glimball.a(SW2.o)
 .debug_line    0x00001d74      0x1dc .\CortexM3\ARM_GCC_541\Debug\Glimball.a(LCD.o)
 .debug_line    0x00001f50       0x91 .\CortexM3\ARM_GCC_541\Debug\Glimball.a(ROW0.o)
 .debug_line    0x00001fe1       0x91 .\CortexM3\ARM_GCC_541\Debug\Glimball.a(ROW1.o)
 .debug_line    0x00002072       0x91 .\CortexM3\ARM_GCC_541\Debug\Glimball.a(ROW2.o)
 .debug_line    0x00002103       0x91 .\CortexM3\ARM_GCC_541\Debug\Glimball.a(ROW3.o)
 .debug_line    0x00002194       0x91 .\CortexM3\ARM_GCC_541\Debug\Glimball.a(COL1.o)
 .debug_line    0x00002225       0x91 .\CortexM3\ARM_GCC_541\Debug\Glimball.a(COL2.o)
 .debug_line    0x000022b6       0x91 .\CortexM3\ARM_GCC_541\Debug\Glimball.a(COL3.o)
 .debug_line    0x00002347      0x3c1 .\CortexM3\ARM_GCC_541\Debug\Glimball.a(ADC.o)
 .debug_line    0x00002708       0x80 .\CortexM3\ARM_GCC_541\Debug\Glimball.a(ADC_INT.o)
 .debug_line    0x00002788      0x186 .\CortexM3\ARM_GCC_541\Debug\Glimball.a(PWM.o)
 .debug_line    0x0000290e      0x17d .\CortexM3\ARM_GCC_541\Debug\Glimball.a(ADC_Ext_CP_Clk.o)
 .debug_line    0x00002a8b      0x19d .\CortexM3\ARM_GCC_541\Debug\Glimball.a(ADC_theACLK.o)
 .debug_line    0x00002c28       0xac .\CortexM3\ARM_GCC_541\Debug\Glimball.a(ADC_AMux.o)
 .debug_line    0x00002cd4       0xa7 .\CortexM3\ARM_GCC_541\Debug\Glimball.a(Mux.o)
 .debug_line    0x00002d7b      0x153 .\CortexM3\ARM_GCC_541\Debug\Glimball.a(Timer.o)
 .debug_line    0x00002ece       0xe1 .\CortexM3\ARM_GCC_541\Debug\Glimball.a(VDAC.o)
 .debug_line    0x00002faf      0x136 .\CortexM3\ARM_GCC_541\Debug\Glimball.a(ISR_SOUND.o)
 .debug_line    0x000030e5      0x2bc .\CortexM3\ARM_GCC_541\Debug\Glimball.a(UART.o)
 .debug_line    0x000033a1      0x17c .\CortexM3\ARM_GCC_541\Debug\Glimball.a(UART_IntClock.o)
 .debug_line    0x0000351d      0x135 .\CortexM3\ARM_GCC_541\Debug\Glimball.a(isr_uart.o)
 .debug_line    0x00003652       0x66 .\CortexM3\ARM_GCC_541\Debug\Glimball.a(CyBootAsmGnu.o)
 .debug_line    0x000036b8      0x21a .\CortexM3\ARM_GCC_541\Debug\Glimball.a(CyFlash.o)
 .debug_line    0x000038d2      0x260 .\CortexM3\ARM_GCC_541\Debug\Glimball.a(CySpc.o)

.debug_frame    0x00000000     0x2b6c
 *(.debug_frame)
 .debug_frame   0x00000000       0x2c .\CortexM3\ARM_GCC_541\Debug\main.o
 .debug_frame   0x0000002c      0x338 .\CortexM3\ARM_GCC_541\Debug\functions.o
 .debug_frame   0x00000364       0x48 .\CortexM3\ARM_GCC_541\Debug\keypad.o
 .debug_frame   0x000003ac      0x13c .\CortexM3\ARM_GCC_541\Debug\cyfitter_cfg.o
 .debug_frame   0x000004e8       0xb8 .\CortexM3\ARM_GCC_541\Debug\Cm3Start.o
 .debug_frame   0x000005a0      0x738 .\CortexM3\ARM_GCC_541\Debug\Glimball.a(CyLib.o)
 .debug_frame   0x00000cd8      0x1f8 .\CortexM3\ARM_GCC_541\Debug\Glimball.a(cyPm.o)
 .debug_frame   0x00000ed0       0x50 .\CortexM3\ARM_GCC_541\Debug\Glimball.a(LED1.o)
 .debug_frame   0x00000f20       0x50 .\CortexM3\ARM_GCC_541\Debug\Glimball.a(LED2.o)
 .debug_frame   0x00000f70       0x50 .\CortexM3\ARM_GCC_541\Debug\Glimball.a(LED3.o)
 .debug_frame   0x00000fc0       0x50 .\CortexM3\ARM_GCC_541\Debug\Glimball.a(LED4.o)
 .debug_frame   0x00001010       0x50 .\CortexM3\ARM_GCC_541\Debug\Glimball.a(SW1.o)
 .debug_frame   0x00001060       0x50 .\CortexM3\ARM_GCC_541\Debug\Glimball.a(SW2.o)
 .debug_frame   0x000010b0      0x1e8 .\CortexM3\ARM_GCC_541\Debug\Glimball.a(LCD.o)
 .debug_frame   0x00001298       0x50 .\CortexM3\ARM_GCC_541\Debug\Glimball.a(ROW0.o)
 .debug_frame   0x000012e8       0x50 .\CortexM3\ARM_GCC_541\Debug\Glimball.a(ROW1.o)
 .debug_frame   0x00001338       0x50 .\CortexM3\ARM_GCC_541\Debug\Glimball.a(ROW2.o)
 .debug_frame   0x00001388       0x50 .\CortexM3\ARM_GCC_541\Debug\Glimball.a(ROW3.o)
 .debug_frame   0x000013d8       0x50 .\CortexM3\ARM_GCC_541\Debug\Glimball.a(COL1.o)
 .debug_frame   0x00001428       0x50 .\CortexM3\ARM_GCC_541\Debug\Glimball.a(COL2.o)
 .debug_frame   0x00001478       0x50 .\CortexM3\ARM_GCC_541\Debug\Glimball.a(COL3.o)
 .debug_frame   0x000014c8      0x284 .\CortexM3\ARM_GCC_541\Debug\Glimball.a(ADC.o)
 .debug_frame   0x0000174c       0x50 .\CortexM3\ARM_GCC_541\Debug\Glimball.a(ADC_INT.o)
 .debug_frame   0x0000179c      0x134 .\CortexM3\ARM_GCC_541\Debug\Glimball.a(PWM.o)
 .debug_frame   0x000018d0       0xe0 .\CortexM3\ARM_GCC_541\Debug\Glimball.a(ADC_Ext_CP_Clk.o)
 .debug_frame   0x000019b0      0x100 .\CortexM3\ARM_GCC_541\Debug\Glimball.a(ADC_theACLK.o)
 .debug_frame   0x00001ab0       0x64 .\CortexM3\ARM_GCC_541\Debug\Glimball.a(ADC_AMux.o)
 .debug_frame   0x00001b14       0x64 .\CortexM3\ARM_GCC_541\Debug\Glimball.a(Mux.o)
 .debug_frame   0x00001b78      0x108 .\CortexM3\ARM_GCC_541\Debug\Glimball.a(Timer.o)
 .debug_frame   0x00001c80       0xb4 .\CortexM3\ARM_GCC_541\Debug\Glimball.a(VDAC.o)
 .debug_frame   0x00001d34      0x104 .\CortexM3\ARM_GCC_541\Debug\Glimball.a(ISR_SOUND.o)
 .debug_frame   0x00001e38      0x250 .\CortexM3\ARM_GCC_541\Debug\Glimball.a(UART.o)
 .debug_frame   0x00002088       0xe0 .\CortexM3\ARM_GCC_541\Debug\Glimball.a(UART_IntClock.o)
 .debug_frame   0x00002168      0x104 .\CortexM3\ARM_GCC_541\Debug\Glimball.a(isr_uart.o)
 .debug_frame   0x0000226c      0x194 .\CortexM3\ARM_GCC_541\Debug\Glimball.a(CyFlash.o)
 .debug_frame   0x00002400      0x180 .\CortexM3\ARM_GCC_541\Debug\Glimball.a(CySpc.o)
 .debug_frame   0x00002580       0x38 c:/program files (x86)/cypress/psoc creator/4.4/psoc creator/import/gnu/arm/5.4.1/bin/../lib/gcc/arm-none-eabi/5.4.1/../../../../arm-none-eabi/lib/armv7-m\libm.a(lib_a-s_sin.o)
 .debug_frame   0x000025b8       0x48 c:/program files (x86)/cypress/psoc creator/4.4/psoc creator/import/gnu/arm/5.4.1/bin/../lib/gcc/arm-none-eabi/5.4.1/../../../../arm-none-eabi/lib/armv7-m\libm.a(lib_a-e_rem_pio2.o)
 .debug_frame   0x00002600       0x4c c:/program files (x86)/cypress/psoc creator/4.4/psoc creator/import/gnu/arm/5.4.1/bin/../lib/gcc/arm-none-eabi/5.4.1/../../../../arm-none-eabi/lib/armv7-m\libm.a(lib_a-k_cos.o)
 .debug_frame   0x0000264c       0x50 c:/program files (x86)/cypress/psoc creator/4.4/psoc creator/import/gnu/arm/5.4.1/bin/../lib/gcc/arm-none-eabi/5.4.1/../../../../arm-none-eabi/lib/armv7-m\libm.a(lib_a-k_rem_pio2.o)
 .debug_frame   0x0000269c       0x48 c:/program files (x86)/cypress/psoc creator/4.4/psoc creator/import/gnu/arm/5.4.1/bin/../lib/gcc/arm-none-eabi/5.4.1/../../../../arm-none-eabi/lib/armv7-m\libm.a(lib_a-k_sin.o)
 .debug_frame   0x000026e4       0x20 c:/program files (x86)/cypress/psoc creator/4.4/psoc creator/import/gnu/arm/5.4.1/bin/../lib/gcc/arm-none-eabi/5.4.1/../../../../arm-none-eabi/lib/armv7-m\libm.a(lib_a-s_fabs.o)
 .debug_frame   0x00002704       0x34 c:/program files (x86)/cypress/psoc creator/4.4/psoc creator/import/gnu/arm/5.4.1/bin/../lib/gcc/arm-none-eabi/5.4.1/../../../../arm-none-eabi/lib/armv7-m\libm.a(lib_a-s_floor.o)
 .debug_frame   0x00002738       0x30 c:/program files (x86)/cypress/psoc creator/4.4/psoc creator/import/gnu/arm/5.4.1/bin/../lib/gcc/arm-none-eabi/5.4.1/../../../../arm-none-eabi/lib/armv7-m\libm.a(lib_a-s_scalbn.o)
 .debug_frame   0x00002768       0x20 c:/program files (x86)/cypress/psoc creator/4.4/psoc creator/import/gnu/arm/5.4.1/bin/../lib/gcc/arm-none-eabi/5.4.1/../../../../arm-none-eabi/lib/armv7-m\libm.a(lib_a-s_copysign.o)
 .debug_frame   0x00002788       0x20 c:/program files (x86)/cypress/psoc creator/4.4/psoc creator/import/gnu/arm/5.4.1/bin/../lib/gcc/arm-none-eabi/5.4.1/../../../../arm-none-eabi/lib/armv7-m\libg_nano.a(lib_a-errno.o)
 .debug_frame   0x000027a8       0x28 c:/program files (x86)/cypress/psoc creator/4.4/psoc creator/import/gnu/arm/5.4.1/bin/../lib/gcc/arm-none-eabi/5.4.1/../../../../arm-none-eabi/lib/armv7-m\libg_nano.a(lib_a-exit.o)
 .debug_frame   0x000027d0       0x2c c:/program files (x86)/cypress/psoc creator/4.4/psoc creator/import/gnu/arm/5.4.1/bin/../lib/gcc/arm-none-eabi/5.4.1/../../../../arm-none-eabi/lib/armv7-m\libg_nano.a(lib_a-init.o)
 .debug_frame   0x000027fc       0x28 c:/program files (x86)/cypress/psoc creator/4.4/psoc creator/import/gnu/arm/5.4.1/bin/../lib/gcc/arm-none-eabi/5.4.1/../../../../arm-none-eabi/lib/armv7-m\libg_nano.a(lib_a-memcpy-stub.o)
 .debug_frame   0x00002824       0x20 c:/program files (x86)/cypress/psoc creator/4.4/psoc creator/import/gnu/arm/5.4.1/bin/../lib/gcc/arm-none-eabi/5.4.1/../../../../arm-none-eabi/lib/armv7-m\libg_nano.a(lib_a-memset.o)
 .debug_frame   0x00002844       0x70 c:/program files (x86)/cypress/psoc creator/4.4/psoc creator/import/gnu/arm/5.4.1/bin/../lib/gcc/arm-none-eabi/5.4.1/../../../../arm-none-eabi/lib/armv7-m\libg_nano.a(lib_a-sprintf.o)
 .debug_frame   0x000028b4       0x90 c:/program files (x86)/cypress/psoc creator/4.4/psoc creator/import/gnu/arm/5.4.1/bin/../lib/gcc/arm-none-eabi/5.4.1/../../../../arm-none-eabi/lib/armv7-m\libg_nano.a(lib_a-nano-svfprintf.o)
 .debug_frame   0x00002944       0x60 c:/program files (x86)/cypress/psoc creator/4.4/psoc creator/import/gnu/arm/5.4.1/bin/../lib/gcc/arm-none-eabi/5.4.1/../../../../arm-none-eabi/lib/armv7-m\libg_nano.a(lib_a-nano-vfprintf_i.o)
 .debug_frame   0x000029a4       0x28 c:/program files (x86)/cypress/psoc creator/4.4/psoc creator/import/gnu/arm/5.4.1/bin/../lib/gcc/arm-none-eabi/5.4.1/../../../../arm-none-eabi/lib/armv7-m\libg_nano.a(lib_a-memchr-stub.o)
 .debug_frame   0x000029cc       0x28 c:/program files (x86)/cypress/psoc creator/4.4/psoc creator/import/gnu/arm/5.4.1/bin/../lib/gcc/arm-none-eabi/5.4.1/../../../../arm-none-eabi/lib/armv7-m\libg_nano.a(lib_a-memmove.o)
 .debug_frame   0x000029f4       0x38 c:/program files (x86)/cypress/psoc creator/4.4/psoc creator/import/gnu/arm/5.4.1/bin/../lib/gcc/arm-none-eabi/5.4.1/../../../../arm-none-eabi/lib/armv7-m\libg_nano.a(lib_a-nano-freer.o)
 .debug_frame   0x00002a2c       0x2c c:/program files (x86)/cypress/psoc creator/4.4/psoc creator/import/gnu/arm/5.4.1/bin/../lib/gcc/arm-none-eabi/5.4.1/../../../../arm-none-eabi/lib/armv7-m\libg_nano.a(lib_a-nano-mallocr.o)
 .debug_frame   0x00002a58       0x3c c:/program files (x86)/cypress/psoc creator/4.4/psoc creator/import/gnu/arm/5.4.1/bin/../lib/gcc/arm-none-eabi/5.4.1/../../../../arm-none-eabi/lib/armv7-m\libg_nano.a(lib_a-nano-reallocr.o)
 .debug_frame   0x00002a94       0x2c c:/program files (x86)/cypress/psoc creator/4.4/psoc creator/import/gnu/arm/5.4.1/bin/../lib/gcc/arm-none-eabi/5.4.1/../../../../arm-none-eabi/lib/armv7-m\libg_nano.a(lib_a-sbrkr.o)
 .debug_frame   0x00002ac0       0x30 c:/program files (x86)/cypress/psoc creator/4.4/psoc creator/import/gnu/arm/5.4.1/bin/../lib/gcc/arm-none-eabi/5.4.1/../../../../arm-none-eabi/lib/armv7-m\libg_nano.a(lib_a-mlock.o)
 .debug_frame   0x00002af0       0x20 c:/program files (x86)/cypress/psoc creator/4.4/psoc creator/import/gnu/arm/5.4.1/bin/../lib/gcc/arm-none-eabi/5.4.1/../../../../arm-none-eabi/lib/armv7-m\libg_nano.a(lib_a-nano-msizer.o)
 .debug_frame   0x00002b10       0x5c c:/program files (x86)/cypress/psoc creator/4.4/psoc creator/import/gnu/arm/5.4.1/bin/../lib/gcc/arm-none-eabi/5.4.1/../../../../arm-none-eabi/lib/armv7-m\libg_nano.a(lib_a-reent.o)

.debug_str      0x00000000     0x2b15
 *(.debug_str)
 .debug_str     0x00000000      0x1bb .\CortexM3\ARM_GCC_541\Debug\main.o
                                0x203 (size before relaxing)
 .debug_str     0x000001bb      0x39d .\CortexM3\ARM_GCC_541\Debug\functions.o
                                0x5f4 (size before relaxing)
 .debug_str     0x00000558       0x52 .\CortexM3\ARM_GCC_541\Debug\keypad.o
                                0x262 (size before relaxing)
 .debug_str     0x000005aa      0x1c0 .\CortexM3\ARM_GCC_541\Debug\cyfitter_cfg.o
                                0x3d1 (size before relaxing)
 .debug_str     0x0000076a       0x75 .\CortexM3\ARM_GCC_541\Debug\cymetadata.o
                                0x22a (size before relaxing)
 .debug_str     0x000007df      0x144 .\CortexM3\ARM_GCC_541\Debug\Cm3Start.o
                                0x350 (size before relaxing)
 .debug_str     0x00000923      0x838 .\CortexM3\ARM_GCC_541\Debug\Glimball.a(CyLib.o)
                                0xa8d (size before relaxing)
 .debug_str     0x0000115b      0x365 .\CortexM3\ARM_GCC_541\Debug\Glimball.a(cyPm.o)
                                0x779 (size before relaxing)
 .debug_str     0x000014c0       0x56 .\CortexM3\ARM_GCC_541\Debug\Glimball.a(LED1.o)
                                0x223 (size before relaxing)
 .debug_str     0x00001516       0x4b .\CortexM3\ARM_GCC_541\Debug\Glimball.a(LED2.o)
                                0x223 (size before relaxing)
 .debug_str     0x00001561       0x4b .\CortexM3\ARM_GCC_541\Debug\Glimball.a(LED3.o)
                                0x223 (size before relaxing)
 .debug_str     0x000015ac       0x4b .\CortexM3\ARM_GCC_541\Debug\Glimball.a(LED4.o)
                                0x223 (size before relaxing)
 .debug_str     0x000015f7       0x48 .\CortexM3\ARM_GCC_541\Debug\Glimball.a(SW1.o)
                                0x21e (size before relaxing)
 .debug_str     0x0000163f       0x48 .\CortexM3\ARM_GCC_541\Debug\Glimball.a(SW2.o)
                                0x21e (size before relaxing)
 .debug_str     0x00001687      0x11c .\CortexM3\ARM_GCC_541\Debug\Glimball.a(LCD.o)
                                0x371 (size before relaxing)
 .debug_str     0x000017a3       0x4c .\CortexM3\ARM_GCC_541\Debug\Glimball.a(ROW0.o)
                                0x223 (size before relaxing)
 .debug_str     0x000017ef       0x4c .\CortexM3\ARM_GCC_541\Debug\Glimball.a(ROW1.o)
                                0x223 (size before relaxing)
 .debug_str     0x0000183b       0x4c .\CortexM3\ARM_GCC_541\Debug\Glimball.a(ROW2.o)
                                0x223 (size before relaxing)
 .debug_str     0x00001887       0x4c .\CortexM3\ARM_GCC_541\Debug\Glimball.a(ROW3.o)
                                0x223 (size before relaxing)
 .debug_str     0x000018d3       0x4b .\CortexM3\ARM_GCC_541\Debug\Glimball.a(COL1.o)
                                0x223 (size before relaxing)
 .debug_str     0x0000191e       0x4b .\CortexM3\ARM_GCC_541\Debug\Glimball.a(COL2.o)
                                0x223 (size before relaxing)
 .debug_str     0x00001969       0x4b .\CortexM3\ARM_GCC_541\Debug\Glimball.a(COL3.o)
                                0x223 (size before relaxing)
 .debug_str     0x000019b4      0x340 .\CortexM3\ARM_GCC_541\Debug\Glimball.a(ADC.o)
                                0x60f (size before relaxing)
 .debug_str     0x00001cf4       0x45 .\CortexM3\ARM_GCC_541\Debug\Glimball.a(ADC_INT.o)
                                0x206 (size before relaxing)
 .debug_str     0x00001d39      0x13d .\CortexM3\ARM_GCC_541\Debug\Glimball.a(PWM.o)
                                0x37e (size before relaxing)
 .debug_str     0x00001e76      0x16d .\CortexM3\ARM_GCC_541\Debug\Glimball.a(ADC_Ext_CP_Clk.o)
                                0x388 (size before relaxing)
 .debug_str     0x00001fe3      0x14f .\CortexM3\ARM_GCC_541\Debug\Glimball.a(ADC_theACLK.o)
                                0x3a7 (size before relaxing)
 .debug_str     0x00002132       0x5f .\CortexM3\ARM_GCC_541\Debug\Glimball.a(ADC_AMux.o)
                                0x245 (size before relaxing)
 .debug_str     0x00002191       0x1d .\CortexM3\ARM_GCC_541\Debug\Glimball.a(Mux.o)
                                0x222 (size before relaxing)
 .debug_str     0x000021ae      0x118 .\CortexM3\ARM_GCC_541\Debug\Glimball.a(Timer.o)
                                0x33b (size before relaxing)
 .debug_str     0x000022c6       0x80 .\CortexM3\ARM_GCC_541\Debug\Glimball.a(VDAC.o)
                                0x25b (size before relaxing)
 .debug_str     0x00002346      0x10c .\CortexM3\ARM_GCC_541\Debug\Glimball.a(ISR_SOUND.o)
                                0x324 (size before relaxing)
 .debug_str     0x00002452      0x22c .\CortexM3\ARM_GCC_541\Debug\Glimball.a(UART.o)
                                0x4bb (size before relaxing)
 .debug_str     0x0000267e      0x138 .\CortexM3\ARM_GCC_541\Debug\Glimball.a(UART_IntClock.o)
                                0x37c (size before relaxing)
 .debug_str     0x000027b6       0xff .\CortexM3\ARM_GCC_541\Debug\Glimball.a(isr_uart.o)
                                0x316 (size before relaxing)
 .debug_str     0x000028b5      0x1b4 .\CortexM3\ARM_GCC_541\Debug\Glimball.a(CyFlash.o)
                                0x406 (size before relaxing)
 .debug_str     0x00002a69       0xac .\CortexM3\ARM_GCC_541\Debug\Glimball.a(CySpc.o)
                                0x37e (size before relaxing)

.debug_loc      0x00000000     0x338b
 *(.debug_loc)
 .debug_loc     0x00000000      0x31b .\CortexM3\ARM_GCC_541\Debug\functions.o
 .debug_loc     0x0000031b      0x2c7 .\CortexM3\ARM_GCC_541\Debug\cyfitter_cfg.o
 .debug_loc     0x000005e2      0x144 .\CortexM3\ARM_GCC_541\Debug\Cm3Start.o
 .debug_loc     0x00000726      0xa11 .\CortexM3\ARM_GCC_541\Debug\Glimball.a(CyLib.o)
 .debug_loc     0x00001137      0x1e4 .\CortexM3\ARM_GCC_541\Debug\Glimball.a(cyPm.o)
 .debug_loc     0x0000131b       0x42 .\CortexM3\ARM_GCC_541\Debug\Glimball.a(LED1.o)
 .debug_loc     0x0000135d       0x42 .\CortexM3\ARM_GCC_541\Debug\Glimball.a(LED2.o)
 .debug_loc     0x0000139f       0x42 .\CortexM3\ARM_GCC_541\Debug\Glimball.a(LED3.o)
 .debug_loc     0x000013e1       0x42 .\CortexM3\ARM_GCC_541\Debug\Glimball.a(LED4.o)
 .debug_loc     0x00001423       0x42 .\CortexM3\ARM_GCC_541\Debug\Glimball.a(SW1.o)
 .debug_loc     0x00001465       0x42 .\CortexM3\ARM_GCC_541\Debug\Glimball.a(SW2.o)
 .debug_loc     0x000014a7      0x3c6 .\CortexM3\ARM_GCC_541\Debug\Glimball.a(LCD.o)
 .debug_loc     0x0000186d       0x42 .\CortexM3\ARM_GCC_541\Debug\Glimball.a(ROW0.o)
 .debug_loc     0x000018af       0x42 .\CortexM3\ARM_GCC_541\Debug\Glimball.a(ROW1.o)
 .debug_loc     0x000018f1       0x42 .\CortexM3\ARM_GCC_541\Debug\Glimball.a(ROW2.o)
 .debug_loc     0x00001933       0x42 .\CortexM3\ARM_GCC_541\Debug\Glimball.a(ROW3.o)
 .debug_loc     0x00001975       0x42 .\CortexM3\ARM_GCC_541\Debug\Glimball.a(COL1.o)
 .debug_loc     0x000019b7       0x42 .\CortexM3\ARM_GCC_541\Debug\Glimball.a(COL2.o)
 .debug_loc     0x000019f9       0x42 .\CortexM3\ARM_GCC_541\Debug\Glimball.a(COL3.o)
 .debug_loc     0x00001a3b      0x681 .\CortexM3\ARM_GCC_541\Debug\Glimball.a(ADC.o)
 .debug_loc     0x000020bc       0x26 .\CortexM3\ARM_GCC_541\Debug\Glimball.a(PWM.o)
 .debug_loc     0x000020e2      0x128 .\CortexM3\ARM_GCC_541\Debug\Glimball.a(ADC_Ext_CP_Clk.o)
 .debug_loc     0x0000220a      0x14d .\CortexM3\ARM_GCC_541\Debug\Glimball.a(ADC_theACLK.o)
 .debug_loc     0x00002357       0x6c .\CortexM3\ARM_GCC_541\Debug\Glimball.a(ADC_AMux.o)
 .debug_loc     0x000023c3       0x6c .\CortexM3\ARM_GCC_541\Debug\Glimball.a(Mux.o)
 .debug_loc     0x0000242f       0x79 .\CortexM3\ARM_GCC_541\Debug\Glimball.a(VDAC.o)
 .debug_loc     0x000024a8       0x56 .\CortexM3\ARM_GCC_541\Debug\Glimball.a(ISR_SOUND.o)
 .debug_loc     0x000024fe      0x258 .\CortexM3\ARM_GCC_541\Debug\Glimball.a(UART.o)
 .debug_loc     0x00002756      0x128 .\CortexM3\ARM_GCC_541\Debug\Glimball.a(UART_IntClock.o)
 .debug_loc     0x0000287e       0x56 .\CortexM3\ARM_GCC_541\Debug\Glimball.a(isr_uart.o)
 .debug_loc     0x000028d4      0x3b2 .\CortexM3\ARM_GCC_541\Debug\Glimball.a(CyFlash.o)
 .debug_loc     0x00002c86      0x705 .\CortexM3\ARM_GCC_541\Debug\Glimball.a(CySpc.o)

.debug_macinfo
 *(.debug_macinfo)

.debug_ranges   0x00000000      0xdc8
 *(.debug_ranges)
 .debug_ranges  0x00000000       0x10 .\CortexM3\ARM_GCC_541\Debug\main.o
 .debug_ranges  0x00000010       0xf8 .\CortexM3\ARM_GCC_541\Debug\functions.o
 .debug_ranges  0x00000108       0x18 .\CortexM3\ARM_GCC_541\Debug\keypad.o
 .debug_ranges  0x00000120       0x68 .\CortexM3\ARM_GCC_541\Debug\cyfitter_cfg.o
 .debug_ranges  0x00000188       0x38 .\CortexM3\ARM_GCC_541\Debug\Cm3Start.o
 .debug_ranges  0x000001c0      0x290 .\CortexM3\ARM_GCC_541\Debug\Glimball.a(CyLib.o)
 .debug_ranges  0x00000450       0x88 .\CortexM3\ARM_GCC_541\Debug\Glimball.a(cyPm.o)
 .debug_ranges  0x000004d8       0x28 .\CortexM3\ARM_GCC_541\Debug\Glimball.a(LED1.o)
 .debug_ranges  0x00000500       0x28 .\CortexM3\ARM_GCC_541\Debug\Glimball.a(LED2.o)
 .debug_ranges  0x00000528       0x28 .\CortexM3\ARM_GCC_541\Debug\Glimball.a(LED3.o)
 .debug_ranges  0x00000550       0x28 .\CortexM3\ARM_GCC_541\Debug\Glimball.a(LED4.o)
 .debug_ranges  0x00000578       0x28 .\CortexM3\ARM_GCC_541\Debug\Glimball.a(SW1.o)
 .debug_ranges  0x000005a0       0x28 .\CortexM3\ARM_GCC_541\Debug\Glimball.a(SW2.o)
 .debug_ranges  0x000005c8       0x88 .\CortexM3\ARM_GCC_541\Debug\Glimball.a(LCD.o)
 .debug_ranges  0x00000650       0x28 .\CortexM3\ARM_GCC_541\Debug\Glimball.a(ROW0.o)
 .debug_ranges  0x00000678       0x28 .\CortexM3\ARM_GCC_541\Debug\Glimball.a(ROW1.o)
 .debug_ranges  0x000006a0       0x28 .\CortexM3\ARM_GCC_541\Debug\Glimball.a(ROW2.o)
 .debug_ranges  0x000006c8       0x28 .\CortexM3\ARM_GCC_541\Debug\Glimball.a(ROW3.o)
 .debug_ranges  0x000006f0       0x28 .\CortexM3\ARM_GCC_541\Debug\Glimball.a(COL1.o)
 .debug_ranges  0x00000718       0x28 .\CortexM3\ARM_GCC_541\Debug\Glimball.a(COL2.o)
 .debug_ranges  0x00000740       0x28 .\CortexM3\ARM_GCC_541\Debug\Glimball.a(COL3.o)
 .debug_ranges  0x00000768       0xd8 .\CortexM3\ARM_GCC_541\Debug\Glimball.a(ADC.o)
 .debug_ranges  0x00000840       0x28 .\CortexM3\ARM_GCC_541\Debug\Glimball.a(ADC_INT.o)
 .debug_ranges  0x00000868       0x88 .\CortexM3\ARM_GCC_541\Debug\Glimball.a(PWM.o)
 .debug_ranges  0x000008f0       0x60 .\CortexM3\ARM_GCC_541\Debug\Glimball.a(ADC_Ext_CP_Clk.o)
 .debug_ranges  0x00000950       0x70 .\CortexM3\ARM_GCC_541\Debug\Glimball.a(ADC_theACLK.o)
 .debug_ranges  0x000009c0       0x20 .\CortexM3\ARM_GCC_541\Debug\Glimball.a(ADC_AMux.o)
 .debug_ranges  0x000009e0       0x20 .\CortexM3\ARM_GCC_541\Debug\Glimball.a(Mux.o)
 .debug_ranges  0x00000a00       0x78 .\CortexM3\ARM_GCC_541\Debug\Glimball.a(Timer.o)
 .debug_ranges  0x00000a78       0x48 .\CortexM3\ARM_GCC_541\Debug\Glimball.a(VDAC.o)
 .debug_ranges  0x00000ac0       0x70 .\CortexM3\ARM_GCC_541\Debug\Glimball.a(ISR_SOUND.o)
 .debug_ranges  0x00000b30       0xe0 .\CortexM3\ARM_GCC_541\Debug\Glimball.a(UART.o)
 .debug_ranges  0x00000c10       0x60 .\CortexM3\ARM_GCC_541\Debug\Glimball.a(UART_IntClock.o)
 .debug_ranges  0x00000c70       0x70 .\CortexM3\ARM_GCC_541\Debug\Glimball.a(isr_uart.o)
 .debug_ranges  0x00000ce0       0x78 .\CortexM3\ARM_GCC_541\Debug\Glimball.a(CyFlash.o)
 .debug_ranges  0x00000d58       0x70 .\CortexM3\ARM_GCC_541\Debug\Glimball.a(CySpc.o)

.comment        0x00000000       0x6e
 .comment       0x00000000       0x6e .\CortexM3\ARM_GCC_541\Debug\main.o
                                 0x6f (size before relaxing)
 .comment       0x0000006e       0x6f .\CortexM3\ARM_GCC_541\Debug\functions.o
 .comment       0x0000006e       0x6f .\CortexM3\ARM_GCC_541\Debug\keypad.o
 .comment       0x0000006e       0x6f .\CortexM3\ARM_GCC_541\Debug\cyfitter_cfg.o
 .comment       0x0000006e       0x6f .\CortexM3\ARM_GCC_541\Debug\cymetadata.o
 .comment       0x0000006e       0x6f .\CortexM3\ARM_GCC_541\Debug\Cm3Start.o
 .comment       0x0000006e       0x6f .\CortexM3\ARM_GCC_541\Debug\Glimball.a(CyLib.o)
 .comment       0x0000006e       0x6f .\CortexM3\ARM_GCC_541\Debug\Glimball.a(cyPm.o)
 .comment       0x0000006e       0x6f .\CortexM3\ARM_GCC_541\Debug\Glimball.a(LED1.o)
 .comment       0x0000006e       0x6f .\CortexM3\ARM_GCC_541\Debug\Glimball.a(LED2.o)
 .comment       0x0000006e       0x6f .\CortexM3\ARM_GCC_541\Debug\Glimball.a(LED3.o)
 .comment       0x0000006e       0x6f .\CortexM3\ARM_GCC_541\Debug\Glimball.a(LED4.o)
 .comment       0x0000006e       0x6f .\CortexM3\ARM_GCC_541\Debug\Glimball.a(SW1.o)
 .comment       0x0000006e       0x6f .\CortexM3\ARM_GCC_541\Debug\Glimball.a(SW2.o)
 .comment       0x0000006e       0x6f .\CortexM3\ARM_GCC_541\Debug\Glimball.a(LCD.o)
 .comment       0x0000006e       0x6f .\CortexM3\ARM_GCC_541\Debug\Glimball.a(ROW0.o)
 .comment       0x0000006e       0x6f .\CortexM3\ARM_GCC_541\Debug\Glimball.a(ROW1.o)
 .comment       0x0000006e       0x6f .\CortexM3\ARM_GCC_541\Debug\Glimball.a(ROW2.o)
 .comment       0x0000006e       0x6f .\CortexM3\ARM_GCC_541\Debug\Glimball.a(ROW3.o)
 .comment       0x0000006e       0x6f .\CortexM3\ARM_GCC_541\Debug\Glimball.a(COL1.o)
 .comment       0x0000006e       0x6f .\CortexM3\ARM_GCC_541\Debug\Glimball.a(COL2.o)
 .comment       0x0000006e       0x6f .\CortexM3\ARM_GCC_541\Debug\Glimball.a(COL3.o)
 .comment       0x0000006e       0x6f .\CortexM3\ARM_GCC_541\Debug\Glimball.a(ADC.o)
 .comment       0x0000006e       0x6f .\CortexM3\ARM_GCC_541\Debug\Glimball.a(ADC_INT.o)
 .comment       0x0000006e       0x6f .\CortexM3\ARM_GCC_541\Debug\Glimball.a(PWM.o)
 .comment       0x0000006e       0x6f .\CortexM3\ARM_GCC_541\Debug\Glimball.a(ADC_Ext_CP_Clk.o)
 .comment       0x0000006e       0x6f .\CortexM3\ARM_GCC_541\Debug\Glimball.a(ADC_theACLK.o)
 .comment       0x0000006e       0x6f .\CortexM3\ARM_GCC_541\Debug\Glimball.a(ADC_AMux.o)
 .comment       0x0000006e       0x6f .\CortexM3\ARM_GCC_541\Debug\Glimball.a(Mux.o)
 .comment       0x0000006e       0x6f .\CortexM3\ARM_GCC_541\Debug\Glimball.a(Timer.o)
 .comment       0x0000006e       0x6f .\CortexM3\ARM_GCC_541\Debug\Glimball.a(VDAC.o)
 .comment       0x0000006e       0x6f .\CortexM3\ARM_GCC_541\Debug\Glimball.a(ISR_SOUND.o)
 .comment       0x0000006e       0x6f .\CortexM3\ARM_GCC_541\Debug\Glimball.a(UART.o)
 .comment       0x0000006e       0x6f .\CortexM3\ARM_GCC_541\Debug\Glimball.a(UART_IntClock.o)
 .comment       0x0000006e       0x6f .\CortexM3\ARM_GCC_541\Debug\Glimball.a(isr_uart.o)
 .comment       0x0000006e       0x6f .\CortexM3\ARM_GCC_541\Debug\Glimball.a(CyFlash.o)
 .comment       0x0000006e       0x6f .\CortexM3\ARM_GCC_541\Debug\Glimball.a(CySpc.o)

.debug_weaknames
 *(.debug_weaknames)

.debug_funcnames
 *(.debug_funcnames)

.debug_typenames
 *(.debug_typenames)

.debug_varnames
 *(.debug_varnames)

.note.gnu.arm.ident
 *(.note.gnu.arm.ident)

.ARM.attributes
                0x00000000       0x29
 *(.ARM.attributes)
 .ARM.attributes