Archive member included to satisfy reference by file (symbol)

.\CortexM3\ARM_GCC_541\Debug\Glimball.a(CyLib.o)
                              .\CortexM3\ARM_GCC_541\Debug\Cm3Start.o (CyHalt)
.\CortexM3\ARM_GCC_541\Debug\Glimball.a(cyPm.o)
                              .\CortexM3\ARM_GCC_541\Debug\Glimball.a(CyLib.o) (CyPmReadStatus)
.\CortexM3\ARM_GCC_541\Debug\Glimball.a(LED1.o)
                              .\CortexM3\ARM_GCC_541\Debug\functions.o (LED1_Write)
.\CortexM3\ARM_GCC_541\Debug\Glimball.a(LED2.o)
                              .\CortexM3\ARM_GCC_541\Debug\functions.o (LED2_Write)
.\CortexM3\ARM_GCC_541\Debug\Glimball.a(LED3.o)
                              .\CortexM3\ARM_GCC_541\Debug\functions.o (LED3_Write)
.\CortexM3\ARM_GCC_541\Debug\Glimball.a(LED4.o)
                              .\CortexM3\ARM_GCC_541\Debug\functions.o (LED4_Write)
.\CortexM3\ARM_GCC_541\Debug\Glimball.a(SW1.o)
                              .\CortexM3\ARM_GCC_541\Debug\functions.o (SW1_Read)
.\CortexM3\ARM_GCC_541\Debug\Glimball.a(SW2.o)
                              .\CortexM3\ARM_GCC_541\Debug\functions.o (SW2_Read)
.\CortexM3\ARM_GCC_541\Debug\Glimball.a(LCD.o)
                              .\CortexM3\ARM_GCC_541\Debug\functions.o (LCD_PrintString)
.\CortexM3\ARM_GCC_541\Debug\Glimball.a(ROW0.o)
                              .\CortexM3\ARM_GCC_541\Debug\keypad.o (ROW0_Read)
.\CortexM3\ARM_GCC_541\Debug\Glimball.a(ROW1.o)
                              .\CortexM3\ARM_GCC_541\Debug\keypad.o (ROW1_Read)
.\CortexM3\ARM_GCC_541\Debug\Glimball.a(ROW2.o)
                              .\CortexM3\ARM_GCC_541\Debug\keypad.o (ROW2_Read)
.\CortexM3\ARM_GCC_541\Debug\Glimball.a(ROW3.o)
                              .\CortexM3\ARM_GCC_541\Debug\keypad.o (ROW3_Read)
.\CortexM3\ARM_GCC_541\Debug\Glimball.a(COL1.o)
                              .\CortexM3\ARM_GCC_541\Debug\keypad.o (COL1_Write)
.\CortexM3\ARM_GCC_541\Debug\Glimball.a(COL2.o)
                              .\CortexM3\ARM_GCC_541\Debug\keypad.o (COL2_Write)
.\CortexM3\ARM_GCC_541\Debug\Glimball.a(COL3.o)
                              .\CortexM3\ARM_GCC_541\Debug\keypad.o (COL3_Write)
.\CortexM3\ARM_GCC_541\Debug\Glimball.a(ADC.o)
                              .\CortexM3\ARM_GCC_541\Debug\functions.o (ADC_Start)
.\CortexM3\ARM_GCC_541\Debug\Glimball.a(ADC_INT.o)
                              .\CortexM3\ARM_GCC_541\Debug\Glimball.a(ADC.o) (ADC_ISR1)
.\CortexM3\ARM_GCC_541\Debug\Glimball.a(PWM.o)
                              .\CortexM3\ARM_GCC_541\Debug\functions.o (PWM_WriteCompare)
.\CortexM3\ARM_GCC_541\Debug\Glimball.a(ADC_Ext_CP_Clk.o)
                              .\CortexM3\ARM_GCC_541\Debug\Glimball.a(ADC.o) (ADC_Ext_CP_Clk_SetModeRegister)
.\CortexM3\ARM_GCC_541\Debug\Glimball.a(ADC_theACLK.o)
                              .\CortexM3\ARM_GCC_541\Debug\Glimball.a(ADC.o) (ADC_theACLK_SetModeRegister)
.\CortexM3\ARM_GCC_541\Debug\Glimball.a(ADC_AMux.o)
                              .\CortexM3\ARM_GCC_541\Debug\Glimball.a(ADC.o) (ADC_AMux_Select)
.\CortexM3\ARM_GCC_541\Debug\Glimball.a(Mux.o)
                              .\CortexM3\ARM_GCC_541\Debug\functions.o (Mux_Start)
.\CortexM3\ARM_GCC_541\Debug\Glimball.a(Timer.o)
                              .\CortexM3\ARM_GCC_541\Debug\functions.o (Timer_ReadStatusRegister)
.\CortexM3\ARM_GCC_541\Debug\Glimball.a(VDAC.o)
                              .\CortexM3\ARM_GCC_541\Debug\functions.o (VDAC_SetValue)
.\CortexM3\ARM_GCC_541\Debug\Glimball.a(ISR_SOUND.o)
                              .\CortexM3\ARM_GCC_541\Debug\functions.o (ISR_SOUND_StartEx)
.\CortexM3\ARM_GCC_541\Debug\Glimball.a(UART.o)
                              .\CortexM3\ARM_GCC_541\Debug\functions.o (UART_Start)
.\CortexM3\ARM_GCC_541\Debug\Glimball.a(UART_IntClock.o)
                              .\CortexM3\ARM_GCC_541\Debug\Glimball.a(UART.o) (UART_IntClock_Start)
.\CortexM3\ARM_GCC_541\Debug\Glimball.a(isr_uart.o)
                              .\CortexM3\ARM_GCC_541\Debug\functions.o (isr_uart_StartEx)
.\CortexM3\ARM_GCC_541\Debug\Glimball.a(CyBootAsmGnu.o)
                              .\CortexM3\ARM_GCC_541\Debug\cyfitter_cfg.o (CyDelayCycles)
.\CortexM3\ARM_GCC_541\Debug\Glimball.a(CyFlash.o)
                              .\CortexM3\ARM_GCC_541\Debug\Glimball.a(cyPm.o) (CyFlash_SetWaitCycles)
.\CortexM3\ARM_GCC_541\Debug\Glimball.a(CySpc.o)
                              .\CortexM3\ARM_GCC_541\Debug\Glimball.a(CyFlash.o) (CySpcStart)
c:/program files (x86)/cypress/psoc creator/4.4/psoc creator/import/gnu/arm/5.4.1/bin/../lib/gcc/arm-none-eabi/5.4.1/../../../../arm-none-eabi/lib/armv7-m\libm.a(lib_a-s_sin.o)
                              .\CortexM3\ARM_GCC_541\Debug\functions.o (sin)
c:/program files (x86)/cypress/psoc creator/4.4/psoc creator/import/gnu/arm/5.4.1/bin/../lib/gcc/arm-none-eabi/5.4.1/../../../../arm-none-eabi/lib/armv7-m\libm.a(lib_a-e_rem_pio2.o)
[...]
Memory Configuration

Name             Origin             Length             Attributes
rom              0x00000000         0x00040000         xr
ram              0x1fff8000         0x00010000         xrw
*default*        0x00000000         0xffffffff

Linker script and memory map

LOAD c:/program files (x86)/cypress/psoc creator/4.4/psoc creator/import/gnu/arm/5.4.1/bin/../lib/gcc/arm-none-eabi/5.4.1/armv7-m/crti.o
LOAD c:/program files (x86)/cypress/psoc creator/4.4/psoc creator/import/gnu/arm/5.4.1/bin/../lib/gcc/arm-none-eabi/5.4.1/armv7-m/crtbegin.o
LOAD c:/program files (x86)/cypress/psoc creator/4.4/psoc creator/import/gnu/arm/5.4.1/bin/../lib/gcc/arm-none-eabi/5.4.1/../../../../arm-none-eabi/lib/armv7-m/crt0.o
START GROUP
LOAD .\CortexM3\ARM_GCC_541\Debug\main.o
LOAD .\CortexM3\ARM_GCC_541\Debug\functions.o
LOAD .\CortexM3\ARM_GCC_541\Debug\interruptions.o
LOAD .\CortexM3\ARM_GCC_541\Debug\keypad.o
LOAD .\CortexM3\ARM_GCC_541\Debug\sound.o
LOAD .\CortexM3\ARM_GCC_541\Debug\cyfitter_cfg.o
LOAD .\CortexM3\ARM_GCC_541\Debug\cymetadata.o
LOAD .\CortexM3\ARM_GCC_541\Debug\Cm3Start.o
LOAD .\CortexM3\ARM_GCC_541\Debug\Glimball.a
LOAD C:\Program Files (x86)\Cypress\PSoC Creator\4.4\PSoC Creator\psoc\content\cycomponentlibrary\CyComponentLibrary.cylib\CortexM3\ARM_GCC_541\Debug\CyComponentLibrary.a
LOAD c:/program files (x86)/cypress/psoc creator/4.4/psoc creator/import/gnu/arm/5.4.1/bin/../lib/gcc/arm-none-eabi/5.4.1/../../../../arm-none-eabi/lib/armv7-m\libm.a
END GROUP
START GROUP
LOAD c:/program files (x86)/cypress/psoc creator/4.4/psoc creator/import/gnu/arm/5.4.1/bin/../lib/gcc/arm-none-eabi/5.4.1/armv7-m\libgcc.a
LOAD c:/program files (x86)/cypress/psoc creator/4.4/psoc creator/import/gnu/arm/5.4.1/bin/../lib/gcc/arm-none-eabi/5.4.1/../../../../arm-none-eabi/lib/armv7-m\libg_nano.a
LOAD c:/program files (x86)/cypress/psoc creator/4.4/psoc creator/import/gnu/arm/5.4.1/bin/../lib/gcc/arm-none-eabi/5.4.1/../../../../arm-none-eabi/lib/armv7-m\libc_nano.a
END GROUP
START GROUP
LOAD c:/program files (x86)/cypress/psoc creator/4.4/psoc creator/import/gnu/arm/5.4.1/bin/../lib/gcc/arm-none-eabi/5.4.1/armv7-m\libgcc.a
LOAD c:/program files (x86)/cypress/psoc creator/4.4/psoc creator/import/gnu/arm/5.4.1/bin/../lib/gcc/arm-none-eabi/5.4.1/../../../../arm-none-eabi/lib/armv7-m\libc_nano.a
END GROUP
LOAD c:/program files (x86)/cypress/psoc creator/4.4/psoc creator/import/gnu/arm/5.4.1/bin/../lib/gcc/arm-none-eabi/5.4.1/armv7-m/crtend.o
LOAD c:/program files (x86)/cypress/psoc creator/4.4/psoc creator/import/gnu/arm/5.4.1/bin/../lib/gcc/arm-none-eabi/5.4.1/armv7-m/crtn.o
START GROUP
LOAD c:/program files (x86)/cypress/psoc creator/4.4/psoc creator/import/gnu/arm/5.4.1/bin/../lib/gcc/arm-none-eabi/5.4.1/armv7-m\libgcc.a
LOAD c:/program files (x86)/cypress/psoc creator/4.4/psoc creator/import/gnu/arm/5.4.1/bin/../lib/gcc/arm-none-eabi/5.4.1/../../../../arm-none-eabi/lib/armv7-m\libc.a
LOAD c:/program files (x86)/cypress/psoc creator/4.4/psoc creator/import/gnu/arm/5.4.1/bin/../lib/gcc/arm-none-eabi/5.4.1/../../../../arm-none-eabi/lib/armv7-m\libnosys.a
END GROUP
                0x00000000                CY_APPL_ORIGIN = 0x0
                0x00000100                CY_FLASH_ROW_SIZE = 0x100
                0x00000020                CY_ECC_ROW_SIZE = 0x20
                0x00000000                CY_EE_IN_BTLDR = 0x0
                0x00000000                CY_APPL_LOADABLE = 0x0
                0x00000800                CY_EE_SIZE = 0x800
                0x00000001                CY_APPL_NUM = 0x1
                0x00000001                CY_APPL_MAX = 0x1
                0x00000040                CY_METADATA_SIZE = 0x40
                0x00000000                CY_APPL_LOADABLE = 0x0
                0x00000000                CY_CHECKSUM_EXCLUDE_SIZE = ALIGN (0x0, CY_FLASH_ROW_SIZE)
                [!provide]                PROVIDE (__cy_heap_start, _end)
                0x00000001                PROVIDE (__cy_region_num, ((__cy_regions_end - __cy_regions) / 0x10))
                0x20008000                PROVIDE (__cy_stack, (ORIGIN (ram) + LENGTH (ram)))
                [!provide]                PROVIDE (__cy_heap_end, (__cy_stack - 0x800))

.cybootloader   0x00000000        0x0
 *(.cybootloader)
                0x00000000                appl1_start = CY_APPL_ORIGIN?CY_APPL_ORIGIN:ALIGN (CY_FLASH_ROW_SIZE)
                0x0001ff00                appl2_start = (appl1_start + ALIGN ((((LENGTH (rom) - appl1_start) - (0x2 * CY_FLASH_ROW_SIZE)) / 0x2), CY_FLASH_ROW_SIZE))
                0x00000000                appl_start = (CY_APPL_NUM == 0x1)?appl1_start:appl2_start
                0x00000000                ecc_offset = ((appl_start / CY_FLASH_ROW_SIZE) * CY_ECC_ROW_SIZE)
                0x00000000                ee_offset = (CY_APPL_LOADABLE && ! (CY_EE_IN_BTLDR))?((CY_EE_SIZE / CY_APPL_MAX) * (CY_APPL_NUM - 0x1)):0x0
                0x00000800                ee_size = (CY_APPL_LOADABLE && ! (CY_EE_IN_BTLDR))?(CY_EE_SIZE / CY_APPL_MAX):CY_EE_SIZE
                [!provide]                PROVIDE (CY_ECC_OFFSET, ecc_offset)

.text           0x00000000     0x4774
 CREATE_OBJECT_SYMBOLS
                0x00000000                PROVIDE (__cy_interrupt_vector, RomVectors)
 *(.romvectors)
 .romvectors    0x00000000       0x10 .\CortexM3\ARM_GCC_541\Debug\Cm3Start.o
                0x00000000                RomVectors
                0x00000001                ASSERT ((. != __cy_interrupt_vector), No interrupt vector)
                0x00000001                ASSERT (CY_APPL_ORIGIN?(SIZEOF (.cybootloader) <= CY_APPL_ORIGIN):0x1, Wrong image location)
                0x00000010                PROVIDE (__cy_reset, Reset)
 *(.text.Reset)
 .text.Reset    0x00000010       0x18 .\CortexM3\ARM_GCC_541\Debug\Cm3Start.o
                0x00000010                Reset
                0x00000001                ASSERT ((. != __cy_reset), No reset code)
 *(.dma_init)
                0x00000001                ASSERT ((((appl_start + .) <= 0x10000) || 0x1), DMA Init must be within the first 64k of flash)
 *(.text .text.* .gnu.linkonce.t.*)
 .text          0x00000028       0x5c c:/program files (x86)/cypress/psoc creator/4.4/psoc creator/import/gnu/arm/5.4.1/bin/../lib/gcc/arm-none-eabi/5.4.1/armv7-m/crtbegin.o
 .text.main     0x00000084       0x18 .\CortexM3\ARM_GCC_541\Debug\main.o
                0x00000084                main
 .text.isr_sound_handler
                0x0000009c       0x38 .\CortexM3\ARM_GCC_541\Debug\functions.o
                0x0000009c                isr_sound_handler
 *fill*         0x000000d4        0x4 
 .text.fill_sine
                0x000000d8       0x68 .\CortexM3\ARM_GCC_541\Debug\functions.o
                0x000000d8                fill_sine
 .text.initialize
                0x00000140       0x40 .\CortexM3\ARM_GCC_541\Debug\functions.o
                0x00000140                initialize
 .text.light_LEDS
                0x00000180       0x1c .\CortexM3\ARM_GCC_541\Debug\functions.o
                0x00000180                light_LEDS
 .text.turn_off_LEDS
                0x0000019c       0x1c .\CortexM3\ARM_GCC_541\Debug\functions.o
                0x0000019c                turn_off_LEDS
 .text.error    0x000001b8       0x20 .\CortexM3\ARM_GCC_541\Debug\functions.o
                0x000001b8                error
 .text.activate_sound
                0x000001d8       0x10 .\CortexM3\ARM_GCC_541\Debug\functions.o
                0x000001d8                activate_sound
 .text.rotate_left
                0x000001e8       0x30 .\CortexM3\ARM_GCC_541\Debug\functions.o
                0x000001e8                rotate_left
 .text.rotate_right
                0x00000218       0x30 .\CortexM3\ARM_GCC_541\Debug\functions.o
                0x00000218                rotate_right
 .text.read_computer
                0x00000248       0x3c .\CortexM3\ARM_GCC_541\Debug\functions.o
                0x00000248                read_computer
 .text.isr_uart_handler
                0x00000284       0x48 .\CortexM3\ARM_GCC_541\Debug\functions.o
                0x00000284                isr_uart_handler
 .text.print_screen
                0x000002cc       0x1c .\CortexM3\ARM_GCC_541\Debug\functions.o
                0x000002cc                print_screen
 .text.switch_to_glimball_mode
                0x000002e8       0x1c .\CortexM3\ARM_GCC_541\Debug\functions.o
                0x000002e8                switch_to_glimball_mode
 .text.switch_to_test_mode
                0x00000304       0x1c .\CortexM3\ARM_GCC_541\Debug\functions.o
                0x00000304                switch_to_test_mode
 .text.switch_mode
                0x00000320       0x20 .\CortexM3\ARM_GCC_541\Debug\functions.o
                0x00000320                switch_mode
 .text.read_SW1
                0x00000340       0x14 .\CortexM3\ARM_GCC_541\Debug\functions.o
                0x00000340                read_SW1
 .text.react_to_keypad
                0x00000354       0x4c .\CortexM3\ARM_GCC_541\Debug\functions.o
                0x00000354                react_to_keypad
 .text.read_SW2
                0x000003a0       0x44 .\CortexM3\ARM_GCC_541\Debug\functions.o
                0x000003a0                read_SW2
 .text.testing_mode
                0x000003e4       0x60 .\CortexM3\ARM_GCC_541\Debug\functions.o
                0x000003e4                testing_mode
 .text.glimball_mode
                0x00000444       0xc0 .\CortexM3\ARM_GCC_541\Debug\functions.o
                0x00000444                glimball_mode
 .text.react    0x00000504       0x1c .\CortexM3\ARM_GCC_541\Debug\functions.o
                0x00000504                react
 .text.modes    0x00000520       0x18 .\CortexM3\ARM_GCC_541\Debug\functions.o
                0x00000520                modes
 .text.keypadInit
                0x00000538       0x18 .\CortexM3\ARM_GCC_541\Debug\keypad.o
                0x00000538                keypadInit
 .text.keypadScan
                0x00000550       0xfc .\CortexM3\ARM_GCC_541\Debug\keypad.o
                0x00000550                keypadScan
 .text.CyClockStartupError
                0x0000064c        0x4 .\CortexM3\ARM_GCC_541\Debug\cyfitter_cfg.o
 .text.cfg_write_bytes32
                0x00000650       0x34 .\CortexM3\ARM_GCC_541\Debug\cyfitter_cfg.o
 .text.AnalogSetDefault
                0x00000684       0x40 .\CortexM3\ARM_GCC_541\Debug\cyfitter_cfg.o
 .text.CYMEMZERO
                0x000006c4        0xc .\CortexM3\ARM_GCC_541\Debug\cyfitter_cfg.o
 .text.CYCONFIGCPY
                0x000006d0        0x8 .\CortexM3\ARM_GCC_541\Debug\cyfitter_cfg.o
 .text.ClockSetup
                0x000006d8      0x100 .\CortexM3\ARM_GCC_541\Debug\cyfitter_cfg.o
 .text.Mux_Set  0x000007d8       0x38 .\CortexM3\ARM_GCC_541\Debug\cyfitter_cfg.o
                0x000007d8                Mux_Set
 .text.Mux_Unset
                0x00000810       0x3c .\CortexM3\ARM_GCC_541\Debug\cyfitter_cfg.o
                0x00000810                Mux_Unset
 .text.ADC_AMux_Set
                0x0000084c       0x20 .\CortexM3\ARM_GCC_541\Debug\cyfitter_cfg.o
                0x0000084c                ADC_AMux_Set
 .text.ADC_AMux_Unset
                0x0000086c       0x20 .\CortexM3\ARM_GCC_541\Debug\cyfitter_cfg.o
                0x0000086c                ADC_AMux_Unset
 .text.cyfitter_cfg
                0x0000088c      0x12c .\CortexM3\ARM_GCC_541\Debug\cyfitter_cfg.o
                0x0000088c                cyfitter_cfg
 .text.IntDefaultHandler
                0x000009b8       0x10 .\CortexM3\ARM_GCC_541\Debug\Cm3Start.o
                0x000009b8                IntDefaultHandler
 .text._sbrk    0x000009c8       0x30 .\CortexM3\ARM_GCC_541\Debug\Cm3Start.o
                0x000009c8                _sbrk
 .text.Start_c  0x000009f8       0x4c .\CortexM3\ARM_GCC_541\Debug\Cm3Start.o
                0x000009f8                Start_c
 .text.initialize_psoc
                0x00000a44       0x68 .\CortexM3\ARM_GCC_541\Debug\Cm3Start.o
                0x00000a44                initialize_psoc
 .text.CyHalt   0x00000aac        0x4 .\CortexM3\ARM_GCC_541\Debug\Glimball.a(CyLib.o)
                0x00000aac                CyHalt
 .text.CyDelay  0x00000ab0       0x2c .\CortexM3\ARM_GCC_541\Debug\Glimball.a(CyLib.o)
                0x00000ab0                CyDelay
 .text.CyDelayUs
                0x00000adc       0x14 .\CortexM3\ARM_GCC_541\Debug\Glimball.a(CyLib.o)
                0x00000adc                CyDelayUs
 .text.CyIntSetVector
                0x00000af0       0x28 .\CortexM3\ARM_GCC_541\Debug\Glimball.a(CyLib.o)
                0x00000af0                CyIntSetVector
 .text.CyIntSetPriority
                0x00000b18       0x30 .\CortexM3\ARM_GCC_541\Debug\Glimball.a(CyLib.o)
                0x00000b18                CyIntSetPriority
 .text.LED1_Write
                0x00000b48       0x18 .\CortexM3\ARM_GCC_541\Debug\Glimball.a(LED1.o)
                0x00000b48                LED1_Write
 .text.LED2_Write
                0x00000b60       0x18 .\CortexM3\ARM_GCC_541\Debug\Glimball.a(LED2.o)
                0x00000b60                LED2_Write
 .text.LED3_Write
                0x00000b78       0x18 .\CortexM3\ARM_GCC_541\Debug\Glimball.a(LED3.o)
                0x00000b78                LED3_Write
 .text.LED4_Write
                0x00000b90       0x18 .\CortexM3\ARM_GCC_541\Debug\Glimball.a(LED4.o)
                0x00000b90                LED4_Write
 .text.SW1_Read
                0x00000ba8       0x10 .\CortexM3\ARM_GCC_541\Debug\Glimball.a(SW1.o)
                0x00000ba8                SW1_Read
 .text.SW2_Read
                0x00000bb8       0x10 .\CortexM3\ARM_GCC_541\Debug\Glimball.a(SW2.o)
                0x00000bb8                SW2_Read
 .text.LCD_WrCntrlNib
                0x00000bc8       0x34 .\CortexM3\ARM_GCC_541\Debug\Glimball.a(LCD.o)
 .text.LCD_WrDatNib
                0x00000bfc       0x44 .\CortexM3\ARM_GCC_541\Debug\Glimball.a(LCD.o)
 .text.LCD_IsReady
                0x00000c40       0xe4 .\CortexM3\ARM_GCC_541\Debug\Glimball.a(LCD.o)
                0x00000c40                LCD_IsReady
 .text.LCD_WriteData
                0x00000d24       0x18 .\CortexM3\ARM_GCC_541\Debug\Glimball.a(LCD.o)
                0x00000d24                LCD_WriteData
 .text.LCD_PrintString
                0x00000d3c       0x1c .\CortexM3\ARM_GCC_541\Debug\Glimball.a(LCD.o)
                0x00000d3c                LCD_PrintString
 .text.LCD_WriteControl
                0x00000d58       0x18 .\CortexM3\ARM_GCC_541\Debug\Glimball.a(LCD.o)
                0x00000d58                LCD_WriteControl
 .text.LCD_Init
                0x00000d70       0x6c .\CortexM3\ARM_GCC_541\Debug\Glimball.a(LCD.o)
                0x00000d70                LCD_Init
 .text.LCD_Enable
                0x00000ddc       0x14 .\CortexM3\ARM_GCC_541\Debug\Glimball.a(LCD.o)
                0x00000ddc                LCD_Enable
 .text.LCD_Start
                0x00000df0       0x1c .\CortexM3\ARM_GCC_541\Debug\Glimball.a(LCD.o)
                0x00000df0                LCD_Start
 .text.LCD_Position
                0x00000e0c       0x3c .\CortexM3\ARM_GCC_541\Debug\Glimball.a(LCD.o)
                0x00000e0c                LCD_Position
 .text.LCD_PrintU32Number
                0x00000e48       0x64 .\CortexM3\ARM_GCC_541\Debug\Glimball.a(LCD.o)
                0x00000e48                LCD_PrintU32Number
 .text.ROW0_Read
                0x00000eac       0x10 .\CortexM3\ARM_GCC_541\Debug\Glimball.a(ROW0.o)
                0x00000eac                ROW0_Read
 .text.ROW1_Read
                0x00000ebc       0x10 .\CortexM3\ARM_GCC_541\Debug\Glimball.a(ROW1.o)
                0x00000ebc                ROW1_Read
 .text.ROW2_Read
                0x00000ecc        0xc .\CortexM3\ARM_GCC_541\Debug\Glimball.a(ROW2.o)
                0x00000ecc                ROW2_Read
 .text.ROW3_Read
                0x00000ed8       0x10 .\CortexM3\ARM_GCC_541\Debug\Glimball.a(ROW3.o)
                0x00000ed8                ROW3_Read
 .text.COL1_Write
                0x00000ee8       0x18 .\CortexM3\ARM_GCC_541\Debug\Glimball.a(COL1.o)
                0x00000ee8                COL1_Write
 .text.COL2_Write
                0x00000f00       0x18 .\CortexM3\ARM_GCC_541\Debug\Glimball.a(COL2.o)
                0x00000f00                COL2_Write
 .text.COL3_Write
                0x00000f18       0x18 .\CortexM3\ARM_GCC_541\Debug\Glimball.a(COL3.o)
                0x00000f18                COL3_Write
 .text.ADC_GainCompensation
                0x00000f30       0xe0 .\CortexM3\ARM_GCC_541\Debug\Glimball.a(ADC.o)
 .text.ADC_SetDSMRef0Reg
                0x00001010       0x4c .\CortexM3\ARM_GCC_541\Debug\Glimball.a(ADC.o)
 .text.ADC_InitConfig
                0x0000105c      0x32c .\CortexM3\ARM_GCC_541\Debug\Glimball.a(ADC.o)
 .text.ADC_Init
                0x00001388      0x108 .\CortexM3\ARM_GCC_541\Debug\Glimball.a(ADC.o)
                0x00001388                ADC_Init
 .text.ADC_Enable
                0x00001490       0xd8 .\CortexM3\ARM_GCC_541\Debug\Glimball.a(ADC.o)
                0x00001490                ADC_Enable
 .text.ADC_Start
                0x00001568       0x28 .\CortexM3\ARM_GCC_541\Debug\Glimball.a(ADC.o)
                0x00001568                ADC_Start
 .text.ADC_StartConvert
                0x00001590       0x10 .\CortexM3\ARM_GCC_541\Debug\Glimball.a(ADC.o)
                0x00001590                ADC_StartConvert
 .text.ADC_IsEndConversion
                0x000015a0       0x30 .\CortexM3\ARM_GCC_541\Debug\Glimball.a(ADC.o)
                0x000015a0                ADC_IsEndConversion
 .text.ADC_GetResult32
                0x000015d0       0x6c .\CortexM3\ARM_GCC_541\Debug\Glimball.a(ADC.o)
                0x000015d0                ADC_GetResult32
 .text.ADC_ISR1
                0x0000163c        0x4 .\CortexM3\ARM_GCC_541\Debug\Glimball.a(ADC_INT.o)
                0x0000163c                ADC_ISR1
 .text.ADC_ISR2
                0x00001640        0x4 .\CortexM3\ARM_GCC_541\Debug\Glimball.a(ADC_INT.o)
                0x00001640                ADC_ISR2
 .text.ADC_ISR3
                0x00001644        0x4 .\CortexM3\ARM_GCC_541\Debug\Glimball.a(ADC_INT.o)
                0x00001644                ADC_ISR3
 .text.ADC_ISR4
                0x00001648        0x4 .\CortexM3\ARM_GCC_541\Debug\Glimball.a(ADC_INT.o)
                0x00001648                ADC_ISR4
 .text.PWM_Enable
                0x0000164c       0x10 .\CortexM3\ARM_GCC_541\Debug\Glimball.a(PWM.o)
                0x0000164c                PWM_Enable
 .text.PWM_WriteCounter
                0x0000165c        0xc .\CortexM3\ARM_GCC_541\Debug\Glimball.a(PWM.o)
                0x0000165c                PWM_WriteCounter
 .text.PWM_WritePeriod
                0x00001668        0xc .\CortexM3\ARM_GCC_541\Debug\Glimball.a(PWM.o)
                0x00001668                PWM_WritePeriod
 .text.PWM_WriteCompare
                0x00001674        0xc .\CortexM3\ARM_GCC_541\Debug\Glimball.a(PWM.o)
                0x00001674                PWM_WriteCompare
 .text.PWM_SetInterruptMode
                0x00001680        0xc .\CortexM3\ARM_GCC_541\Debug\Glimball.a(PWM.o)
                0x00001680                PWM_SetInterruptMode
 .text.PWM_ReadStatusRegister
                0x0000168c        0xc .\CortexM3\ARM_GCC_541\Debug\Glimball.a(PWM.o)
                0x0000168c                PWM_ReadStatusRegister
 .text.PWM_ReadCapture
                0x00001698        0xc .\CortexM3\ARM_GCC_541\Debug\Glimball.a(PWM.o)
                0x00001698                PWM_ReadCapture
 .text.PWM_ClearFIFO
                0x000016a4       0x14 .\CortexM3\ARM_GCC_541\Debug\Glimball.a(PWM.o)
                0x000016a4                PWM_ClearFIFO
 .text.PWM_Init
                0x000016b8       0x60 .\CortexM3\ARM_GCC_541\Debug\Glimball.a(PWM.o)
                0x000016b8                PWM_Init
 .text.PWM_Start
                0x00001718       0x1c .\CortexM3\ARM_GCC_541\Debug\Glimball.a(PWM.o)
                0x00001718                PWM_Start
 .text.PWM_ReadCompare
                0x00001734        0xc .\CortexM3\ARM_GCC_541\Debug\Glimball.a(PWM.o)
                0x00001734                PWM_ReadCompare
 .text.ADC_Ext_CP_Clk_GetDividerRegister
                0x00001740        0xc .\CortexM3\ARM_GCC_541\Debug\Glimball.a(ADC_Ext_CP_Clk.o)
                0x00001740                ADC_Ext_CP_Clk_GetDividerRegister
 .text.ADC_Ext_CP_Clk_SetModeRegister
                0x0000174c       0x14 .\CortexM3\ARM_GCC_541\Debug\Glimball.a(ADC_Ext_CP_Clk.o)
                0x0000174c                ADC_Ext_CP_Clk_SetModeRegister
 .text.ADC_Ext_CP_Clk_GetSourceRegister
                0x00001760       0x10 .\CortexM3\ARM_GCC_541\Debug\Glimball.a(ADC_Ext_CP_Clk.o)
                0x00001760                ADC_Ext_CP_Clk_GetSourceRegister
 .text.ADC_Ext_CP_Clk_SetDividerRegister
                0x00001770       0xdc .\CortexM3\ARM_GCC_541\Debug\Glimball.a(ADC_Ext_CP_Clk.o)
                0x00001770                ADC_Ext_CP_Clk_SetDividerRegister
 .text.ADC_theACLK_GetDividerRegister
                0x0000184c        0xc .\CortexM3\ARM_GCC_541\Debug\Glimball.a(ADC_theACLK.o)
                0x0000184c                ADC_theACLK_GetDividerRegister
 .text.ADC_theACLK_SetModeRegister
                0x00001858       0x14 .\CortexM3\ARM_GCC_541\Debug\Glimball.a(ADC_theACLK.o)
                0x00001858                ADC_theACLK_SetModeRegister
 .text.ADC_theACLK_GetSourceRegister
                0x0000186c       0x10 .\CortexM3\ARM_GCC_541\Debug\Glimball.a(ADC_theACLK.o)
                0x0000186c                ADC_theACLK_GetSourceRegister
 .text.ADC_theACLK_SetDividerRegister
                0x0000187c       0xd8 .\CortexM3\ARM_GCC_541\Debug\Glimball.a(ADC_theACLK.o)
                0x0000187c                ADC_theACLK_SetDividerRegister
 .text.ADC_AMux_Start
                0x00001954       0x20 .\CortexM3\ARM_GCC_541\Debug\Glimball.a(ADC_AMux.o)
                0x00001954                ADC_AMux_Start
 .text.ADC_AMux_Select
                0x00001974       0x18 .\CortexM3\ARM_GCC_541\Debug\Glimball.a(ADC_AMux.o)
                0x00001974                ADC_AMux_Select
 .text.Mux_Start
                0x0000198c       0x20 .\CortexM3\ARM_GCC_541\Debug\Glimball.a(Mux.o)
                0x0000198c                Mux_Start
 .text.Mux_Select
                0x000019ac       0x18 .\CortexM3\ARM_GCC_541\Debug\Glimball.a(Mux.o)
                0x000019ac                Mux_Select
 .text.Timer_Enable
                0x000019c4       0x28 .\CortexM3\ARM_GCC_541\Debug\Glimball.a(Timer.o)
                0x000019c4                Timer_Enable
 .text.Timer_SetInterruptMode
                0x000019ec        0xc .\CortexM3\ARM_GCC_541\Debug\Glimball.a(Timer.o)
                0x000019ec                Timer_SetInterruptMode
 .text.Timer_ReadStatusRegister
                0x000019f8        0xc .\CortexM3\ARM_GCC_541\Debug\Glimball.a(Timer.o)
                0x000019f8                Timer_ReadStatusRegister
 .text.Timer_WritePeriod
                0x00001a04        0xc .\CortexM3\ARM_GCC_541\Debug\Glimball.a(Timer.o)
                0x00001a04                Timer_WritePeriod
 .text.Timer_WriteCounter
                0x00001a10        0xc .\CortexM3\ARM_GCC_541\Debug\Glimball.a(Timer.o)
                0x00001a10                Timer_WriteCounter
 .text.Timer_Init
                0x00001a1c       0x68 .\CortexM3\ARM_GCC_541\Debug\Glimball.a(Timer.o)
                0x00001a1c                Timer_Init
 .text.Timer_Start
                0x00001a84       0x1c .\CortexM3\ARM_GCC_541\Debug\Glimball.a(Timer.o)
                0x00001a84                Timer_Start
 .text.VDAC_Enable
                0x00001aa0       0x1c .\CortexM3\ARM_GCC_541\Debug\Glimball.a(VDAC.o)
                0x00001aa0                VDAC_Enable
 .text.VDAC_SetSpeed
                0x00001abc       0x1c .\CortexM3\ARM_GCC_541\Debug\Glimball.a(VDAC.o)
                0x00001abc                VDAC_SetSpeed
 .text.VDAC_SetValue
                0x00001ad8        0xc .\CortexM3\ARM_GCC_541\Debug\Glimball.a(VDAC.o)
                0x00001ad8                VDAC_SetValue
 .text.VDAC_DacTrim
                0x00001ae4       0x24 .\CortexM3\ARM_GCC_541\Debug\Glimball.a(VDAC.o)
                0x00001ae4                VDAC_DacTrim
 .text.VDAC_SetRange
                0x00001b08       0x20 .\CortexM3\ARM_GCC_541\Debug\Glimball.a(VDAC.o)
                0x00001b08                VDAC_SetRange
 .text.VDAC_Init
                0x00001b28       0x20 .\CortexM3\ARM_GCC_541\Debug\Glimball.a(VDAC.o)
                0x00001b28                VDAC_Init
 .text.VDAC_Start
                0x00001b48       0x24 .\CortexM3\ARM_GCC_541\Debug\Glimball.a(VDAC.o)
                0x00001b48                VDAC_Start
 .text.ISR_SOUND_SetVector
                0x00001b6c       0x10 .\CortexM3\ARM_GCC_541\Debug\Glimball.a(ISR_SOUND.o)
                0x00001b6c                ISR_SOUND_SetVector
 .text.ISR_SOUND_SetPriority
                0x00001b7c       0x10 .\CortexM3\ARM_GCC_541\Debug\Glimball.a(ISR_SOUND.o)
                0x00001b7c                ISR_SOUND_SetPriority
 .text.ISR_SOUND_Enable
                0x00001b8c       0x10 .\CortexM3\ARM_GCC_541\Debug\Glimball.a(ISR_SOUND.o)
                0x00001b8c                ISR_SOUND_Enable
 .text.ISR_SOUND_Disable
                0x00001b9c       0x10 .\CortexM3\ARM_GCC_541\Debug\Glimball.a(ISR_SOUND.o)
                0x00001b9c                ISR_SOUND_Disable
 .text.ISR_SOUND_StartEx
                0x00001bac       0x1c .\CortexM3\ARM_GCC_541\Debug\Glimball.a(ISR_SOUND.o)
                0x00001bac                ISR_SOUND_StartEx
 .text.UART_Init
                0x00001bc8       0x24 .\CortexM3\ARM_GCC_541\Debug\Glimball.a(UART.o)
                0x00001bc8                UART_Init
 .text.UART_Enable
                0x00001bec       0x38 .\CortexM3\ARM_GCC_541\Debug\Glimball.a(UART.o)
                0x00001bec                UART_Enable
 .text.UART_Start
                0x00001c24       0x1c .\CortexM3\ARM_GCC_541\Debug\Glimball.a(UART.o)
                0x00001c24                UART_Start
 .text.UART_ReadRxStatus
                0x00001c40       0x10 .\CortexM3\ARM_GCC_541\Debug\Glimball.a(UART.o)
                0x00001c40                UART_ReadRxStatus
 .text.UART_GetChar
                0x00001c50       0x2c .\CortexM3\ARM_GCC_541\Debug\Glimball.a(UART.o)
                0x00001c50                UART_GetChar
 .text.UART_PutChar
                0x00001c7c       0x18 .\CortexM3\ARM_GCC_541\Debug\Glimball.a(UART.o)
                0x00001c7c                UART_PutChar
 .text.UART_PutString
                0x00001c94       0x24 .\CortexM3\ARM_GCC_541\Debug\Glimball.a(UART.o)
                0x00001c94                UART_PutString
 .text.UART_IntClock_Start
                0x00001cb8       0x1c .\CortexM3\ARM_GCC_541\Debug\Glimball.a(UART_IntClock.o)
                0x00001cb8                UART_IntClock_Start
 .text.isr_uart_SetVector
                0x00001cd4        0xc .\CortexM3\ARM_GCC_541\Debug\Glimball.a(isr_uart.o)
                0x00001cd4                isr_uart_SetVector
 .text.isr_uart_SetPriority
                0x00001ce0       0x10 .\CortexM3\ARM_GCC_541\Debug\Glimball.a(isr_uart.o)
                0x00001ce0                isr_uart_SetPriority
 .text.isr_uart_Enable
                0x00001cf0        0xc .\CortexM3\ARM_GCC_541\Debug\Glimball.a(isr_uart.o)
                0x00001cf0                isr_uart_Enable
 .text.isr_uart_Disable
                0x00001cfc        0xc .\CortexM3\ARM_GCC_541\Debug\Glimball.a(isr_uart.o)
                0x00001cfc                isr_uart_Disable
 .text.isr_uart_StartEx
                0x00001d08       0x1c .\CortexM3\ARM_GCC_541\Debug\Glimball.a(isr_uart.o)
                0x00001d08                isr_uart_StartEx
 *fill*         0x00001d24        0x4 
 .text          0x00001d28       0x20 .\CortexM3\ARM_GCC_541\Debug\Glimball.a(CyBootAsmGnu.o)
                0x00001d28                CyDelayCycles
                0x00001d38                CyEnterCriticalSection
                0x00001d40                CyExitCriticalSection
 .text.sin      0x00001d48       0x90 c:/program files (x86)/cypress/psoc creator/4.4/psoc creator/import/gnu/arm/5.4.1/bin/../lib/gcc/arm-none-eabi/5.4.1/../../../../arm-none-eabi/lib/armv7-m\libm.a(lib_a-s_sin.o)
                0x00001d48                sin
 .text.__ieee754_rem_pio2
                0x00001dd8      0x42c c:/program files (x86)/cypress/psoc creator/4.4/psoc creator/import/gnu/arm/5.4.1/bin/../lib/gcc/arm-none-eabi/5.4.1/../../../../arm-none-eabi/lib/armv7-m\libm.a(lib_a-e_rem_pio2.o)
                0x00001dd8                __ieee754_rem_pio2
 *fill*         0x00002204        0x4 
 .text.__kernel_cos
                0x00002208      0x248 c:/program files (x86)/cypress/psoc creator/4.4/psoc creator/import/gnu/arm/5.4.1/bin/../lib/gcc/arm-none-eabi/5.4.1/../../../../arm-none-eabi/lib/armv7-m\libm.a(lib_a-k_cos.o)
                0x00002208                __kernel_cos
 .text.__kernel_rem_pio2
                0x00002450      0x7f0 c:/program files (x86)/cypress/psoc creator/4.4/psoc creator/import/gnu/arm/5.4.1/bin/../lib/gcc/arm-none-eabi/5.4.1/../../../../arm-none-eabi/lib/armv7-m\libm.a(lib_a-k_rem_pio2.o)
                0x00002450                __kernel_rem_pio2
 .text.__kernel_sin
                0x00002c40      0x16c c:/program files (x86)/cypress/psoc creator/4.4/psoc creator/import/gnu/arm/5.4.1/bin/../lib/gcc/arm-none-eabi/5.4.1/../../../../arm-none-eabi/lib/armv7-m\libm.a(lib_a-k_sin.o)
                0x00002c40                __kernel_sin
 .text.fabs     0x00002dac        0x8 c:/program files (x86)/cypress/psoc creator/4.4/psoc creator/import/gnu/arm/5.4.1/bin/../lib/gcc/arm-none-eabi/5.4.1/../../../../arm-none-eabi/lib/armv7-m\libm.a(lib_a-s_fabs.o)
                0x00002dac                fabs
 *fill*         0x00002db4        0x4 
 .text.floor    0x00002db8      0x110 c:/program files (x86)/cypress/psoc creator/4.4/psoc creator/import/gnu/arm/5.4.1/bin/../lib/gcc/arm-none-eabi/5.4.1/../../../../arm-none-eabi/lib/armv7-m\libm.a(lib_a-s_floor.o)
                0x00002db8                floor
 .text.scalbn   0x00002ec8       0xe4 c:/program files (x86)/cypress/psoc creator/4.4/psoc creator/import/gnu/arm/5.4.1/bin/../lib/gcc/arm-none-eabi/5.4.1/../../../../arm-none-eabi/lib/armv7-m\libm.a(lib_a-s_scalbn.o)
                0x00002ec8                scalbn
 .text.copysign
                0x00002fac       0x10 c:/program files (x86)/cypress/psoc creator/4.4/psoc creator/import/gnu/arm/5.4.1/bin/../lib/gcc/arm-none-eabi/5.4.1/../../../../arm-none-eabi/lib/armv7-m\libm.a(lib_a-s_copysign.o)
                0x00002fac                copysign
 .text          0x00002fbc      0x370 c:/program files (x86)/cypress/psoc creator/4.4/psoc creator/import/gnu/arm/5.4.1/bin/../lib/gcc/arm-none-eabi/5.4.1/armv7-m\libgcc.a(_arm_addsubdf3.o)
                0x00002fbc                __aeabi_drsub
                0x00002fc4                __aeabi_dsub
                0x00002fc4                __subdf3
                0x00002fc8                __aeabi_dadd
                0x00002fc8                __adddf3
                0x00003240                __floatunsidf
                0x00003240                __aeabi_ui2d
                0x00003260                __floatsidf
                0x00003260                __aeabi_i2d
                0x00003284                __aeabi_f2d
                0x00003284                __extendsfdf2
                0x000032c0                __floatundidf
                0x000032c0                __aeabi_ul2d
                0x000032d0                __floatdidf
                0x000032d0                __aeabi_l2d
 .text          0x0000332c      0x424 c:/program files (x86)/cypress/psoc creator/4.4/psoc creator/import/gnu/arm/5.4.1/bin/../lib/gcc/arm-none-eabi/5.4.1/armv7-m\libgcc.a(_arm_muldivdf3.o)
                0x0000332c                __aeabi_dmul
                0x0000332c                __muldf3
                0x00003580                __divdf3
                0x00003580                __aeabi_ddiv
 .text          0x00003750      0x110 c:/program files (x86)/cypress/psoc creator/4.4/psoc creator/import/gnu/arm/5.4.1/bin/../lib/gcc/arm-none-eabi/5.4.1/armv7-m\libgcc.a(_arm_cmpdf2.o)
                0x00003750                __gtdf2
                0x00003750                __gedf2
                0x00003758                __ltdf2
                0x00003758                __ledf2
                0x00003760                __nedf2
                0x00003760                __eqdf2
                0x00003760                __cmpdf2
                0x000037dc                __aeabi_cdrcmple
                0x000037ec                __aeabi_cdcmpeq
                0x000037ec                __aeabi_cdcmple
                0x000037fc                __aeabi_dcmpeq
                0x00003810                __aeabi_dcmplt
                0x00003824                __aeabi_dcmple
                0x00003838                __aeabi_dcmpge
                0x0000384c                __aeabi_dcmpgt
 .text          0x00003860       0x50 c:/program files (x86)/cypress/psoc creator/4.4/psoc creator/import/gnu/arm/5.4.1/bin/../lib/gcc/arm-none-eabi/5.4.1/armv7-m\libgcc.a(_arm_fixdfsi.o)
                0x00003860                __aeabi_d2iz
                0x00003860                __fixdfsi
 .text          0x000038b0       0xa0 c:/program files (x86)/cypress/psoc creator/4.4/psoc creator/import/gnu/arm/5.4.1/bin/../lib/gcc/arm-none-eabi/5.4.1/armv7-m\libgcc.a(_arm_truncdfsf2.o)
                0x000038b0                __truncdfsf2
                0x000038b0                __aeabi_d2f
 .text          0x00003950      0x21c c:/program files (x86)/cypress/psoc creator/4.4/psoc creator/import/gnu/arm/5.4.1/bin/../lib/gcc/arm-none-eabi/5.4.1/armv7-m\libgcc.a(_arm_addsubsf3.o)
                0x00003950                __aeabi_frsub
                0x00003958                __subsf3
                0x00003958                __aeabi_fsub
                0x0000395c                __aeabi_fadd
                0x0000395c                __addsf3
                0x00003abc                __aeabi_ui2f
                0x00003abc                __floatunsisf
                0x00003ac4                __aeabi_i2f
                0x00003ac4                __floatsisf
                0x00003ae0                __aeabi_ul2f
                0x00003ae0                __floatundisf
                0x00003af0                __aeabi_l2f
                0x00003af0                __floatdisf
 .text          0x00003b6c      0x2a0 c:/program files (x86)/cypress/psoc creator/4.4/psoc creator/import/gnu/arm/5.4.1/bin/../lib/gcc/arm-none-eabi/5.4.1/armv7-m\libgcc.a(_arm_muldivsf3.o)
                0x00003b6c                __mulsf3
                0x00003b6c                __aeabi_fmul
                0x00003cd4                __aeabi_fdiv
                0x00003cd4                __divsf3
 .text          0x00003e0c       0x4c c:/program files (x86)/cypress/psoc creator/4.4/psoc creator/import/gnu/arm/5.4.1/bin/../lib/gcc/arm-none-eabi/5.4.1/armv7-m\libgcc.a(_arm_fixsfsi.o)
                0x00003e0c                __aeabi_f2iz
                0x00003e0c                __fixsfsi
 .text          0x00003e58       0x40 c:/program files (x86)/cypress/psoc creator/4.4/psoc creator/import/gnu/arm/5.4.1/bin/../lib/gcc/arm-none-eabi/5.4.1/armv7-m\libgcc.a(_arm_fixunssfsi.o)
                0x00003e58                __fixunssfsi
                0x00003e58                __aeabi_f2uiz
 .text.__errno  0x00003e98        0xc c:/program files (x86)/cypress/psoc creator/4.4/psoc creator/import/gnu/arm/5.4.1/bin/../lib/gcc/arm-none-eabi/5.4.1/../../../../arm-none-eabi/lib/armv7-m\libg_nano.a(lib_a-errno.o)
                0x00003e98                __errno
 .text.__libc_init_array
                0x00003ea4       0x4c c:/program files (x86)/cypress/psoc creator/4.4/psoc creator/import/gnu/arm/5.4.1/bin/../lib/gcc/arm-none-eabi/5.4.1/../../../../arm-none-eabi/lib/armv7-m\libg_nano.a(lib_a-init.o)
                0x00003ea4                __libc_init_array
 .text.memcpy   0x00003ef0       0x16 c:/program files (x86)/cypress/psoc creator/4.4/psoc creator/import/gnu/arm/5.4.1/bin/../lib/gcc/arm-none-eabi/5.4.1/../../../../arm-none-eabi/lib/armv7-m\libg_nano.a(lib_a-memcpy-stub.o)
                0x00003ef0                memcpy
 .text.memset   0x00003f06       0x10 c:/program files (x86)/cypress/psoc creator/4.4/psoc creator/import/gnu/arm/5.4.1/bin/../lib/gcc/arm-none-eabi/5.4.1/../../../../arm-none-eabi/lib/armv7-m\libg_nano.a(lib_a-memset.o)
                0x00003f06                memset
 *fill*         0x00003f16        0x2 
 .text.sprintf  0x00003f18       0x48 c:/program files (x86)/cypress/psoc creator/4.4/psoc creator/import/gnu/arm/5.4.1/bin/../lib/gcc/arm-none-eabi/5.4.1/../../../../arm-none-eabi/lib/armv7-m\libg_nano.a(lib_a-sprintf.o)
                0x00003f18                siprintf
                0x00003f18                sprintf
 .text          0x00003f60       0x14 c:/program files (x86)/cypress/psoc creator/4.4/psoc creator/import/gnu/arm/5.4.1/bin/../lib/gcc/arm-none-eabi/5.4.1/../../../../arm-none-eabi/lib/armv7-m\libg_nano.a(lib_a-strcmp.o)
                0x00003f60                strcmp
 .text.__ssputs_r
                0x00003f74       0xb2 c:/program files (x86)/cypress/psoc creator/4.4/psoc creator/import/gnu/arm/5.4.1/bin/../lib/gcc/arm-none-eabi/5.4.1/../../../../arm-none-eabi/lib/armv7-m\libg_nano.a(lib_a-nano-svfprintf.o)
                0x00003f74                __ssputs_r
 *fill*         0x00004026        0x2 
 .text._svfprintf_r
                0x00004028      0x1e8 c:/program files (x86)/cypress/psoc creator/4.4/psoc creator/import/gnu/arm/5.4.1/bin/../lib/gcc/arm-none-eabi/5.4.1/../../../../arm-none-eabi/lib/armv7-m\libg_nano.a(lib_a-nano-svfprintf.o)
                0x00004028                _svfiprintf_r
                0x00004028                _svfprintf_r
 .text._printf_common
                0x00004210       0xec c:/program files (x86)/cypress/psoc creator/4.4/psoc creator/import/gnu/arm/5.4.1/bin/../lib/gcc/arm-none-eabi/5.4.1/../../../../arm-none-eabi/lib/armv7-m\libg_nano.a(lib_a-nano-vfprintf_i.o)
                0x00004210                _printf_common
 .text._printf_i
                0x000042fc      0x24c c:/program files (x86)/cypress/psoc creator/4.4/psoc creator/import/gnu/arm/5.4.1/bin/../lib/gcc/arm-none-eabi/5.4.1/../../../../arm-none-eabi/lib/armv7-m\libg_nano.a(lib_a-nano-vfprintf_i.o)
                0x000042fc                _printf_i
 .text.memchr   0x00004548       0x1c c:/program files (x86)/cypress/psoc creator/4.4/psoc creator/import/gnu/arm/5.4.1/bin/../lib/gcc/arm-none-eabi/5.4.1/../../../../arm-none-eabi/lib/armv7-m\libg_nano.a(lib_a-memchr-stub.o)
                0x00004548                memchr
 .text.memmove  0x00004564       0x36 c:/program files (x86)/cypress/psoc creator/4.4/psoc creator/import/gnu/arm/5.4.1/bin/../lib/gcc/arm-none-eabi/5.4.1/../../../../arm-none-eabi/lib/armv7-m\libg_nano.a(lib_a-memmove.o)
                0x00004564                memmove
 *fill*         0x0000459a        0x2 
 .text._free_r  0x0000459c       0x98 c:/program files (x86)/cypress/psoc creator/4.4/psoc creator/import/gnu/arm/5.4.1/bin/../lib/gcc/arm-none-eabi/5.4.1/../../../../arm-none-eabi/lib/armv7-m\libg_nano.a(lib_a-nano-freer.o)
                0x0000459c                _free_r
 .text._malloc_r
                0x00004634       0xbc c:/program files (x86)/cypress/psoc creator/4.4/psoc creator/import/gnu/arm/5.4.1/bin/../lib/gcc/arm-none-eabi/5.4.1/../../../../arm-none-eabi/lib/armv7-m\libg_nano.a(lib_a-nano-mallocr.o)
                0x00004634                _malloc_r
 .text._realloc_r
                0x000046f0       0x4c c:/program files (x86)/cypress/psoc creator/4.4/psoc creator/import/gnu/arm/5.4.1/bin/../lib/gcc/arm-none-eabi/5.4.1/../../../../arm-none-eabi/lib/armv7-m\libg_nano.a(lib_a-nano-reallocr.o)
                0x000046f0                _realloc_r
 .text._sbrk_r  0x0000473c       0x20 c:/program files (x86)/cypress/psoc creator/4.4/psoc creator/import/gnu/arm/5.4.1/bin/../lib/gcc/arm-none-eabi/5.4.1/../../../../arm-none-eabi/lib/armv7-m\libg_nano.a(lib_a-sbrkr.o)
                0x0000473c                _sbrk_r
 .text.__malloc_lock
                0x0000475c        0x2 c:/program files (x86)/cypress/psoc creator/4.4/psoc creator/import/gnu/arm/5.4.1/bin/../lib/gcc/arm-none-eabi/5.4.1/../../../../arm-none-eabi/lib/armv7-m\libg_nano.a(lib_a-mlock.o)
                0x0000475c                __malloc_lock
 .text.__malloc_unlock
                0x0000475e        0x2 c:/program files (x86)/cypress/psoc creator/4.4/psoc creator/import/gnu/arm/5.4.1/bin/../lib/gcc/arm-none-eabi/5.4.1/../../../../arm-none-eabi/lib/armv7-m\libg_nano.a(lib_a-mlock.o)
                0x0000475e                __malloc_unlock
 .text._malloc_usable_size_r
                0x00004760       0x14 c:/program files (x86)/cypress/psoc creator/4.4/psoc creator/import/gnu/arm/5.4.1/bin/../lib/gcc/arm-none-eabi/5.4.1/../../../../arm-none-eabi/lib/armv7-m\libg_nano.a(lib_a-nano-msizer.o)
                0x00004760                _malloc_usable_size_r
 *(.plt)
 *(.gnu.warning)
 *(.glue_7t)
 .glue_7t       0x00004774        0x0 linker stubs
 *(.glue_7)
 .glue_7        0x00004774        0x0 linker stubs
 *(.vfp11_veneer)
 .vfp11_veneer  0x00004774        0x0 linker stubs
 *(.bootloader)
 *(.ARM.extab* .gnu.linkonce.armextab.*)
 *(.gcc_except_table)

.v4_bx          0x00004774        0x0
 .v4_bx         0x00004774        0x0 linker stubs

.iplt           0x00004774        0x0
 .iplt          0x00004774        0x0 c:/program files (x86)/cypress/psoc creator/4.4/psoc creator/import/gnu/arm/5.4.1/bin/../lib/gcc/arm-none-eabi/5.4.1/armv7-m/crtbegin.o

.eh_frame_hdr
 *(.eh_frame_hdr)

.eh_frame       0x00004774        0x4
 *(.eh_frame)
 .eh_frame      0x00004774        0x0 c:/program files (x86)/cypress/psoc creator/4.4/psoc creator/import/gnu/arm/5.4.1/bin/../lib/gcc/arm-none-eabi/5.4.1/armv7-m/crtbegin.o
 .eh_frame      0x00004774        0x4 c:/program files (x86)/cypress/psoc creator/4.4/psoc creator/import/gnu/arm/5.4.1/bin/../lib/gcc/arm-none-eabi/5.4.1/armv7-m/crtend.o
                [!provide]                PROVIDE (__exidx_start, .)

.ARM.exidx
 *(.ARM.exidx* .gnu.linkonce.armexidx.*)
                0x00004778                __exidx_end = .

.rodata         0x00004778      0x2f8
 *(.rodata .rodata.* .gnu.linkonce.r.*)
 .rodata.str1.4
                0x00004778       0x4c .\CortexM3\ARM_GCC_541\Debug\functions.o
                                 0x49 (size before relaxing)
 .rodata        0x000047c4       0x5e .\CortexM3\ARM_GCC_541\Debug\cyfitter_cfg.o
                0x000047c4                Mux__addrTable
                0x000047e4                Mux__maskTable
                0x000047ec                ADC_AMux__addrTable
                0x000047f4                ADC_AMux__maskTable
 *fill*         0x00004822        0x2 
 .rodata.npio2_hw
                0x00004824       0x80 c:/program files (x86)/cypress/psoc creator/4.4/psoc creator/import/gnu/arm/5.4.1/bin/../lib/gcc/arm-none-eabi/5.4.1/../../../../arm-none-eabi/lib/armv7-m\libm.a(lib_a-e_rem_pio2.o)
 .rodata.two_over_pi
                0x000048a4      0x108 c:/program files (x86)/cypress/psoc creator/4.4/psoc creator/import/gnu/arm/5.4.1/bin/../lib/gcc/arm-none-eabi/5.4.1/../../../../arm-none-eabi/lib/armv7-m\libm.a(lib_a-e_rem_pio2.o)
 .rodata.init_jk
                0x000049ac       0x10 c:/program files (x86)/cypress/psoc creator/4.4/psoc creator/import/gnu/arm/5.4.1/bin/../lib/gcc/arm-none-eabi/5.4.1/../../../../arm-none-eabi/lib/armv7-m\libm.a(lib_a-k_rem_pio2.o)
 *fill*         0x000049bc        0x4 
 .rodata.PIo2   0x000049c0       0x40 c:/program files (x86)/cypress/psoc creator/4.4/psoc creator/import/gnu/arm/5.4.1/bin/../lib/gcc/arm-none-eabi/5.4.1/../../../../arm-none-eabi/lib/armv7-m\libm.a(lib_a-k_rem_pio2.o)
 .rodata.str1.1
                0x00004a00        0x2 c:/program files (x86)/cypress/psoc creator/4.4/psoc creator/import/gnu/arm/5.4.1/bin/../lib/gcc/arm-none-eabi/5.4.1/../../../../arm-none-eabi/lib/armv7-m\libg_nano.a(lib_a-impure.o)
 .rodata.str1.1
                0x00004a02       0x11 c:/program files (x86)/cypress/psoc creator/4.4/psoc creator/import/gnu/arm/5.4.1/bin/../lib/gcc/arm-none-eabi/5.4.1/../../../../arm-none-eabi/lib/armv7-m\libg_nano.a(lib_a-nano-svfprintf.o)
 .rodata.str1.1
                0x00004a13       0x22 c:/program files (x86)/cypress/psoc creator/4.4/psoc creator/import/gnu/arm/5.4.1/bin/../lib/gcc/arm-none-eabi/5.4.1/../../../../arm-none-eabi/lib/armv7-m\libg_nano.a(lib_a-nano-vfprintf_i.o)
                0x00004a38                . = ALIGN (0x4)
 *fill*         0x00004a35        0x3 
 *(.init)
 .init          0x00004a38        0x4 c:/program files (x86)/cypress/psoc creator/4.4/psoc creator/import/gnu/arm/5.4.1/bin/../lib/gcc/arm-none-eabi/5.4.1/armv7-m/crti.o
                0x00004a38                _init
 .init          0x00004a3c        0x8 c:/program files (x86)/cypress/psoc creator/4.4/psoc creator/import/gnu/arm/5.4.1/bin/../lib/gcc/arm-none-eabi/5.4.1/armv7-m/crtn.o
                0x00004a44                . = ALIGN (0x4)
                0x00004a44                __preinit_array_start = .
 *(.preinit_array)
                0x00004a44                __preinit_array_end = .
                0x00004a44                . = ALIGN (0x4)
                0x00004a44                __init_array_start = .
 *(SORT(.init_array.*))
 *(.init_array)
 .init_array    0x00004a44        0x4 c:/program files (x86)/cypress/psoc creator/4.4/psoc creator/import/gnu/arm/5.4.1/bin/../lib/gcc/arm-none-eabi/5.4.1/armv7-m/crtbegin.o
 .init_array    0x00004a48        0x4 .\CortexM3\ARM_GCC_541\Debug\Cm3Start.o
                0x00004a4c                __init_array_end = .
                0x00004a4c                . = ALIGN (0x4)
 *(.fini)
 .fini          0x00004a4c        0x4 c:/program files (x86)/cypress/psoc creator/4.4/psoc creator/import/gnu/arm/5.4.1/bin/../lib/gcc/arm-none-eabi/5.4.1/armv7-m/crti.o
                0x00004a4c                _fini
 .fini          0x00004a50        0x8 c:/program files (x86)/cypress/psoc creator/4.4/psoc creator/import/gnu/arm/5.4.1/bin/../lib/gcc/arm-none-eabi/5.4.1/armv7-m/crtn.o
                0x00004a58                . = ALIGN (0x4)
                0x00004a58                __fini_array_start = .
 *(.fini_array)
 .fini_array    0x00004a58        0x4 c:/program files (x86)/cypress/psoc creator/4.4/psoc creator/import/gnu/arm/5.4.1/bin/../lib/gcc/arm-none-eabi/5.4.1/armv7-m/crtbegin.o
 *(SORT(.fini_array.*))
                0x00004a5c                __fini_array_end = .
                0x00004a5c                . = ALIGN (0x4)
 *crtbegin.o(.ctors)
 *(EXCLUDE_FILE(*crtend.o) .ctors)
 *(SORT(.ctors.*))
 *crtend.o(.ctors)
                0x00004a5c                . = ALIGN (0x4)
 *crtbegin.o(.dtors)
 *(EXCLUDE_FILE(*crtend.o) .dtors)
 *(SORT(.dtors.*))
 *crtend.o(.dtors)
                0x00004a5c                . = ALIGN (0x4)
                0x00004a5c                __cy_regions = .
                0x00004a5c        0x4 LONG 0x4a70 __cy_region_init_ram
                0x00004a60        0x4 LONG 0x1fff80c8 __cy_region_start_data
                0x00004a64        0x4 LONG 0x80 __cy_region_init_size_ram
                0x00004a68        0x4 LONG 0x1fa8 __cy_region_zero_size_ram
                0x00004a6c                __cy_regions_end = .
                0x00004a70                . = ALIGN (0x8)
 *fill*         0x00004a6c        0x4 
                0x00004a70                _etext = .

.cy_checksum_exclude
                0x00004a70        0x0
 *(.cy_checksum_exclude)

.ramvectors     0x1fff8000       0xc0
                0x1fff8000                __cy_region_start_ram = .
 *(.ramvectors)
 .ramvectors    0x1fff8000       0xc0 .\CortexM3\ARM_GCC_541\Debug\Cm3Start.o
                0x1fff8000                CyRamVectors

.noinit         0x1fff80c0        0x1
 *(.noinit)
 .noinit        0x1fff80c0        0x1 .\CortexM3\ARM_GCC_541\Debug\Glimball.a(CyLib.o)
                0x1fff80c0                CyResetStatus

.data           0x1fff80c8       0x80 load address 0x00004a70
                0x1fff80c8                __cy_region_start_data = .
 *(.jcr)
 .jcr           0x1fff80c8        0x0 c:/program files (x86)/cypress/psoc creator/4.4/psoc creator/import/gnu/arm/5.4.1/bin/../lib/gcc/arm-none-eabi/5.4.1/armv7-m/crtbegin.o
 .jcr           0x1fff80c8        0x4 c:/program files (x86)/cypress/psoc creator/4.4/psoc creator/import/gnu/arm/5.4.1/bin/../lib/gcc/arm-none-eabi/5.4.1/armv7-m/crtend.o
 *(.got.plt)
 *(.got)
 *(.shdata)
 *(.data .data.* .gnu.linkonce.d.*)
 .data          0x1fff80cc        0x4 .\CortexM3\ARM_GCC_541\Debug\Cm3Start.o
 .data          0x1fff80d0       0x10 .\CortexM3\ARM_GCC_541\Debug\Glimball.a(CyLib.o)
                0x1fff80d0                cydelay_32k_ms
                0x1fff80d4                cydelay_freq_khz
                0x1fff80d8                cydelay_freq_mhz
                0x1fff80dc                cydelay_freq_hz
 .data          0x1fff80e0        0x1 .\CortexM3\ARM_GCC_541\Debug\Glimball.a(ADC.o)
                0x1fff80e0                ADC_Config
 .data          0x1fff80e1        0x1 .\CortexM3\ARM_GCC_541\Debug\Glimball.a(ADC_AMux.o)
 .data          0x1fff80e2        0x1 .\CortexM3\ARM_GCC_541\Debug\Glimball.a(Mux.o)
 *fill*         0x1fff80e3        0x1 
 .data.impure_data
                0x1fff80e4       0x60 c:/program files (x86)/cypress/psoc creator/4.4/psoc creator/import/gnu/arm/5.4.1/bin/../lib/gcc/arm-none-eabi/5.4.1/../../../../arm-none-eabi/lib/armv7-m\libg_nano.a(lib_a-impure.o)
 .data._impure_ptr
                0x1fff8144        0x4 c:/program files (x86)/cypress/psoc creator/4.4/psoc creator/import/gnu/arm/5.4.1/bin/../lib/gcc/arm-none-eabi/5.4.1/../../../../arm-none-eabi/lib/armv7-m\libg_nano.a(lib_a-impure.o)
                0x1fff8144                _impure_ptr
                0x1fff8148                . = ALIGN (0x8)
 *(.ram)
                0x1fff8148                _edata = .

.igot.plt       0x1fff8148        0x0 load address 0x00004af0
 .igot.plt      0x1fff8148        0x0 c:/program files (x86)/cypress/psoc creator/4.4/psoc creator/import/gnu/arm/5.4.1/bin/../lib/gcc/arm-none-eabi/5.4.1/armv7-m/crtbegin.o

.bss            0x1fff8148     0x1fa8 load address 0x00004af0
                0x1fff8148                PROVIDE (__bss_start__, .)
 *(.shbss)
 *(.bss .bss.* .gnu.linkonce.b.*)
 .bss           0x1fff8148       0x1c c:/program files (x86)/cypress/psoc creator/4.4/psoc creator/import/gnu/arm/5.4.1/bin/../lib/gcc/arm-none-eabi/5.4.1/armv7-m/crtbegin.o
 .bss           0x1fff8164       0x10 .\CortexM3\ARM_GCC_541\Debug\functions.o
                0x1fff8164                iterator
                0x1fff8168                step
                0x1fff816c                test_mode
                0x1fff8170                mode
 .bss           0x1fff8174        0x2 .\CortexM3\ARM_GCC_541\Debug\Glimball.a(LCD.o)
                0x1fff8174                LCD_enableState
                0x1fff8175                LCD_initVar
 *fill*         0x1fff8176        0x2 
 .bss           0x1fff8178       0x18 .\CortexM3\ARM_GCC_541\Debug\Glimball.a(ADC.o)
                0x1fff8188                ADC_stopConversion
                0x1fff8189                ADC_convDone
                0x1fff818a                ADC_initVar
                0x1fff818b                ADC_started
                0x1fff818c                ADC_Offset
 .bss           0x1fff8190        0x1 .\CortexM3\ARM_GCC_541\Debug\Glimball.a(PWM.o)
                0x1fff8190                PWM_initVar
 .bss           0x1fff8191        0x1 .\CortexM3\ARM_GCC_541\Debug\Glimball.a(Timer.o)
                0x1fff8191                Timer_initVar
 .bss           0x1fff8192        0x1 .\CortexM3\ARM_GCC_541\Debug\Glimball.a(VDAC.o)
                0x1fff8192                VDAC_initVar
 .bss           0x1fff8193        0x2 .\CortexM3\ARM_GCC_541\Debug\Glimball.a(UART.o)
                0x1fff8193                UART_initVar
 *fill*         0x1fff8195        0x3 
 .bss.__malloc_sbrk_start
                0x1fff8198        0x4 c:/program files (x86)/cypress/psoc creator/4.4/psoc creator/import/gnu/arm/5.4.1/bin/../lib/gcc/arm-none-eabi/5.4.1/../../../../arm-none-eabi/lib/armv7-m\libg_nano.a(lib_a-nano-mallocr.o)
                0x1fff8198                __malloc_sbrk_start
 .bss.__malloc_free_list
                0x1fff819c        0x4 c:/program files (x86)/cypress/psoc creator/4.4/psoc creator/import/gnu/arm/5.4.1/bin/../lib/gcc/arm-none-eabi/5.4.1/../../../../arm-none-eabi/lib/armv7-m\libg_nano.a(lib_a-nano-mallocr.o)
                0x1fff819c                __malloc_free_list
 *(COMMON)
 COMMON         0x1fff81a0     0x1f44 .\CortexM3\ARM_GCC_541\Debug\functions.o
                0x1fff81a0                sin_value
                0x1fff81a4                sin_wave
 COMMON         0x1fffa0e4        0x4 .\CortexM3\ARM_GCC_541\Debug\Glimball.a(ADC.o)
                0x1fffa0e4                ADC_CountsPerVolt
 COMMON         0x1fffa0e8        0x4 c:/program files (x86)/cypress/psoc creator/4.4/psoc creator/import/gnu/arm/5.4.1/bin/../lib/gcc/arm-none-eabi/5.4.1/../../../../arm-none-eabi/lib/armv7-m\libg_nano.a(lib_a-reent.o)
                0x1fffa0e8                errno
                0x1fffa0f0                . = ALIGN (0x8)
 *fill*         0x1fffa0ec        0x4 
 *(.ram.b)
                0x1fffa0f0                _end = .
                0x1fffa0f0                __end = .
                0x1fffa0f0                PROVIDE (end, .)
                0x1fffa0f0                PROVIDE (__bss_end__, .)
                0x00004a70                __cy_region_init_ram = LOADADDR (.data)
                0x00000080                __cy_region_init_size_ram = (_edata - ADDR (.data))
                0x00001fa8                __cy_region_zero_size_ram = (_end - _edata)

.heap           0x1fffa0f0       0x80 load address 0x00004af0
                0x1fffa0f0                . = _end
                0x1fffa170                . = (. + 0x80)
 *fill*         0x1fffa0f0       0x80 
                0x1fffa170                __cy_heap_limit = .

.stack          0x20007800      0x800
                0x20007800                __cy_stack_limit = .
                0x20008000                . = (. + 0x800)
 *fill*         0x20007800      0x800 
                0x00000001                ASSERT ((__cy_stack_limit >= __cy_heap_limit), region RAM overflowed with stack)
                0x00000000                cy_checksum_exclude_size = (CY_APPL_LOADABLE == 0x1)?SIZEOF (.cy_checksum_exclude):0x0
                0x00000001                ASSERT ((cy_checksum_exclude_size <= CY_CHECKSUM_EXCLUDE_SIZE), CY_BOOT: Section .cy_checksum_exclude size exceedes specified limit.)

.cyloadermeta
 *(.cyloadermeta)

.cyloadablemeta
 *(.cyloadablemeta)

.cyconfigecc    0x80000000      0x538
 *(.cyconfigecc)
 .cyconfigecc   0x80000000      0x538 .\CortexM3\ARM_GCC_541\Debug\cymetadata.o
                0x80000000                cy_meta_configecc

.cycustnvl      0x90000000        0x4
 *(.cycustnvl)
 .cycustnvl     0x90000000        0x4 .\CortexM3\ARM_GCC_541\Debug\cymetadata.o
                0x90000000                cy_meta_custnvl

.cywolatch      0x90100000        0x4
 *(.cywolatch)
 .cywolatch     0x90100000        0x4 .\CortexM3\ARM_GCC_541\Debug\cymetadata.o
                0x90100000                cy_meta_wonvl

.cyeeprom       0x90200000        0x0
 *(.cyeeprom)
                0x00000001                ASSERT ((. <= ((0x90200000 + ee_offset) + ee_size)), .cyeeprom data will not fit in EEPROM)

.cyflashprotect
                0x90400000      0x100
 *(.cyflashprotect)
 .cyflashprotect
                0x90400000      0x100 .\CortexM3\ARM_GCC_541\Debug\cymetadata.o
                0x90400000                cy_meta_flashprotect

.cymeta         0x90500000        0xc
 *(.cymeta)
 .cymeta        0x90500000        0xc .\CortexM3\ARM_GCC_541\Debug\cymetadata.o
                0x90500000                cy_metadata

.rel.dyn        0x00004af0        0x0 load address 0x9050000c
 .rel.iplt      0x00004af0        0x0 c:/program files (x86)/cypress/psoc creator/4.4/psoc creator/import/gnu/arm/5.4.1/bin/../lib/gcc/arm-none-eabi/5.4.1/armv7-m/crtbegin.o

.stab
 *(.stab)

.stabstr
 *(.stabstr)

.debug
 *(.debug)

.line
 *(.line)

.debug_srcinfo
 *(.debug_srcinfo)

.debug_sfnames
 *(.debug_sfnames)

.debug_aranges  0x00000000     0x1000
 *(.debug_aranges)
 .debug_aranges
                0x00000000       0x20 .\CortexM3\ARM_GCC_541\Debug\main.o
 .debug_aranges
                0x00000020       0xc8 .\CortexM3\ARM_GCC_541\Debug\functions.o
 .debug_aranges
                0x000000e8       0x28 .\CortexM3\ARM_GCC_541\Debug\keypad.o
 .debug_aranges
                0x00000110       0x78 .\CortexM3\ARM_GCC_541\Debug\cyfitter_cfg.o
 .debug_aranges
                0x00000188       0x18 .\CortexM3\ARM_GCC_541\Debug\cymetadata.o
 .debug_aranges
                0x000001a0       0x48 .\CortexM3\ARM_GCC_541\Debug\Cm3Start.o
 .debug_aranges
                0x000001e8      0x2a0 .\CortexM3\ARM_GCC_541\Debug\Glimball.a(CyLib.o)
 .debug_aranges
                0x00000488       0x98 .\CortexM3\ARM_GCC_541\Debug\Glimball.a(cyPm.o)
 .debug_aranges
                0x00000520       0x38 .\CortexM3\ARM_GCC_541\Debug\Glimball.a(LED1.o)
 .debug_aranges
                0x00000558       0x38 .\CortexM3\ARM_GCC_541\Debug\Glimball.a(LED2.o)
 .debug_aranges
                0x00000590       0x38 .\CortexM3\ARM_GCC_541\Debug\Glimball.a(LED3.o)
 .debug_aranges
                0x000005c8       0x38 .\CortexM3\ARM_GCC_541\Debug\Glimball.a(LED4.o)
 .debug_aranges
                0x00000600       0x38 .\CortexM3\ARM_GCC_541\Debug\Glimball.a(SW1.o)
 .debug_aranges
                0x00000638       0x38 .\CortexM3\ARM_GCC_541\Debug\Glimball.a(SW2.o)
 .debug_aranges
                0x00000670       0x98 .\CortexM3\ARM_GCC_541\Debug\Glimball.a(LCD.o)
 .debug_aranges
                0x00000708       0x38 .\CortexM3\ARM_GCC_541\Debug\Glimball.a(ROW0.o)
 .debug_aranges
                0x00000740       0x38 .\CortexM3\ARM_GCC_541\Debug\Glimball.a(ROW1.o)
 .debug_aranges
                0x00000778       0x38 .\CortexM3\ARM_GCC_541\Debug\Glimball.a(ROW2.o)
 .debug_aranges
                0x000007b0       0x38 .\CortexM3\ARM_GCC_541\Debug\Glimball.a(ROW3.o)
 .debug_aranges
                0x000007e8       0x38 .\CortexM3\ARM_GCC_541\Debug\Glimball.a(COL1.o)
 .debug_aranges
                0x00000820       0x38 .\CortexM3\ARM_GCC_541\Debug\Glimball.a(COL2.o)
 .debug_aranges
                0x00000858       0x38 .\CortexM3\ARM_GCC_541\Debug\Glimball.a(COL3.o)
 .debug_aranges
                0x00000890       0xe8 .\CortexM3\ARM_GCC_541\Debug\Glimball.a(ADC.o)
 .debug_aranges
                0x00000978       0x38 .\CortexM3\ARM_GCC_541\Debug\Glimball.a(ADC_INT.o)
 .debug_aranges
                0x000009b0       0x98 .\CortexM3\ARM_GCC_541\Debug\Glimball.a(PWM.o)
 .debug_aranges
                0x00000a48       0x70 .\CortexM3\ARM_GCC_541\Debug\Glimball.a(ADC_Ext_CP_Clk.o)
 .debug_aranges
                0x00000ab8       0x80 .\CortexM3\ARM_GCC_541\Debug\Glimball.a(ADC_theACLK.o)
 .debug_aranges
                0x00000b38       0x30 .\CortexM3\ARM_GCC_541\Debug\Glimball.a(ADC_AMux.o)
 .debug_aranges
                0x00000b68       0x30 .\CortexM3\ARM_GCC_541\Debug\Glimball.a(Mux.o)
 .debug_aranges
                0x00000b98       0x88 .\CortexM3\ARM_GCC_541\Debug\Glimball.a(Timer.o)
 .debug_aranges
                0x00000c20       0x58 .\CortexM3\ARM_GCC_541\Debug\Glimball.a(VDAC.o)
 .debug_aranges
                0x00000c78       0x80 .\CortexM3\ARM_GCC_541\Debug\Glimball.a(ISR_SOUND.o)
 .debug_aranges
                0x00000cf8       0xf0 .\CortexM3\ARM_GCC_541\Debug\Glimball.a(UART.o)
 .debug_aranges
                0x00000de8       0x70 .\CortexM3\ARM_GCC_541\Debug\Glimball.a(UART_IntClock.o)
 .debug_aranges
                0x00000e58       0x80 .\CortexM3\ARM_GCC_541\Debug\Glimball.a(isr_uart.o)
 .debug_aranges
                0x00000ed8       0x20 .\CortexM3\ARM_GCC_541\Debug\Glimball.a(CyBootAsmGnu.o)
 .debug_aranges
                0x00000ef8       0x88 .\CortexM3\ARM_GCC_541\Debug\Glimball.a(CyFlash.o)
 .debug_aranges
                0x00000f80       0x80 .\CortexM3\ARM_GCC_541\Debug\Glimball.a(CySpc.o)

.debug_pubnames
 *(.debug_pubnames)

.debug_info     0x00000000     0x86b8
 *(.debug_info .gnu.linkonce.wi.*)
 .debug_info    0x00000000      0x120 .\CortexM3\ARM_GCC_541\Debug\main.o
 .debug_info    0x00000120      0xbf8 .\CortexM3\ARM_GCC_541\Debug\functions.o
 .debug_info    0x00000d18      0x380 .\CortexM3\ARM_GCC_541\Debug\keypad.o
 .debug_info    0x00001098      0x6a8 .\CortexM3\ARM_GCC_541\Debug\cyfitter_cfg.o
 .debug_info    0x00001740      0x136 .\CortexM3\ARM_GCC_541\Debug\cymetadata.o
 .debug_info    0x00001876      0x3bb .\CortexM3\ARM_GCC_541\Debug\Cm3Start.o
 .debug_info    0x00001c31     0x1374 .\CortexM3\ARM_GCC_541\Debug\Glimball.a(CyLib.o)
 .debug_info    0x00002fa5      0xa2a .\CortexM3\ARM_GCC_541\Debug\Glimball.a(cyPm.o)
 .debug_info    0x000039cf      0x11f .\CortexM3\ARM_GCC_541\Debug\Glimball.a(LED1.o)
 .debug_info    0x00003aee      0x11f .\CortexM3\ARM_GCC_541\Debug\Glimball.a(LED2.o)
 .debug_info    0x00003c0d      0x11f .\CortexM3\ARM_GCC_541\Debug\Glimball.a(LED3.o)
 .debug_info    0x00003d2c      0x11f .\CortexM3\ARM_GCC_541\Debug\Glimball.a(LED4.o)
 .debug_info    0x00003e4b      0x11f .\CortexM3\ARM_GCC_541\Debug\Glimball.a(SW1.o)
 .debug_info    0x00003f6a      0x11f .\CortexM3\ARM_GCC_541\Debug\Glimball.a(SW2.o)
 .debug_info    0x00004089      0x715 .\CortexM3\ARM_GCC_541\Debug\Glimball.a(LCD.o)
 .debug_info    0x0000479e      0x11f .\CortexM3\ARM_GCC_541\Debug\Glimball.a(ROW0.o)
 .debug_info    0x000048bd      0x11f .\CortexM3\ARM_GCC_541\Debug\Glimball.a(ROW1.o)
 .debug_info    0x000049dc      0x11f .\CortexM3\ARM_GCC_541\Debug\Glimball.a(ROW2.o)
 .debug_info    0x00004afb      0x11f .\CortexM3\ARM_GCC_541\Debug\Glimball.a(ROW3.o)
 .debug_info    0x00004c1a      0x11f .\CortexM3\ARM_GCC_541\Debug\Glimball.a(COL1.o)
 .debug_info    0x00004d39      0x11f .\CortexM3\ARM_GCC_541\Debug\Glimball.a(COL2.o)
 .debug_info    0x00004e58      0x11f .\CortexM3\ARM_GCC_541\Debug\Glimball.a(COL3.o)
 .debug_info    0x00004f77      0xbee .\CortexM3\ARM_GCC_541\Debug\Glimball.a(ADC.o)
 .debug_info    0x00005b65       0xd3 .\CortexM3\ARM_GCC_541\Debug\Glimball.a(ADC_INT.o)
 .debug_info    0x00005c38      0x354 .\CortexM3\ARM_GCC_541\Debug\Glimball.a(PWM.o)
 .debug_info    0x00005f8c      0x283 .\CortexM3\ARM_GCC_541\Debug\Glimball.a(ADC_Ext_CP_Clk.o)
 .debug_info    0x0000620f      0x2c4 .\CortexM3\ARM_GCC_541\Debug\Glimball.a(ADC_theACLK.o)
 .debug_info    0x000064d3      0x165 .\CortexM3\ARM_GCC_541\Debug\Glimball.a(ADC_AMux.o)
 .debug_info    0x00006638      0x165 .\CortexM3\ARM_GCC_541\Debug\Glimball.a(Mux.o)
 .debug_info    0x0000679d      0x295 .\CortexM3\ARM_GCC_541\Debug\Glimball.a(Timer.o)
 .debug_info    0x00006a32      0x1e0 .\CortexM3\ARM_GCC_541\Debug\Glimball.a(VDAC.o)
 .debug_info    0x00006c12      0x2d2 .\CortexM3\ARM_GCC_541\Debug\Glimball.a(ISR_SOUND.o)
 .debug_info    0x00006ee4      0x60c .\CortexM3\ARM_GCC_541\Debug\Glimball.a(UART.o)
 .debug_info    0x000074f0      0x283 .\CortexM3\ARM_GCC_541\Debug\Glimball.a(UART_IntClock.o)
 .debug_info    0x00007773      0x2d2 .\CortexM3\ARM_GCC_541\Debug\Glimball.a(isr_uart.o)
 .debug_info    0x00007a45       0xd6 .\CortexM3\ARM_GCC_541\Debug\Glimball.a(CyBootAsmGnu.o)
 .debug_info    0x00007b1b      0x64d .\CortexM3\ARM_GCC_541\Debug\Glimball.a(CyFlash.o)
 .debug_info    0x00008168      0x550 .\CortexM3\ARM_GCC_541\Debug\Glimball.a(CySpc.o)

.debug_abbrev   0x00000000     0x2664
 *(.debug_abbrev)
 .debug_abbrev  0x00000000       0x8a .\CortexM3\ARM_GCC_541\Debug\main.o
 .debug_abbrev  0x0000008a      0x1e2 .\CortexM3\ARM_GCC_541\Debug\functions.o
 .debug_abbrev  0x0000026c       0xc5 .\CortexM3\ARM_GCC_541\Debug\keypad.o
 .debug_abbrev  0x00000331      0x21e .\CortexM3\ARM_GCC_541\Debug\cyfitter_cfg.o
 .debug_abbrev  0x0000054f       0x77 .\CortexM3\ARM_GCC_541\Debug\cymetadata.o
 .debug_abbrev  0x000005c6      0x1e8 .\CortexM3\ARM_GCC_541\Debug\Cm3Start.o
 .debug_abbrev  0x000007ae      0x254 .\CortexM3\ARM_GCC_541\Debug\Glimball.a(CyLib.o)
 .debug_abbrev  0x00000a02      0x1ab .\CortexM3\ARM_GCC_541\Debug\Glimball.a(cyPm.o)
 .debug_abbrev  0x00000bad       0x90 .\CortexM3\ARM_GCC_541\Debug\Glimball.a(LED1.o)
 .debug_abbrev  0x00000c3d       0x90 .\CortexM3\ARM_GCC_541\Debug\Glimball.a(LED2.o)
 .debug_abbrev  0x00000ccd       0x90 .\CortexM3\ARM_GCC_541\Debug\Glimball.a(LED3.o)
 .debug_abbrev  0x00000d5d       0x90 .\CortexM3\ARM_GCC_541\Debug\Glimball.a(LED4.o)
 .debug_abbrev  0x00000ded       0x90 .\CortexM3\ARM_GCC_541\Debug\Glimball.a(SW1.o)
 .debug_abbrev  0x00000e7d       0x90 .\CortexM3\ARM_GCC_541\Debug\Glimball.a(SW2.o)
 .debug_abbrev  0x00000f0d      0x157 .\CortexM3\ARM_GCC_541\Debug\Glimball.a(LCD.o)
 .debug_abbrev  0x00001064       0x90 .\CortexM3\ARM_GCC_541\Debug\Glimball.a(ROW0.o)
 .debug_abbrev  0x000010f4       0x90 .\CortexM3\ARM_GCC_541\Debug\Glimball.a(ROW1.o)
 .debug_abbrev  0x00001184       0x90 .\CortexM3\ARM_GCC_541\Debug\Glimball.a(ROW2.o)
 .debug_abbrev  0x00001214       0x90 .\CortexM3\ARM_GCC_541\Debug\Glimball.a(ROW3.o)
 .debug_abbrev  0x000012a4       0x90 .\CortexM3\ARM_GCC_541\Debug\Glimball.a(COL1.o)
 .debug_abbrev  0x00001334       0x90 .\CortexM3\ARM_GCC_541\Debug\Glimball.a(COL2.o)
 .debug_abbrev  0x000013c4       0x90 .\CortexM3\ARM_GCC_541\Debug\Glimball.a(COL3.o)
 .debug_abbrev  0x00001454      0x1eb .\CortexM3\ARM_GCC_541\Debug\Glimball.a(ADC.o)
 .debug_abbrev  0x0000163f       0x42 .\CortexM3\ARM_GCC_541\Debug\Glimball.a(ADC_INT.o)
 .debug_abbrev  0x00001681      0x133 .\CortexM3\ARM_GCC_541\Debug\Glimball.a(PWM.o)
 .debug_abbrev  0x000017b4      0x139 .\CortexM3\ARM_GCC_541\Debug\Glimball.a(ADC_Ext_CP_Clk.o)
 .debug_abbrev  0x000018ed      0x121 .\CortexM3\ARM_GCC_541\Debug\Glimball.a(ADC_theACLK.o)
 .debug_abbrev  0x00001a0e       0xb1 .\CortexM3\ARM_GCC_541\Debug\Glimball.a(ADC_AMux.o)
 .debug_abbrev  0x00001abf       0xb1 .\CortexM3\ARM_GCC_541\Debug\Glimball.a(Mux.o)
 .debug_abbrev  0x00001b70      0x11a .\CortexM3\ARM_GCC_541\Debug\Glimball.a(Timer.o)
 .debug_abbrev  0x00001c8a       0xf7 .\CortexM3\ARM_GCC_541\Debug\Glimball.a(VDAC.o)
 .debug_abbrev  0x00001d81      0x173 .\CortexM3\ARM_GCC_541\Debug\Glimball.a(ISR_SOUND.o)
 .debug_abbrev  0x00001ef4      0x175 .\CortexM3\ARM_GCC_541\Debug\Glimball.a(UART.o)
 .debug_abbrev  0x00002069      0x139 .\CortexM3\ARM_GCC_541\Debug\Glimball.a(UART_IntClock.o)
 .debug_abbrev  0x000021a2      0x173 .\CortexM3\ARM_GCC_541\Debug\Glimball.a(isr_uart.o)
 .debug_abbrev  0x00002315       0x14 .\CortexM3\ARM_GCC_541\Debug\Glimball.a(CyBootAsmGnu.o)
 .debug_abbrev  0x00002329      0x1a7 .\CortexM3\ARM_GCC_541\Debug\Glimball.a(CyFlash.o)
 .debug_abbrev  0x000024d0      0x194 .\CortexM3\ARM_GCC_541\Debug\Glimball.a(CySpc.o)

.debug_line     0x00000000     0x3a68
 *(.debug_line)
 .debug_line    0x00000000      0x174 .\CortexM3\ARM_GCC_541\Debug\main.o
 .debug_line    0x00000174      0x4bc .\CortexM3\ARM_GCC_541\Debug\functions.o
 .debug_line    0x00000630        0x0 .\CortexM3\ARM_GCC_541\Debug\interruptions.o
 .debug_line    0x00000630      0x1ec .\CortexM3\ARM_GCC_541\Debug\keypad.o
 .debug_line    0x0000081c        0x0 .\CortexM3\ARM_GCC_541\Debug\sound.o
 .debug_line    0x0000081c      0x238 .\CortexM3\ARM_GCC_541\Debug\cyfitter_cfg.o
 .debug_line    0x00000a54      0x141 .\CortexM3\ARM_GCC_541\Debug\cymetadata.o
 .debug_line    0x00000b95      0x234 .\CortexM3\ARM_GCC_541\Debug\Cm3Start.o
 .debug_line    0x00000dc9      0x816 .\CortexM3\ARM_GCC_541\Debug\Glimball.a(CyLib.o)
 .debug_line    0x000015df      0x367 .\CortexM3\ARM_GCC_541\Debug\Glimball.a(cyPm.o)
 .debug_line    0x00001946       0x91 .\CortexM3\ARM_GCC_541\Debug\Glimball.a(LED1.o)
 .debug_line    0x000019d7       0x91 .\CortexM3\ARM_GCC_541\Debug\Glimball.a(LED2.o)
 .debug_line    0x00001a68       0x91 .\CortexM3\ARM_GCC_541\Debug\Glimball.a(LED3.o)
 .debug_line    0x00001af9       0x91 .\CortexM3\ARM_GCC_541\Debug\Glimball.a(LED4.o)
 .debug_line    0x00001b8a       0x90 .\CortexM3\ARM_GCC_541\Debug\Glimball.a(SW1.o)
 .debug_line    0x00001c1a       0x90 .\CortexM3\ARM_GCC_541\Debug\Glimball.a(SW2.o)
 .debug_line    0x00001caa      0x1dc .\CortexM3\ARM_GCC_541\Debug\Glimball.a(LCD.o)
 .debug_line    0x00001e86       0x91 .\CortexM3\ARM_GCC_541\Debug\Glimball.a(ROW0.o)
 .debug_line    0x00001f17       0x91 .\CortexM3\ARM_GCC_541\Debug\Glimball.a(ROW1.o)
 .debug_line    0x00001fa8       0x91 .\CortexM3\ARM_GCC_541\Debug\Glimball.a(ROW2.o)
 .debug_line    0x00002039       0x91 .\CortexM3\ARM_GCC_541\Debug\Glimball.a(ROW3.o)
 .debug_line    0x000020ca       0x91 .\CortexM3\ARM_GCC_541\Debug\Glimball.a(COL1.o)
 .debug_line    0x0000215b       0x91 .\CortexM3\ARM_GCC_541\Debug\Glimball.a(COL2.o)
 .debug_line    0x000021ec       0x91 .\CortexM3\ARM_GCC_541\Debug\Glimball.a(COL3.o)
 .debug_line    0x0000227d      0x3c1 .\CortexM3\ARM_GCC_541\Debug\Glimball.a(ADC.o)
 .debug_line    0x0000263e       0x80 .\CortexM3\ARM_GCC_541\Debug\Glimball.a(ADC_INT.o)
 .debug_line    0x000026be      0x186 .\CortexM3\ARM_GCC_541\Debug\Glimball.a(PWM.o)
 .debug_line    0x00002844      0x17d .\CortexM3\ARM_GCC_541\Debug\Glimball.a(ADC_Ext_CP_Clk.o)
 .debug_line    0x000029c1      0x19d .\CortexM3\ARM_GCC_541\Debug\Glimball.a(ADC_theACLK.o)
 .debug_line    0x00002b5e       0xac .\CortexM3\ARM_GCC_541\Debug\Glimball.a(ADC_AMux.o)
 .debug_line    0x00002c0a       0xa7 .\CortexM3\ARM_GCC_541\Debug\Glimball.a(Mux.o)
 .debug_line    0x00002cb1      0x153 .\CortexM3\ARM_GCC_541\Debug\Glimball.a(Timer.o)
 .debug_line    0x00002e04       0xe1 .\CortexM3\ARM_GCC_541\Debug\Glimball.a(VDAC.o)
 .debug_line    0x00002ee5      0x136 .\CortexM3\ARM_GCC_541\Debug\Glimball.a(ISR_SOUND.o)
 .debug_line    0x0000301b      0x2bc .\CortexM3\ARM_GCC_541\Debug\Glimball.a(UART.o)
 .debug_line    0x000032d7      0x17c .\CortexM3\ARM_GCC_541\Debug\Glimball.a(UART_IntClock.o)
 .debug_line    0x00003453      0x135 .\CortexM3\ARM_GCC_541\Debug\Glimball.a(isr_uart.o)
 .debug_line    0x00003588       0x66 .\CortexM3\ARM_GCC_541\Debug\Glimball.a(CyBootAsmGnu.o)
 .debug_line    0x000035ee      0x21a .\CortexM3\ARM_GCC_541\Debug\Glimball.a(CyFlash.o)
 .debug_line    0x00003808      0x260 .\CortexM3\ARM_GCC_541\Debug\Glimball.a(CySpc.o)

.debug_frame    0x00000000     0x2ae8
 *(.debug_frame)
 .debug_frame   0x00000000       0x2c .\CortexM3\ARM_GCC_541\Debug\main.o
 .debug_frame   0x0000002c      0x294 .\CortexM3\ARM_GCC_541\Debug\functions.o
 .debug_frame   0x000002c0       0x48 .\CortexM3\ARM_GCC_541\Debug\keypad.o
 .debug_frame   0x00000308      0x13c .\CortexM3\ARM_GCC_541\Debug\cyfitter_cfg.o
 .debug_frame   0x00000444       0xb8 .\CortexM3\ARM_GCC_541\Debug\Cm3Start.o
 .debug_frame   0x000004fc      0x738 .\CortexM3\ARM_GCC_541\Debug\Glimball.a(CyLib.o)
 .debug_frame   0x00000c34      0x1f8 .\CortexM3\ARM_GCC_541\Debug\Glimball.a(cyPm.o)
 .debug_frame   0x00000e2c       0x50 .\CortexM3\ARM_GCC_541\Debug\Glimball.a(LED1.o)
 .debug_frame   0x00000e7c       0x50 .\CortexM3\ARM_GCC_541\Debug\Glimball.a(LED2.o)
 .debug_frame   0x00000ecc       0x50 .\CortexM3\ARM_GCC_541\Debug\Glimball.a(LED3.o)
 .debug_frame   0x00000f1c       0x50 .\CortexM3\ARM_GCC_541\Debug\Glimball.a(LED4.o)
 .debug_frame   0x00000f6c       0x50 .\CortexM3\ARM_GCC_541\Debug\Glimball.a(SW1.o)
 .debug_frame   0x00000fbc       0x50 .\CortexM3\ARM_GCC_541\Debug\Glimball.a(SW2.o)
 .debug_frame   0x0000100c      0x1e8 .\CortexM3\ARM_GCC_541\Debug\Glimball.a(LCD.o)
 .debug_frame   0x000011f4       0x50 .\CortexM3\ARM_GCC_541\Debug\Glimball.a(ROW0.o)
 .debug_frame   0x00001244       0x50 .\CortexM3\ARM_GCC_541\Debug\Glimball.a(ROW1.o)
 .debug_frame   0x00001294       0x50 .\CortexM3\ARM_GCC_541\Debug\Glimball.a(ROW2.o)
 .debug_frame   0x000012e4       0x50 .\CortexM3\ARM_GCC_541\Debug\Glimball.a(ROW3.o)
 .debug_frame   0x00001334       0x50 .\CortexM3\ARM_GCC_541\Debug\Glimball.a(COL1.o)
 .debug_frame   0x00001384       0x50 .\CortexM3\ARM_GCC_541\Debug\Glimball.a(COL2.o)
 .debug_frame   0x000013d4       0x50 .\CortexM3\ARM_GCC_541\Debug\Glimball.a(COL3.o)
 .debug_frame   0x00001424      0x284 .\CortexM3\ARM_GCC_541\Debug\Glimball.a(ADC.o)
 .debug_frame   0x000016a8       0x50 .\CortexM3\ARM_GCC_541\Debug\Glimball.a(ADC_INT.o)
 .debug_frame   0x000016f8      0x134 .\CortexM3\ARM_GCC_541\Debug\Glimball.a(PWM.o)
 .debug_frame   0x0000182c       0xe0 .\CortexM3\ARM_GCC_541\Debug\Glimball.a(ADC_Ext_CP_Clk.o)
 .debug_frame   0x0000190c      0x100 .\CortexM3\ARM_GCC_541\Debug\Glimball.a(ADC_theACLK.o)
 .debug_frame   0x00001a0c       0x64 .\CortexM3\ARM_GCC_541\Debug\Glimball.a(ADC_AMux.o)
 .debug_frame   0x00001a70       0x64 .\CortexM3\ARM_GCC_541\Debug\Glimball.a(Mux.o)
 .debug_frame   0x00001ad4      0x108 .\CortexM3\ARM_GCC_541\Debug\Glimball.a(Timer.o)
 .debug_frame   0x00001bdc       0xb4 .\CortexM3\ARM_GCC_541\Debug\Glimball.a(VDAC.o)
 .debug_frame   0x00001c90      0x104 .\CortexM3\ARM_GCC_541\Debug\Glimball.a(ISR_SOUND.o)
 .debug_frame   0x00001d94      0x250 .\CortexM3\ARM_GCC_541\Debug\Glimball.a(UART.o)
 .debug_frame   0x00001fe4       0xe0 .\CortexM3\ARM_GCC_541\Debug\Glimball.a(UART_IntClock.o)
 .debug_frame   0x000020c4      0x104 .\CortexM3\ARM_GCC_541\Debug\Glimball.a(isr_uart.o)
 .debug_frame   0x000021c8      0x194 .\CortexM3\ARM_GCC_541\Debug\Glimball.a(CyFlash.o)
 .debug_frame   0x0000235c      0x180 .\CortexM3\ARM_GCC_541\Debug\Glimball.a(CySpc.o)
 .debug_frame   0x000024dc       0x38 c:/program files (x86)/cypress/psoc creator/4.4/psoc creator/import/gnu/arm/5.4.1/bin/../lib/gcc/arm-none-eabi/5.4.1/../../../../arm-none-eabi/lib/armv7-m\libm.a(lib_a-s_sin.o)
 .debug_frame   0x00002514       0x48 c:/program files (x86)/cypress/psoc creator/4.4/psoc creator/import/gnu/arm/5.4.1/bin/../lib/gcc/arm-none-eabi/5.4.1/../../../../arm-none-eabi/lib/armv7-m\libm.a(lib_a-e_rem_pio2.o)
 .debug_frame   0x0000255c       0x4c c:/program files (x86)/cypress/psoc creator/4.4/psoc creator/import/gnu/arm/5.4.1/bin/../lib/gcc/arm-none-eabi/5.4.1/../../../../arm-none-eabi/lib/armv7-m\libm.a(lib_a-k_cos.o)
 .debug_frame   0x000025a8       0x50 c:/program files (x86)/cypress/psoc creator/4.4/psoc creator/import/gnu/arm/5.4.1/bin/../lib/gcc/arm-none-eabi/5.4.1/../../../../arm-none-eabi/lib/armv7-m\libm.a(lib_a-k_rem_pio2.o)
 .debug_frame   0x000025f8       0x48 c:/program files (x86)/cypress/psoc creator/4.4/psoc creator/import/gnu/arm/5.4.1/bin/../lib/gcc/arm-none-eabi/5.4.1/../../../../arm-none-eabi/lib/armv7-m\libm.a(lib_a-k_sin.o)
 .debug_frame   0x00002640       0x20 c:/program files (x86)/cypress/psoc creator/4.4/psoc creator/import/gnu/arm/5.4.1/bin/../lib/gcc/arm-none-eabi/5.4.1/../../../../arm-none-eabi/lib/armv7-m\libm.a(lib_a-s_fabs.o)
 .debug_frame   0x00002660       0x34 c:/program files (x86)/cypress/psoc creator/4.4/psoc creator/import/gnu/arm/5.4.1/bin/../lib/gcc/arm-none-eabi/5.4.1/../../../../arm-none-eabi/lib/armv7-m\libm.a(lib_a-s_floor.o)
 .debug_frame   0x00002694       0x30 c:/program files (x86)/cypress/psoc creator/4.4/psoc creator/import/gnu/arm/5.4.1/bin/../lib/gcc/arm-none-eabi/5.4.1/../../../../arm-none-eabi/lib/armv7-m\libm.a(lib_a-s_scalbn.o)
 .debug_frame   0x000026c4       0x20 c:/program files (x86)/cypress/psoc creator/4.4/psoc creator/import/gnu/arm/5.4.1/bin/../lib/gcc/arm-none-eabi/5.4.1/../../../../arm-none-eabi/lib/armv7-m\libm.a(lib_a-s_copysign.o)
 .debug_frame   0x000026e4       0x20 c:/program files (x86)/cypress/psoc creator/4.4/psoc creator/import/gnu/arm/5.4.1/bin/../lib/gcc/arm-none-eabi/5.4.1/../../../../arm-none-eabi/lib/armv7-m\libg_nano.a(lib_a-errno.o)
 .debug_frame   0x00002704       0x28 c:/program files (x86)/cypress/psoc creator/4.4/psoc creator/import/gnu/arm/5.4.1/bin/../lib/gcc/arm-none-eabi/5.4.1/../../../../arm-none-eabi/lib/armv7-m\libg_nano.a(lib_a-exit.o)
 .debug_frame   0x0000272c       0x2c c:/program files (x86)/cypress/psoc creator/4.4/psoc creator/import/gnu/arm/5.4.1/bin/../lib/gcc/arm-none-eabi/5.4.1/../../../../arm-none-eabi/lib/armv7-m\libg_nano.a(lib_a-init.o)
 .debug_frame   0x00002758       0x28 c:/program files (x86)/cypress/psoc creator/4.4/psoc creator/import/gnu/arm/5.4.1/bin/../lib/gcc/arm-none-eabi/5.4.1/../../../../arm-none-eabi/lib/armv7-m\libg_nano.a(lib_a-memcpy-stub.o)
 .debug_frame   0x00002780       0x20 c:/program files (x86)/cypress/psoc creator/4.4/psoc creator/import/gnu/arm/5.4.1/bin/../lib/gcc/arm-none-eabi/5.4.1/../../../../arm-none-eabi/lib/armv7-m\libg_nano.a(lib_a-memset.o)
 .debug_frame   0x000027a0       0x70 c:/program files (x86)/cypress/psoc creator/4.4/psoc creator/import/gnu/arm/5.4.1/bin/../lib/gcc/arm-none-eabi/5.4.1/../../../../arm-none-eabi/lib/armv7-m\libg_nano.a(lib_a-sprintf.o)
 .debug_frame   0x00002810       0x20 c:/program files (x86)/cypress/psoc creator/4.4/psoc creator/import/gnu/arm/5.4.1/bin/../lib/gcc/arm-none-eabi/5.4.1/../../../../arm-none-eabi/lib/armv7-m\libg_nano.a(lib_a-strcmp.o)
 .debug_frame   0x00002830       0x90 c:/program files (x86)/cypress/psoc creator/4.4/psoc creator/import/gnu/arm/5.4.1/bin/../lib/gcc/arm-none-eabi/5.4.1/../../../../arm-none-eabi/lib/armv7-m\libg_nano.a(lib_a-nano-svfprintf.o)
 .debug_frame   0x000028c0       0x60 c:/program files (x86)/cypress/psoc creator/4.4/psoc creator/import/gnu/arm/5.4.1/bin/../lib/gcc/arm-none-eabi/5.4.1/../../../../arm-none-eabi/lib/armv7-m\libg_nano.a(lib_a-nano-vfprintf_i.o)
 .debug_frame   0x00002920       0x28 c:/program files (x86)/cypress/psoc creator/4.4/psoc creator/import/gnu/arm/5.4.1/bin/../lib/gcc/arm-none-eabi/5.4.1/../../../../arm-none-eabi/lib/armv7-m\libg_nano.a(lib_a-memchr-stub.o)
 .debug_frame   0x00002948       0x28 c:/program files (x86)/cypress/psoc creator/4.4/psoc creator/import/gnu/arm/5.4.1/bin/../lib/gcc/arm-none-eabi/5.4.1/../../../../arm-none-eabi/lib/armv7-m\libg_nano.a(lib_a-memmove.o)
 .debug_frame   0x00002970       0x38 c:/program files (x86)/cypress/psoc creator/4.4/psoc creator/import/gnu/arm/5.4.1/bin/../lib/gcc/arm-none-eabi/5.4.1/../../../../arm-none-eabi/lib/armv7-m\libg_nano.a(lib_a-nano-freer.o)
 .debug_frame   0x000029a8       0x2c c:/program files (x86)/cypress/psoc creator/4.4/psoc creator/import/gnu/arm/5.4.1/bin/../lib/gcc/arm-none-eabi/5.4.1/../../../../arm-none-eabi/lib/armv7-m\libg_nano.a(lib_a-nano-mallocr.o)
 .debug_frame   0x000029d4       0x3c c:/program files (x86)/cypress/psoc creator/4.4/psoc creator/import/gnu/arm/5.4.1/bin/../lib/gcc/arm-none-eabi/5.4.1/../../../../arm-none-eabi/lib/armv7-m\libg_nano.a(lib_a-nano-reallocr.o)
 .debug_frame   0x00002a10       0x2c c:/program files (x86)/cypress/psoc creator/4.4/psoc creator/import/gnu/arm/5.4.1/bin/../lib/gcc/arm-none-eabi/5.4.1/../../../../arm-none-eabi/lib/armv7-m\libg_nano.a(lib_a-sbrkr.o)
 .debug_frame   0x00002a3c       0x30 c:/program files (x86)/cypress/psoc creator/4.4/psoc creator/import/gnu/arm/5.4.1/bin/../lib/gcc/arm-none-eabi/5.4.1/../../../../arm-none-eabi/lib/armv7-m\libg_nano.a(lib_a-mlock.o)
 .debug_frame   0x00002a6c       0x20 c:/program files (x86)/cypress/psoc creator/4.4/psoc creator/import/gnu/arm/5.4.1/bin/../lib/gcc/arm-none-eabi/5.4.1/../../../../arm-none-eabi/lib/armv7-m\libg_nano.a(lib_a-nano-msizer.o)
 .debug_frame   0x00002a8c       0x5c c:/program files (x86)/cypress/psoc creator/4.4/psoc creator/import/gnu/arm/5.4.1/bin/../lib/gcc/arm-none-eabi/5.4.1/../../../../arm-none-eabi/lib/armv7-m\libg_nano.a(lib_a-reent.o)

.debug_str      0x00000000     0x2b2d
 *(.debug_str)
 .debug_str     0x00000000      0x1ca .\CortexM3\ARM_GCC_541\Debug\main.o
                                0x212 (size before relaxing)
 .debug_str     0x000001ca      0x335 .\CortexM3\ARM_GCC_541\Debug\functions.o
                                0x590 (size before relaxing)
 .debug_str     0x000004ff       0x67 .\CortexM3\ARM_GCC_541\Debug\interruptions.o
                                 0xf5 (size before relaxing)
 .debug_str     0x00000566       0x52 .\CortexM3\ARM_GCC_541\Debug\keypad.o
                                0x262 (size before relaxing)
 .debug_str     0x000005b8        0x8 .\CortexM3\ARM_GCC_541\Debug\sound.o
                                 0xed (size before relaxing)
 .debug_str     0x000005c0      0x1c0 .\CortexM3\ARM_GCC_541\Debug\cyfitter_cfg.o
                                0x3d1 (size before relaxing)
 .debug_str     0x00000780       0x75 .\CortexM3\ARM_GCC_541\Debug\cymetadata.o
                                0x22a (size before relaxing)
 .debug_str     0x000007f5      0x144 .\CortexM3\ARM_GCC_541\Debug\Cm3Start.o
                                0x350 (size before relaxing)
 .debug_str     0x00000939      0x838 .\CortexM3\ARM_GCC_541\Debug\Glimball.a(CyLib.o)
                                0xa8d (size before relaxing)
 .debug_str     0x00001171      0x365 .\CortexM3\ARM_GCC_541\Debug\Glimball.a(cyPm.o)
                                0x779 (size before relaxing)
 .debug_str     0x000014d6       0x56 .\CortexM3\ARM_GCC_541\Debug\Glimball.a(LED1.o)
                                0x223 (size before relaxing)
 .debug_str     0x0000152c       0x4b .\CortexM3\ARM_GCC_541\Debug\Glimball.a(LED2.o)
                                0x223 (size before relaxing)
 .debug_str     0x00001577       0x4b .\CortexM3\ARM_GCC_541\Debug\Glimball.a(LED3.o)
                                0x223 (size before relaxing)
 .debug_str     0x000015c2       0x4b .\CortexM3\ARM_GCC_541\Debug\Glimball.a(LED4.o)
                                0x223 (size before relaxing)
 .debug_str     0x0000160d       0x48 .\CortexM3\ARM_GCC_541\Debug\Glimball.a(SW1.o)
                                0x21e (size before relaxing)
 .debug_str     0x00001655       0x48 .\CortexM3\ARM_GCC_541\Debug\Glimball.a(SW2.o)
                                0x21e (size before relaxing)
 .debug_str     0x0000169d      0x110 .\CortexM3\ARM_GCC_541\Debug\Glimball.a(LCD.o)
                                0x371 (size before relaxing)
 .debug_str     0x000017ad       0x4c .\CortexM3\ARM_GCC_541\Debug\Glimball.a(ROW0.o)
                                0x223 (size before relaxing)
 .debug_str     0x000017f9       0x4c .\CortexM3\ARM_GCC_541\Debug\Glimball.a(ROW1.o)
                                0x223 (size before relaxing)
 .debug_str     0x00001845       0x4c .\CortexM3\ARM_GCC_541\Debug\Glimball.a(ROW2.o)
                                0x223 (size before relaxing)
 .debug_str     0x00001891       0x4c .\CortexM3\ARM_GCC_541\Debug\Glimball.a(ROW3.o)
                                0x223 (size before relaxing)
 .debug_str     0x000018dd       0x4b .\CortexM3\ARM_GCC_541\Debug\Glimball.a(COL1.o)
                                0x223 (size before relaxing)
 .debug_str     0x00001928       0x4b .\CortexM3\ARM_GCC_541\Debug\Glimball.a(COL2.o)
                                0x223 (size before relaxing)
 .debug_str     0x00001973       0x4b .\CortexM3\ARM_GCC_541\Debug\Glimball.a(COL3.o)
                                0x223 (size before relaxing)
 .debug_str     0x000019be      0x347 .\CortexM3\ARM_GCC_541\Debug\Glimball.a(ADC.o)
                                0x60f (size before relaxing)
 .debug_str     0x00001d05       0x45 .\CortexM3\ARM_GCC_541\Debug\Glimball.a(ADC_INT.o)
                                0x206 (size before relaxing)
 .debug_str     0x00001d4a      0x13d .\CortexM3\ARM_GCC_541\Debug\Glimball.a(PWM.o)
                                0x37e (size before relaxing)
 .debug_str     0x00001e87      0x16d .\CortexM3\ARM_GCC_541\Debug\Glimball.a(ADC_Ext_CP_Clk.o)
                                0x388 (size before relaxing)
 .debug_str     0x00001ff4      0x14f .\CortexM3\ARM_GCC_541\Debug\Glimball.a(ADC_theACLK.o)
                                0x3a7 (size before relaxing)
 .debug_str     0x00002143       0x5f .\CortexM3\ARM_GCC_541\Debug\Glimball.a(ADC_AMux.o)
                                0x245 (size before relaxing)
 .debug_str     0x000021a2       0x1d .\CortexM3\ARM_GCC_541\Debug\Glimball.a(Mux.o)
                                0x222 (size before relaxing)
 .debug_str     0x000021bf      0x118 .\CortexM3\ARM_GCC_541\Debug\Glimball.a(Timer.o)
                                0x33b (size before relaxing)
 .debug_str     0x000022d7       0x80 .\CortexM3\ARM_GCC_541\Debug\Glimball.a(VDAC.o)
                                0x25b (size before relaxing)
 .debug_str     0x00002357      0x10c .\CortexM3\ARM_GCC_541\Debug\Glimball.a(ISR_SOUND.o)
                                0x324 (size before relaxing)
 .debug_str     0x00002463      0x22c .\CortexM3\ARM_GCC_541\Debug\Glimball.a(UART.o)
                                0x4bb (size before relaxing)
 .debug_str     0x0000268f      0x138 .\CortexM3\ARM_GCC_541\Debug\Glimball.a(UART_IntClock.o)
                                0x37c (size before relaxing)
 .debug_str     0x000027c7       0xff .\CortexM3\ARM_GCC_541\Debug\Glimball.a(isr_uart.o)
                                0x316 (size before relaxing)
 .debug_str     0x000028c6      0x1bb .\CortexM3\ARM_GCC_541\Debug\Glimball.a(CyFlash.o)
                                0x406 (size before relaxing)
 .debug_str     0x00002a81       0xac .\CortexM3\ARM_GCC_541\Debug\Glimball.a(CySpc.o)
                                0x37e (size before relaxing)

.debug_loc      0x00000000     0x3260
 *(.debug_loc)
 .debug_loc     0x00000000      0x1f0 .\CortexM3\ARM_GCC_541\Debug\functions.o
 .debug_loc     0x000001f0      0x2c7 .\CortexM3\ARM_GCC_541\Debug\cyfitter_cfg.o
 .debug_loc     0x000004b7      0x144 .\CortexM3\ARM_GCC_541\Debug\Cm3Start.o
 .debug_loc     0x000005fb      0xa11 .\CortexM3\ARM_GCC_541\Debug\Glimball.a(CyLib.o)
 .debug_loc     0x0000100c      0x1e4 .\CortexM3\ARM_GCC_541\Debug\Glimball.a(cyPm.o)
 .debug_loc     0x000011f0       0x42 .\CortexM3\ARM_GCC_541\Debug\Glimball.a(LED1.o)
 .debug_loc     0x00001232       0x42 .\CortexM3\ARM_GCC_541\Debug\Glimball.a(LED2.o)
 .debug_loc     0x00001274       0x42 .\CortexM3\ARM_GCC_541\Debug\Glimball.a(LED3.o)
 .debug_loc     0x000012b6       0x42 .\CortexM3\ARM_GCC_541\Debug\Glimball.a(LED4.o)
 .debug_loc     0x000012f8       0x42 .\CortexM3\ARM_GCC_541\Debug\Glimball.a(SW1.o)
 .debug_loc     0x0000133a       0x42 .\CortexM3\ARM_GCC_541\Debug\Glimball.a(SW2.o)
 .debug_loc     0x0000137c      0x3c6 .\CortexM3\ARM_GCC_541\Debug\Glimball.a(LCD.o)
 .debug_loc     0x00001742       0x42 .\CortexM3\ARM_GCC_541\Debug\Glimball.a(ROW0.o)
 .debug_loc     0x00001784       0x42 .\CortexM3\ARM_GCC_541\Debug\Glimball.a(ROW1.o)
 .debug_loc     0x000017c6       0x42 .\CortexM3\ARM_GCC_541\Debug\Glimball.a(ROW2.o)
 .debug_loc     0x00001808       0x42 .\CortexM3\ARM_GCC_541\Debug\Glimball.a(ROW3.o)
 .debug_loc     0x0000184a       0x42 .\CortexM3\ARM_GCC_541\Debug\Glimball.a(COL1.o)
 .debug_loc     0x0000188c       0x42 .\CortexM3\ARM_GCC_541\Debug\Glimball.a(COL2.o)
 .debug_loc     0x000018ce       0x42 .\CortexM3\ARM_GCC_541\Debug\Glimball.a(COL3.o)
 .debug_loc     0x00001910      0x681 .\CortexM3\ARM_GCC_541\Debug\Glimball.a(ADC.o)
 .debug_loc     0x00001f91       0x26 .\CortexM3\ARM_GCC_541\Debug\Glimball.a(PWM.o)
 .debug_loc     0x00001fb7      0x128 .\CortexM3\ARM_GCC_541\Debug\Glimball.a(ADC_Ext_CP_Clk.o)
 .debug_loc     0x000020df      0x14d .\CortexM3\ARM_GCC_541\Debug\Glimball.a(ADC_theACLK.o)
 .debug_loc     0x0000222c       0x6c .\CortexM3\ARM_GCC_541\Debug\Glimball.a(ADC_AMux.o)
 .debug_loc     0x00002298       0x6c .\CortexM3\ARM_GCC_541\Debug\Glimball.a(Mux.o)
 .debug_loc     0x00002304       0x79 .\CortexM3\ARM_GCC_541\Debug\Glimball.a(VDAC.o)
 .debug_loc     0x0000237d       0x56 .\CortexM3\ARM_GCC_541\Debug\Glimball.a(ISR_SOUND.o)
 .debug_loc     0x000023d3      0x258 .\CortexM3\ARM_GCC_541\Debug\Glimball.a(UART.o)
 .debug_loc     0x0000262b      0x128 .\CortexM3\ARM_GCC_541\Debug\Glimball.a(UART_IntClock.o)
 .debug_loc     0x00002753       0x56 .\CortexM3\ARM_GCC_541\Debug\Glimball.a(isr_uart.o)
 .debug_loc     0x000027a9      0x3b2 .\CortexM3\ARM_GCC_541\Debug\Glimball.a(CyFlash.o)
 .debug_loc     0x00002b5b      0x705 .\CortexM3\ARM_GCC_541\Debug\Glimball.a(CySpc.o)

.debug_macinfo
 *(.debug_macinfo)

.debug_ranges   0x00000000      0xd88
 *(.debug_ranges)
 .debug_ranges  0x00000000       0x10 .\CortexM3\ARM_GCC_541\Debug\main.o
 .debug_ranges  0x00000010       0xb8 .\CortexM3\ARM_GCC_541\Debug\functions.o
 .debug_ranges  0x000000c8       0x18 .\CortexM3\ARM_GCC_541\Debug\keypad.o
 .debug_ranges  0x000000e0       0x68 .\CortexM3\ARM_GCC_541\Debug\cyfitter_cfg.o
 .debug_ranges  0x00000148       0x38 .\CortexM3\ARM_GCC_541\Debug\Cm3Start.o
 .debug_ranges  0x00000180      0x290 .\CortexM3\ARM_GCC_541\Debug\Glimball.a(CyLib.o)
 .debug_ranges  0x00000410       0x88 .\CortexM3\ARM_GCC_541\Debug\Glimball.a(cyPm.o)
 .debug_ranges  0x00000498       0x28 .\CortexM3\ARM_GCC_541\Debug\Glimball.a(LED1.o)
 .debug_ranges  0x000004c0       0x28 .\CortexM3\ARM_GCC_541\Debug\Glimball.a(LED2.o)
 .debug_ranges  0x000004e8       0x28 .\CortexM3\ARM_GCC_541\Debug\Glimball.a(LED3.o)
 .debug_ranges  0x00000510       0x28 .\CortexM3\ARM_GCC_541\Debug\Glimball.a(LED4.o)
 .debug_ranges  0x00000538       0x28 .\CortexM3\ARM_GCC_541\Debug\Glimball.a(SW1.o)
 .debug_ranges  0x00000560       0x28 .\CortexM3\ARM_GCC_541\Debug\Glimball.a(SW2.o)
 .debug_ranges  0x00000588       0x88 .\CortexM3\ARM_GCC_541\Debug\Glimball.a(LCD.o)
 .debug_ranges  0x00000610       0x28 .\CortexM3\ARM_GCC_541\Debug\Glimball.a(ROW0.o)
 .debug_ranges  0x00000638       0x28 .\CortexM3\ARM_GCC_541\Debug\Glimball.a(ROW1.o)
 .debug_ranges  0x00000660       0x28 .\CortexM3\ARM_GCC_541\Debug\Glimball.a(ROW2.o)
 .debug_ranges  0x00000688       0x28 .\CortexM3\ARM_GCC_541\Debug\Glimball.a(ROW3.o)
 .debug_ranges  0x000006b0       0x28 .\CortexM3\ARM_GCC_541\Debug\Glimball.a(COL1.o)
 .debug_ranges  0x000006d8       0x28 .\CortexM3\ARM_GCC_541\Debug\Glimball.a(COL2.o)
 .debug_ranges  0x00000700       0x28 .\CortexM3\ARM_GCC_541\Debug\Glimball.a(COL3.o)
 .debug_ranges  0x00000728       0xd8 .\CortexM3\ARM_GCC_541\Debug\Glimball.a(ADC.o)
 .debug_ranges  0x00000800       0x28 .\CortexM3\ARM_GCC_541\Debug\Glimball.a(ADC_INT.o)
 .debug_ranges  0x00000828       0x88 .\CortexM3\ARM_GCC_541\Debug\Glimball.a(PWM.o)
 .debug_ranges  0x000008b0       0x60 .\CortexM3\ARM_GCC_541\Debug\Glimball.a(ADC_Ext_CP_Clk.o)
 .debug_ranges  0x00000910       0x70 .\CortexM3\ARM_GCC_541\Debug\Glimball.a(ADC_theACLK.o)
 .debug_ranges  0x00000980       0x20 .\CortexM3\ARM_GCC_541\Debug\Glimball.a(ADC_AMux.o)
 .debug_ranges  0x000009a0       0x20 .\CortexM3\ARM_GCC_541\Debug\Glimball.a(Mux.o)
 .debug_ranges  0x000009c0       0x78 .\CortexM3\ARM_GCC_541\Debug\Glimball.a(Timer.o)
 .debug_ranges  0x00000a38       0x48 .\CortexM3\ARM_GCC_541\Debug\Glimball.a(VDAC.o)
 .debug_ranges  0x00000a80       0x70 .\CortexM3\ARM_GCC_541\Debug\Glimball.a(ISR_SOUND.o)
 .debug_ranges  0x00000af0       0xe0 .\CortexM3\ARM_GCC_541\Debug\Glimball.a(UART.o)
 .debug_ranges  0x00000bd0       0x60 .\CortexM3\ARM_GCC_541\Debug\Glimball.a(UART_IntClock.o)
 .debug_ranges  0x00000c30       0x70 .\CortexM3\ARM_GCC_541\Debug\Glimball.a(isr_uart.o)
 .debug_ranges  0x00000ca0       0x78 .\CortexM3\ARM_GCC_541\Debug\Glimball.a(CyFlash.o)
 .debug_ranges  0x00000d18       0x70 .\CortexM3\ARM_GCC_541\Debug\Glimball.a(CySpc.o)

.comment        0x00000000       0x6e
 .comment       0x00000000       0x6e .\CortexM3\ARM_GCC_541\Debug\main.o
                                 0x6f (size before relaxing)
 .comment       0x0000006e       0x6f .\CortexM3\ARM_GCC_541\Debug\functions.o
 .comment       0x0000006e       0x6f .\CortexM3\ARM_GCC_541\Debug\interruptions.o
 .comment       0x0000006e       0x6f .\CortexM3\ARM_GCC_541\Debug\keypad.o
 .comment       0x0000006e       0x6f .\CortexM3\ARM_GCC_541\Debug\sound.o
 .comment       0x0000006e       0x6f .\CortexM3\ARM_GCC_541\Debug\cyfitter_cfg.o
 .comment       0x0000006e       0x6f .\CortexM3\ARM_GCC_541\Debug\cymetadata.o
 .comment       0x0000006e       0x6f .\CortexM3\ARM_GCC_541\Debug\Cm3Start.o
 .comment       0x0000006e       0x6f .\CortexM3\ARM_GCC_541\Debug\Glimball.a(CyLib.o)
 .comment       0x0000006e       0x6f .\CortexM3\ARM_GCC_541\Debug\Glimball.a(cyPm.o)
 .comment       0x0000006e       0x6f .\CortexM3\ARM_GCC_541\Debug\Glimball.a(LED1.o)
 .comment       0x0000006e       0x6f .\CortexM3\ARM_GCC_541\Debug\Glimball.a(LED2.o)
 .comment       0x0000006e       0x6f .\CortexM3\ARM_GCC_541\Debug\Glimball.a(LED3.o)
 .comment       0x0000006e       0x6f .\CortexM3\ARM_GCC_541\Debug\Glimball.a(LED4.o)
 .comment       0x0000006e       0x6f .\CortexM3\ARM_GCC_541\Debug\Glimball.a(SW1.o)
 .comment       0x0000006e       0x6f .\CortexM3\ARM_GCC_541\Debug\Glimball.a(SW2.o)
 .comment       0x0000006e       0x6f .\CortexM3\ARM_GCC_541\Debug\Glimball.a(LCD.o)
 .comment       0x0000006e       0x6f .\CortexM3\ARM_GCC_541\Debug\Glimball.a(ROW0.o)
 .comment       0x0000006e       0x6f .\CortexM3\ARM_GCC_541\Debug\Glimball.a(ROW1.o)
 .comment       0x0000006e       0x6f .\CortexM3\ARM_GCC_541\Debug\Glimball.a(ROW2.o)
 .comment       0x0000006e       0x6f .\CortexM3\ARM_GCC_541\Debug\Glimball.a(ROW3.o)
 .comment       0x0000006e       0x6f .\CortexM3\ARM_GCC_541\Debug\Glimball.a(COL1.o)
 .comment       0x0000006e       0x6f .\CortexM3\ARM_GCC_541\Debug\Glimball.a(COL2.o)
 .comment       0x0000006e       0x6f .\CortexM3\ARM_GCC_541\Debug\Glimball.a(COL3.o)
 .comment       0x0000006e       0x6f .\CortexM3\ARM_GCC_541\Debug\Glimball.a(ADC.o)
 .comment       0x0000006e       0x6f .\CortexM3\ARM_GCC_541\Debug\Glimball.a(ADC_INT.o)
 .comment       0x0000006e       0x6f .\CortexM3\ARM_GCC_541\Debug\Glimball.a(PWM.o)
 .comment       0x0000006e       0x6f .\CortexM3\ARM_GCC_541\Debug\Glimball.a(ADC_Ext_CP_Clk.o)
 .comment       0x0000006e       0x6f .\CortexM3\ARM_GCC_541\Debug\Glimball.a(ADC_theACLK.o)
 .comment       0x0000006e       0x6f .\CortexM3\ARM_GCC_541\Debug\Glimball.a(ADC_AMux.o)
 .comment       0x0000006e       0x6f .\CortexM3\ARM_GCC_541\Debug\Glimball.a(Mux.o)
 .comment       0x0000006e       0x6f .\CortexM3\ARM_GCC_541\Debug\Glimball.a(Timer.o)
 .comment       0x0000006e       0x6f .\CortexM3\ARM_GCC_541\Debug\Glimball.a(VDAC.o)
 .comment       0x0000006e       0x6f .\CortexM3\ARM_GCC_541\Debug\Glimball.a(ISR_SOUND.o)
 .comment       0x0000006e       0x6f .\CortexM3\ARM_GCC_541\Debug\Glimball.a(UART.o)