Archive member included to satisfy reference by file (symbol)

.\CortexM3\ARM_GCC_541\Debug\Glimball.a(CyLib.o)
                              .\CortexM3\ARM_GCC_541\Debug\Cm3Start.o (CyHalt)
.\CortexM3\ARM_GCC_541\Debug\Glimball.a(cyPm.o)
                              .\CortexM3\ARM_GCC_541\Debug\Glimball.a(CyLib.o) (CyPmReadStatus)
.\CortexM3\ARM_GCC_541\Debug\Glimball.a(LED1.o)
                              .\CortexM3\ARM_GCC_541\Debug\functions.o (LED1_Write)
.\CortexM3\ARM_GCC_541\Debug\Glimball.a(LED2.o)
                              .\CortexM3\ARM_GCC_541\Debug\functions.o (LED2_Write)
.\CortexM3\ARM_GCC_541\Debug\Glimball.a(LED3.o)
                              .\CortexM3\ARM_GCC_541\Debug\functions.o (LED3_Write)
.\CortexM3\ARM_GCC_541\Debug\Glimball.a(LED4.o)
                              .\CortexM3\ARM_GCC_541\Debug\functions.o (LED4_Write)
.\CortexM3\ARM_GCC_541\Debug\Glimball.a(SW1.o)
                              .\CortexM3\ARM_GCC_541\Debug\functions.o (SW1_Read)
.\CortexM3\ARM_GCC_541\Debug\Glimball.a(SW2.o)
                              .\CortexM3\ARM_GCC_541\Debug\functions.o (SW2_Read)
.\CortexM3\ARM_GCC_541\Debug\Glimball.a(LCD.o)
                              .\CortexM3\ARM_GCC_541\Debug\functions.o (LCD_PrintString)
.\CortexM3\ARM_GCC_541\Debug\Glimball.a(ROW0.o)
                              .\CortexM3\ARM_GCC_541\Debug\keypad.o (ROW0_Read)
.\CortexM3\ARM_GCC_541\Debug\Glimball.a(ROW1.o)
                              .\CortexM3\ARM_GCC_541\Debug\keypad.o (ROW1_Read)
.\CortexM3\ARM_GCC_541\Debug\Glimball.a(ROW2.o)
                              .\CortexM3\ARM_GCC_541\Debug\keypad.o (ROW2_Read)
.\CortexM3\ARM_GCC_541\Debug\Glimball.a(ROW3.o)
                              .\CortexM3\ARM_GCC_541\Debug\keypad.o (ROW3_Read)
.\CortexM3\ARM_GCC_541\Debug\Glimball.a(COL1.o)
                              .\CortexM3\ARM_GCC_541\Debug\keypad.o (COL1_Write)
.\CortexM3\ARM_GCC_541\Debug\Glimball.a(COL2.o)
                              .\CortexM3\ARM_GCC_541\Debug\keypad.o (COL2_Write)
.\CortexM3\ARM_GCC_541\Debug\Glimball.a(COL3.o)
                              .\CortexM3\ARM_GCC_541\Debug\keypad.o (COL3_Write)
.\CortexM3\ARM_GCC_541\Debug\Glimball.a(ADC.o)
                              .\CortexM3\ARM_GCC_541\Debug\functions.o (ADC_Start)
.\CortexM3\ARM_GCC_541\Debug\Glimball.a(ADC_INT.o)
                              .\CortexM3\ARM_GCC_541\Debug\Glimball.a(ADC.o) (ADC_ISR1)
.\CortexM3\ARM_GCC_541\Debug\Glimball.a(PWM.o)
                              .\CortexM3\ARM_GCC_541\Debug\functions.o (PWM_WriteCompare)
.\CortexM3\ARM_GCC_541\Debug\Glimball.a(ADC_Ext_CP_Clk.o)
                              .\CortexM3\ARM_GCC_541\Debug\Glimball.a(ADC.o) (ADC_Ext_CP_Clk_SetModeRegister)
.\CortexM3\ARM_GCC_541\Debug\Glimball.a(ADC_theACLK.o)
                              .\CortexM3\ARM_GCC_541\Debug\Glimball.a(ADC.o) (ADC_theACLK_SetModeRegister)
.\CortexM3\ARM_GCC_541\Debug\Glimball.a(ADC_AMux.o)
                              .\CortexM3\ARM_GCC_541\Debug\Glimball.a(ADC.o) (ADC_AMux_Select)
.\CortexM3\ARM_GCC_541\Debug\Glimball.a(Mux.o)
                              .\CortexM3\ARM_GCC_541\Debug\functions.o (Mux_Start)
.\CortexM3\ARM_GCC_541\Debug\Glimball.a(CyBootAsmGnu.o)
                              .\CortexM3\ARM_GCC_541\Debug\cyfitter_cfg.o (CyDelayCycles)
.\CortexM3\ARM_GCC_541\Debug\Glimball.a(CyFlash.o)
                              .\CortexM3\ARM_GCC_541\Debug\Glimball.a(cyPm.o) (CyFlash_SetWaitCycles)
.\CortexM3\ARM_GCC_541\Debug\Glimball.a(CySpc.o)
                              .\CortexM3\ARM_GCC_541\Debug\Glimball.a(CyFlash.o) (CySpcStart)
c:/program files (x86)/cypress/psoc creator/4.4/psoc creator/import/gnu/arm/5.4.1/bin/../lib/gcc/arm-none-eabi/5.4.1/armv7-m\libgcc.a(_arm_addsubdf3.o)
                              .\CortexM3\ARM_GCC_541\Debug\Glimball.a(ADC.o) (__aeabi_f2d)
c:/program files (x86)/cypress/psoc creator/4.4/psoc creator/import/gnu/arm/5.4.1/bin/../lib/gcc/arm-none-eabi/5.4.1/armv7-m\libgcc.a(_arm_cmpdf2.o)
                              .\CortexM3\ARM_GCC_541\Debug\Glimball.a(ADC.o) (__aeabi_dcmpgt)
c:/program files (x86)/cypress/psoc creator/4.4/psoc creator/import/gnu/arm/5.4.1/bin/../lib/gcc/arm-none-eabi/5.4.1/armv7-m\libgcc.a(_arm_addsubsf3.o)
                              .\CortexM3\ARM_GCC_541\Debug\functions.o (__aeabi_fadd)
c:/program files (x86)/cypress/psoc creator/4.4/psoc creator/import/gnu/arm/5.4.1/bin/../lib/gcc/arm-none-eabi/5.4.1/armv7-m\libgcc.a(_arm_muldivsf3.o)
                              .\CortexM3\ARM_GCC_541\Debug\Glimball.a(ADC.o) (__aeabi_fmul)
c:/program files (x86)/cypress/psoc creator/4.4/psoc creator/import/gnu/arm/5.4.1/bin/../lib/gcc/arm-none-eabi/5.4.1/armv7-m\libgcc.a(_arm_fixunssfsi.o)
                              .\CortexM3\ARM_GCC_541\Debug\functions.o (__aeabi_f2uiz)
[...]
Memory Configuration

Name             Origin             Length             Attributes
rom              0x00000000         0x00040000         xr
ram              0x1fff8000         0x00010000         xrw
*default*        0x00000000         0xffffffff

Linker script and memory map

LOAD c:/program files (x86)/cypress/psoc creator/4.4/psoc creator/import/gnu/arm/5.4.1/bin/../lib/gcc/arm-none-eabi/5.4.1/armv7-m/crti.o
LOAD c:/program files (x86)/cypress/psoc creator/4.4/psoc creator/import/gnu/arm/5.4.1/bin/../lib/gcc/arm-none-eabi/5.4.1/armv7-m/crtbegin.o
LOAD c:/program files (x86)/cypress/psoc creator/4.4/psoc creator/import/gnu/arm/5.4.1/bin/../lib/gcc/arm-none-eabi/5.4.1/../../../../arm-none-eabi/lib/armv7-m/crt0.o
START GROUP
LOAD .\CortexM3\ARM_GCC_541\Debug\main.o
LOAD .\CortexM3\ARM_GCC_541\Debug\functions.o
LOAD .\CortexM3\ARM_GCC_541\Debug\interruptions.o
LOAD .\CortexM3\ARM_GCC_541\Debug\keypad.o
LOAD .\CortexM3\ARM_GCC_541\Debug\cyfitter_cfg.o
LOAD .\CortexM3\ARM_GCC_541\Debug\cymetadata.o
LOAD .\CortexM3\ARM_GCC_541\Debug\Cm3Start.o
LOAD .\CortexM3\ARM_GCC_541\Debug\Glimball.a
LOAD C:\Program Files (x86)\Cypress\PSoC Creator\4.4\PSoC Creator\psoc\content\cycomponentlibrary\CyComponentLibrary.cylib\CortexM3\ARM_GCC_541\Debug\CyComponentLibrary.a
END GROUP
START GROUP
LOAD c:/program files (x86)/cypress/psoc creator/4.4/psoc creator/import/gnu/arm/5.4.1/bin/../lib/gcc/arm-none-eabi/5.4.1/armv7-m\libgcc.a
LOAD c:/program files (x86)/cypress/psoc creator/4.4/psoc creator/import/gnu/arm/5.4.1/bin/../lib/gcc/arm-none-eabi/5.4.1/../../../../arm-none-eabi/lib/armv7-m\libg_nano.a
LOAD c:/program files (x86)/cypress/psoc creator/4.4/psoc creator/import/gnu/arm/5.4.1/bin/../lib/gcc/arm-none-eabi/5.4.1/../../../../arm-none-eabi/lib/armv7-m\libc_nano.a
END GROUP
START GROUP
LOAD c:/program files (x86)/cypress/psoc creator/4.4/psoc creator/import/gnu/arm/5.4.1/bin/../lib/gcc/arm-none-eabi/5.4.1/armv7-m\libgcc.a
LOAD c:/program files (x86)/cypress/psoc creator/4.4/psoc creator/import/gnu/arm/5.4.1/bin/../lib/gcc/arm-none-eabi/5.4.1/../../../../arm-none-eabi/lib/armv7-m\libc_nano.a
END GROUP
LOAD c:/program files (x86)/cypress/psoc creator/4.4/psoc creator/import/gnu/arm/5.4.1/bin/../lib/gcc/arm-none-eabi/5.4.1/armv7-m/crtend.o
LOAD c:/program files (x86)/cypress/psoc creator/4.4/psoc creator/import/gnu/arm/5.4.1/bin/../lib/gcc/arm-none-eabi/5.4.1/armv7-m/crtn.o
START GROUP
LOAD c:/program files (x86)/cypress/psoc creator/4.4/psoc creator/import/gnu/arm/5.4.1/bin/../lib/gcc/arm-none-eabi/5.4.1/armv7-m\libgcc.a
LOAD c:/program files (x86)/cypress/psoc creator/4.4/psoc creator/import/gnu/arm/5.4.1/bin/../lib/gcc/arm-none-eabi/5.4.1/../../../../arm-none-eabi/lib/armv7-m\libc.a
LOAD c:/program files (x86)/cypress/psoc creator/4.4/psoc creator/import/gnu/arm/5.4.1/bin/../lib/gcc/arm-none-eabi/5.4.1/../../../../arm-none-eabi/lib/armv7-m\libnosys.a
END GROUP
                0x00000000                CY_APPL_ORIGIN = 0x0
                0x00000100                CY_FLASH_ROW_SIZE = 0x100
                0x00000020                CY_ECC_ROW_SIZE = 0x20
                0x00000000                CY_EE_IN_BTLDR = 0x0
                0x00000000                CY_APPL_LOADABLE = 0x0
                0x00000800                CY_EE_SIZE = 0x800
                0x00000001                CY_APPL_NUM = 0x1
                0x00000001                CY_APPL_MAX = 0x1
                0x00000040                CY_METADATA_SIZE = 0x40
                0x00000000                CY_APPL_LOADABLE = 0x0
                0x00000000                CY_CHECKSUM_EXCLUDE_SIZE = ALIGN (0x0, CY_FLASH_ROW_SIZE)
                [!provide]                PROVIDE (__cy_heap_start, _end)
                0x00000001                PROVIDE (__cy_region_num, ((__cy_regions_end - __cy_regions) / 0x10))
                0x20008000                PROVIDE (__cy_stack, (ORIGIN (ram) + LENGTH (ram)))
                [!provide]                PROVIDE (__cy_heap_end, (__cy_stack - 0x800))

.cybootloader   0x00000000        0x0
 *(.cybootloader)
                0x00000000                appl1_start = CY_APPL_ORIGIN?CY_APPL_ORIGIN:ALIGN (CY_FLASH_ROW_SIZE)
                0x0001ff00                appl2_start = (appl1_start + ALIGN ((((LENGTH (rom) - appl1_start) - (0x2 * CY_FLASH_ROW_SIZE)) / 0x2), CY_FLASH_ROW_SIZE))
                0x00000000                appl_start = (CY_APPL_NUM == 0x1)?appl1_start:appl2_start
                0x00000000                ecc_offset = ((appl_start / CY_FLASH_ROW_SIZE) * CY_ECC_ROW_SIZE)
                0x00000000                ee_offset = (CY_APPL_LOADABLE && ! (CY_EE_IN_BTLDR))?((CY_EE_SIZE / CY_APPL_MAX) * (CY_APPL_NUM - 0x1)):0x0
                0x00000800                ee_size = (CY_APPL_LOADABLE && ! (CY_EE_IN_BTLDR))?(CY_EE_SIZE / CY_APPL_MAX):CY_EE_SIZE
                [!provide]                PROVIDE (CY_ECC_OFFSET, ecc_offset)

.text           0x00000000     0x1d8a
 CREATE_OBJECT_SYMBOLS
                0x00000000                PROVIDE (__cy_interrupt_vector, RomVectors)
 *(.romvectors)
 .romvectors    0x00000000       0x10 .\CortexM3\ARM_GCC_541\Debug\Cm3Start.o
                0x00000000                RomVectors
                0x00000001                ASSERT ((. != __cy_interrupt_vector), No interrupt vector)
                0x00000001                ASSERT (CY_APPL_ORIGIN?(SIZEOF (.cybootloader) <= CY_APPL_ORIGIN):0x1, Wrong image location)
                0x00000010                PROVIDE (__cy_reset, Reset)
 *(.text.Reset)
 .text.Reset    0x00000010       0x18 .\CortexM3\ARM_GCC_541\Debug\Cm3Start.o
                0x00000010                Reset
                0x00000001                ASSERT ((. != __cy_reset), No reset code)
 *(.dma_init)
                0x00000001                ASSERT ((((appl_start + .) <= 0x10000) || 0x1), DMA Init must be within the first 64k of flash)
 *(.text .text.* .gnu.linkonce.t.*)
 .text          0x00000028       0x5c c:/program files (x86)/cypress/psoc creator/4.4/psoc creator/import/gnu/arm/5.4.1/bin/../lib/gcc/arm-none-eabi/5.4.1/armv7-m/crtbegin.o
 .text.main     0x00000084       0x14 .\CortexM3\ARM_GCC_541\Debug\main.o
                0x00000084                main
 .text.initialize
                0x00000098       0x24 .\CortexM3\ARM_GCC_541\Debug\functions.o
                0x00000098                initialize
 .text.light_LEDS
                0x000000bc       0x1c .\CortexM3\ARM_GCC_541\Debug\functions.o
                0x000000bc                light_LEDS
 .text.turn_off_LEDS
                0x000000d8       0x1c .\CortexM3\ARM_GCC_541\Debug\functions.o
                0x000000d8                turn_off_LEDS
 .text.error    0x000000f4       0x20 .\CortexM3\ARM_GCC_541\Debug\functions.o
                0x000000f4                error
 .text.rotate_left
                0x00000114       0x30 .\CortexM3\ARM_GCC_541\Debug\functions.o
                0x00000114                rotate_left
 .text.rotate_right
                0x00000144       0x30 .\CortexM3\ARM_GCC_541\Debug\functions.o
                0x00000144                rotate_right
 .text.print_screen
                0x00000174       0x1c .\CortexM3\ARM_GCC_541\Debug\functions.o
                0x00000174                print_screen
 .text.switch_to_glimball_mode
                0x00000190       0x1c .\CortexM3\ARM_GCC_541\Debug\functions.o
                0x00000190                switch_to_glimball_mode
 .text.switch_to_test_mode
                0x000001ac       0x1c .\CortexM3\ARM_GCC_541\Debug\functions.o
                0x000001ac                switch_to_test_mode
 .text.switch_mode
                0x000001c8       0x20 .\CortexM3\ARM_GCC_541\Debug\functions.o
                0x000001c8                switch_mode
 .text.read_SW1
                0x000001e8       0x14 .\CortexM3\ARM_GCC_541\Debug\functions.o
                0x000001e8                read_SW1
 .text.react_to_keypad
                0x000001fc       0x4c .\CortexM3\ARM_GCC_541\Debug\functions.o
                0x000001fc                react_to_keypad
 .text.read_SW2
                0x00000248       0x44 .\CortexM3\ARM_GCC_541\Debug\functions.o
                0x00000248                read_SW2
 .text.testing_mode
                0x0000028c       0x60 .\CortexM3\ARM_GCC_541\Debug\functions.o
                0x0000028c                testing_mode
 .text.glimball_mode
                0x000002ec       0x8c .\CortexM3\ARM_GCC_541\Debug\functions.o
                0x000002ec                glimball_mode
 .text.react    0x00000378       0x1c .\CortexM3\ARM_GCC_541\Debug\functions.o
                0x00000378                react
 .text.modes    0x00000394       0x18 .\CortexM3\ARM_GCC_541\Debug\functions.o
                0x00000394                modes
 .text.keypadInit
                0x000003ac       0x18 .\CortexM3\ARM_GCC_541\Debug\keypad.o
                0x000003ac                keypadInit
 .text.keypadScan
                0x000003c4       0xfc .\CortexM3\ARM_GCC_541\Debug\keypad.o
                0x000003c4                keypadScan
 .text.CyClockStartupError
                0x000004c0        0x4 .\CortexM3\ARM_GCC_541\Debug\cyfitter_cfg.o
 .text.cfg_write_bytes32
                0x000004c4       0x34 .\CortexM3\ARM_GCC_541\Debug\cyfitter_cfg.o
 .text.AnalogSetDefault
                0x000004f8       0x38 .\CortexM3\ARM_GCC_541\Debug\cyfitter_cfg.o
 .text.CYMEMZERO
                0x00000530        0xc .\CortexM3\ARM_GCC_541\Debug\cyfitter_cfg.o
 .text.CYCONFIGCPY
                0x0000053c        0x8 .\CortexM3\ARM_GCC_541\Debug\cyfitter_cfg.o
 .text.ClockSetup
                0x00000544       0xf0 .\CortexM3\ARM_GCC_541\Debug\cyfitter_cfg.o
 .text.Mux_Set  0x00000634       0x38 .\CortexM3\ARM_GCC_541\Debug\cyfitter_cfg.o
                0x00000634                Mux_Set
 .text.Mux_Unset
                0x0000066c       0x3c .\CortexM3\ARM_GCC_541\Debug\cyfitter_cfg.o
                0x0000066c                Mux_Unset
 .text.ADC_AMux_Set
                0x000006a8       0x20 .\CortexM3\ARM_GCC_541\Debug\cyfitter_cfg.o
                0x000006a8                ADC_AMux_Set
 .text.ADC_AMux_Unset
                0x000006c8       0x20 .\CortexM3\ARM_GCC_541\Debug\cyfitter_cfg.o
                0x000006c8                ADC_AMux_Unset
 .text.cyfitter_cfg
                0x000006e8      0x12c .\CortexM3\ARM_GCC_541\Debug\cyfitter_cfg.o
                0x000006e8                cyfitter_cfg
 .text.IntDefaultHandler
                0x00000814       0x10 .\CortexM3\ARM_GCC_541\Debug\Cm3Start.o
                0x00000814                IntDefaultHandler
 .text.Start_c  0x00000824       0x4c .\CortexM3\ARM_GCC_541\Debug\Cm3Start.o
                0x00000824                Start_c
 .text.initialize_psoc
                0x00000870       0x68 .\CortexM3\ARM_GCC_541\Debug\Cm3Start.o
                0x00000870                initialize_psoc
 .text.CyHalt   0x000008d8        0x4 .\CortexM3\ARM_GCC_541\Debug\Glimball.a(CyLib.o)
                0x000008d8                CyHalt
 .text.CyDelay  0x000008dc       0x2c .\CortexM3\ARM_GCC_541\Debug\Glimball.a(CyLib.o)
                0x000008dc                CyDelay
 .text.CyDelayUs
                0x00000908       0x14 .\CortexM3\ARM_GCC_541\Debug\Glimball.a(CyLib.o)
                0x00000908                CyDelayUs
 .text.CyIntSetVector
                0x0000091c       0x28 .\CortexM3\ARM_GCC_541\Debug\Glimball.a(CyLib.o)
                0x0000091c                CyIntSetVector
 .text.CyIntSetPriority
                0x00000944       0x30 .\CortexM3\ARM_GCC_541\Debug\Glimball.a(CyLib.o)
                0x00000944                CyIntSetPriority
 .text.LED1_Write
                0x00000974       0x18 .\CortexM3\ARM_GCC_541\Debug\Glimball.a(LED1.o)
                0x00000974                LED1_Write
 .text.LED2_Write
                0x0000098c       0x18 .\CortexM3\ARM_GCC_541\Debug\Glimball.a(LED2.o)
                0x0000098c                LED2_Write
 .text.LED3_Write
                0x000009a4       0x18 .\CortexM3\ARM_GCC_541\Debug\Glimball.a(LED3.o)
                0x000009a4                LED3_Write
 .text.LED4_Write
                0x000009bc       0x18 .\CortexM3\ARM_GCC_541\Debug\Glimball.a(LED4.o)
                0x000009bc                LED4_Write
 .text.SW1_Read
                0x000009d4       0x10 .\CortexM3\ARM_GCC_541\Debug\Glimball.a(SW1.o)
                0x000009d4                SW1_Read
 .text.SW2_Read
                0x000009e4       0x10 .\CortexM3\ARM_GCC_541\Debug\Glimball.a(SW2.o)
                0x000009e4                SW2_Read
 .text.LCD_WrCntrlNib
                0x000009f4       0x34 .\CortexM3\ARM_GCC_541\Debug\Glimball.a(LCD.o)
 .text.LCD_WrDatNib
                0x00000a28       0x44 .\CortexM3\ARM_GCC_541\Debug\Glimball.a(LCD.o)
 .text.LCD_IsReady
                0x00000a6c       0xe4 .\CortexM3\ARM_GCC_541\Debug\Glimball.a(LCD.o)
                0x00000a6c                LCD_IsReady
 .text.LCD_WriteData
                0x00000b50       0x18 .\CortexM3\ARM_GCC_541\Debug\Glimball.a(LCD.o)
                0x00000b50                LCD_WriteData
 .text.LCD_PrintString
                0x00000b68       0x1c .\CortexM3\ARM_GCC_541\Debug\Glimball.a(LCD.o)
                0x00000b68                LCD_PrintString
 .text.LCD_WriteControl
                0x00000b84       0x18 .\CortexM3\ARM_GCC_541\Debug\Glimball.a(LCD.o)
                0x00000b84                LCD_WriteControl
 .text.LCD_Init
                0x00000b9c       0x6c .\CortexM3\ARM_GCC_541\Debug\Glimball.a(LCD.o)
                0x00000b9c                LCD_Init
 .text.LCD_Enable
                0x00000c08       0x14 .\CortexM3\ARM_GCC_541\Debug\Glimball.a(LCD.o)
                0x00000c08                LCD_Enable
 .text.LCD_Start
                0x00000c1c       0x1c .\CortexM3\ARM_GCC_541\Debug\Glimball.a(LCD.o)
                0x00000c1c                LCD_Start
 .text.LCD_Position
                0x00000c38       0x3c .\CortexM3\ARM_GCC_541\Debug\Glimball.a(LCD.o)
                0x00000c38                LCD_Position
 .text.LCD_PrintU32Number
                0x00000c74       0x64 .\CortexM3\ARM_GCC_541\Debug\Glimball.a(LCD.o)
                0x00000c74                LCD_PrintU32Number
 .text.ROW0_Read
                0x00000cd8       0x10 .\CortexM3\ARM_GCC_541\Debug\Glimball.a(ROW0.o)
                0x00000cd8                ROW0_Read
 .text.ROW1_Read
                0x00000ce8       0x10 .\CortexM3\ARM_GCC_541\Debug\Glimball.a(ROW1.o)
                0x00000ce8                ROW1_Read
 .text.ROW2_Read
                0x00000cf8        0xc .\CortexM3\ARM_GCC_541\Debug\Glimball.a(ROW2.o)
                0x00000cf8                ROW2_Read
 .text.ROW3_Read
                0x00000d04       0x10 .\CortexM3\ARM_GCC_541\Debug\Glimball.a(ROW3.o)
                0x00000d04                ROW3_Read
 .text.COL1_Write
                0x00000d14       0x18 .\CortexM3\ARM_GCC_541\Debug\Glimball.a(COL1.o)
                0x00000d14                COL1_Write
 .text.COL2_Write
                0x00000d2c       0x18 .\CortexM3\ARM_GCC_541\Debug\Glimball.a(COL2.o)
                0x00000d2c                COL2_Write
 .text.COL3_Write
                0x00000d44       0x18 .\CortexM3\ARM_GCC_541\Debug\Glimball.a(COL3.o)
                0x00000d44                COL3_Write
 .text.ADC_GainCompensation
                0x00000d5c       0xe0 .\CortexM3\ARM_GCC_541\Debug\Glimball.a(ADC.o)
 .text.ADC_SetDSMRef0Reg
                0x00000e3c       0x4c .\CortexM3\ARM_GCC_541\Debug\Glimball.a(ADC.o)
 .text.ADC_InitConfig
                0x00000e88      0x32c .\CortexM3\ARM_GCC_541\Debug\Glimball.a(ADC.o)
 .text.ADC_Init
                0x000011b4      0x108 .\CortexM3\ARM_GCC_541\Debug\Glimball.a(ADC.o)
                0x000011b4                ADC_Init
 .text.ADC_Enable
                0x000012bc       0xd8 .\CortexM3\ARM_GCC_541\Debug\Glimball.a(ADC.o)
                0x000012bc                ADC_Enable
 .text.ADC_Start
                0x00001394       0x28 .\CortexM3\ARM_GCC_541\Debug\Glimball.a(ADC.o)
                0x00001394                ADC_Start
 .text.ADC_StartConvert
                0x000013bc       0x10 .\CortexM3\ARM_GCC_541\Debug\Glimball.a(ADC.o)
                0x000013bc                ADC_StartConvert
 .text.ADC_IsEndConversion
                0x000013cc       0x30 .\CortexM3\ARM_GCC_541\Debug\Glimball.a(ADC.o)
                0x000013cc                ADC_IsEndConversion
 .text.ADC_GetResult32
                0x000013fc       0x6c .\CortexM3\ARM_GCC_541\Debug\Glimball.a(ADC.o)
                0x000013fc                ADC_GetResult32
 .text.ADC_ISR1
                0x00001468        0x4 .\CortexM3\ARM_GCC_541\Debug\Glimball.a(ADC_INT.o)
                0x00001468                ADC_ISR1
 .text.ADC_ISR2
                0x0000146c        0x4 .\CortexM3\ARM_GCC_541\Debug\Glimball.a(ADC_INT.o)
                0x0000146c                ADC_ISR2
 .text.ADC_ISR3
                0x00001470        0x4 .\CortexM3\ARM_GCC_541\Debug\Glimball.a(ADC_INT.o)
                0x00001470                ADC_ISR3
 .text.ADC_ISR4
                0x00001474        0x4 .\CortexM3\ARM_GCC_541\Debug\Glimball.a(ADC_INT.o)
                0x00001474                ADC_ISR4
 .text.PWM_Enable
                0x00001478       0x10 .\CortexM3\ARM_GCC_541\Debug\Glimball.a(PWM.o)
                0x00001478                PWM_Enable
 .text.PWM_WriteCounter
                0x00001488        0xc .\CortexM3\ARM_GCC_541\Debug\Glimball.a(PWM.o)
                0x00001488                PWM_WriteCounter
 .text.PWM_WritePeriod
                0x00001494        0xc .\CortexM3\ARM_GCC_541\Debug\Glimball.a(PWM.o)
                0x00001494                PWM_WritePeriod
 .text.PWM_WriteCompare
                0x000014a0        0xc .\CortexM3\ARM_GCC_541\Debug\Glimball.a(PWM.o)
                0x000014a0                PWM_WriteCompare
 .text.PWM_SetInterruptMode
                0x000014ac        0xc .\CortexM3\ARM_GCC_541\Debug\Glimball.a(PWM.o)
                0x000014ac                PWM_SetInterruptMode
 .text.PWM_ReadStatusRegister
                0x000014b8        0xc .\CortexM3\ARM_GCC_541\Debug\Glimball.a(PWM.o)
                0x000014b8                PWM_ReadStatusRegister
 .text.PWM_ReadCapture
                0x000014c4        0xc .\CortexM3\ARM_GCC_541\Debug\Glimball.a(PWM.o)
                0x000014c4                PWM_ReadCapture
 .text.PWM_ClearFIFO
                0x000014d0       0x14 .\CortexM3\ARM_GCC_541\Debug\Glimball.a(PWM.o)
                0x000014d0                PWM_ClearFIFO
 .text.PWM_Init
                0x000014e4       0x60 .\CortexM3\ARM_GCC_541\Debug\Glimball.a(PWM.o)
                0x000014e4                PWM_Init
 .text.PWM_Start
                0x00001544       0x1c .\CortexM3\ARM_GCC_541\Debug\Glimball.a(PWM.o)
                0x00001544                PWM_Start
 .text.PWM_ReadCompare
                0x00001560        0xc .\CortexM3\ARM_GCC_541\Debug\Glimball.a(PWM.o)
                0x00001560                PWM_ReadCompare
 .text.ADC_Ext_CP_Clk_GetDividerRegister
                0x0000156c        0xc .\CortexM3\ARM_GCC_541\Debug\Glimball.a(ADC_Ext_CP_Clk.o)
                0x0000156c                ADC_Ext_CP_Clk_GetDividerRegister
 .text.ADC_Ext_CP_Clk_SetModeRegister
                0x00001578       0x14 .\CortexM3\ARM_GCC_541\Debug\Glimball.a(ADC_Ext_CP_Clk.o)
                0x00001578                ADC_Ext_CP_Clk_SetModeRegister
 .text.ADC_Ext_CP_Clk_GetSourceRegister
                0x0000158c       0x10 .\CortexM3\ARM_GCC_541\Debug\Glimball.a(ADC_Ext_CP_Clk.o)
                0x0000158c                ADC_Ext_CP_Clk_GetSourceRegister
 .text.ADC_Ext_CP_Clk_SetDividerRegister
                0x0000159c       0xdc .\CortexM3\ARM_GCC_541\Debug\Glimball.a(ADC_Ext_CP_Clk.o)
                0x0000159c                ADC_Ext_CP_Clk_SetDividerRegister
 .text.ADC_theACLK_GetDividerRegister
                0x00001678        0xc .\CortexM3\ARM_GCC_541\Debug\Glimball.a(ADC_theACLK.o)
                0x00001678                ADC_theACLK_GetDividerRegister
 .text.ADC_theACLK_SetModeRegister
                0x00001684       0x14 .\CortexM3\ARM_GCC_541\Debug\Glimball.a(ADC_theACLK.o)
                0x00001684                ADC_theACLK_SetModeRegister
 .text.ADC_theACLK_GetSourceRegister
                0x00001698       0x10 .\CortexM3\ARM_GCC_541\Debug\Glimball.a(ADC_theACLK.o)
                0x00001698                ADC_theACLK_GetSourceRegister
 .text.ADC_theACLK_SetDividerRegister
                0x000016a8       0xd8 .\CortexM3\ARM_GCC_541\Debug\Glimball.a(ADC_theACLK.o)
                0x000016a8                ADC_theACLK_SetDividerRegister
 .text.ADC_AMux_Start
                0x00001780       0x20 .\CortexM3\ARM_GCC_541\Debug\Glimball.a(ADC_AMux.o)
                0x00001780                ADC_AMux_Start
 .text.ADC_AMux_Select
                0x000017a0       0x18 .\CortexM3\ARM_GCC_541\Debug\Glimball.a(ADC_AMux.o)
                0x000017a0                ADC_AMux_Select
 .text.Mux_Start
                0x000017b8       0x20 .\CortexM3\ARM_GCC_541\Debug\Glimball.a(Mux.o)
                0x000017b8                Mux_Start
 .text.Mux_Select
                0x000017d8       0x18 .\CortexM3\ARM_GCC_541\Debug\Glimball.a(Mux.o)
                0x000017d8                Mux_Select
 .text          0x000017f0       0x20 .\CortexM3\ARM_GCC_541\Debug\Glimball.a(CyBootAsmGnu.o)
                0x000017f0                CyDelayCycles
                0x00001800                CyEnterCriticalSection
                0x00001808                CyExitCriticalSection
 .text          0x00001810      0x21c c:/program files (x86)/cypress/psoc creator/4.4/psoc creator/import/gnu/arm/5.4.1/bin/../lib/gcc/arm-none-eabi/5.4.1/armv7-m\libgcc.a(_arm_addsubsf3.o)
                0x00001810                __aeabi_frsub
                0x00001818                __subsf3
                0x00001818                __aeabi_fsub
                0x0000181c                __aeabi_fadd
                0x0000181c                __addsf3
                0x0000197c                __aeabi_ui2f
                0x0000197c                __floatunsisf
                0x00001984                __aeabi_i2f
                0x00001984                __floatsisf
                0x000019a0                __aeabi_ul2f
                0x000019a0                __floatundisf
                0x000019b0                __aeabi_l2f
                0x000019b0                __floatdisf
 .text          0x00001a2c      0x2a0 c:/program files (x86)/cypress/psoc creator/4.4/psoc creator/import/gnu/arm/5.4.1/bin/../lib/gcc/arm-none-eabi/5.4.1/armv7-m\libgcc.a(_arm_muldivsf3.o)
                0x00001a2c                __mulsf3
                0x00001a2c                __aeabi_fmul
                0x00001b94                __aeabi_fdiv
                0x00001b94                __divsf3
 .text          0x00001ccc       0x40 c:/program files (x86)/cypress/psoc creator/4.4/psoc creator/import/gnu/arm/5.4.1/bin/../lib/gcc/arm-none-eabi/5.4.1/armv7-m\libgcc.a(_arm_fixunssfsi.o)
                0x00001ccc                __fixunssfsi
                0x00001ccc                __aeabi_f2uiz
 .text.__errno  0x00001d0c        0xc c:/program files (x86)/cypress/psoc creator/4.4/psoc creator/import/gnu/arm/5.4.1/bin/../lib/gcc/arm-none-eabi/5.4.1/../../../../arm-none-eabi/lib/armv7-m\libg_nano.a(lib_a-errno.o)
                0x00001d0c                __errno
 .text.__libc_init_array
                0x00001d18       0x4c c:/program files (x86)/cypress/psoc creator/4.4/psoc creator/import/gnu/arm/5.4.1/bin/../lib/gcc/arm-none-eabi/5.4.1/../../../../arm-none-eabi/lib/armv7-m\libg_nano.a(lib_a-init.o)
                0x00001d18                __libc_init_array
 .text.memcpy   0x00001d64       0x16 c:/program files (x86)/cypress/psoc creator/4.4/psoc creator/import/gnu/arm/5.4.1/bin/../lib/gcc/arm-none-eabi/5.4.1/../../../../arm-none-eabi/lib/armv7-m\libg_nano.a(lib_a-memcpy-stub.o)
                0x00001d64                memcpy
 .text.memset   0x00001d7a       0x10 c:/program files (x86)/cypress/psoc creator/4.4/psoc creator/import/gnu/arm/5.4.1/bin/../lib/gcc/arm-none-eabi/5.4.1/../../../../arm-none-eabi/lib/armv7-m\libg_nano.a(lib_a-memset.o)
                0x00001d7a                memset
 *(.plt)
 *(.gnu.warning)
 *(.glue_7t)
 .glue_7t       0x00001d8a        0x0 linker stubs
 *(.glue_7)
 .glue_7        0x00001d8a        0x0 linker stubs
 *(.vfp11_veneer)
 .vfp11_veneer  0x00001d8a        0x0 linker stubs
 *(.bootloader)
 *(.ARM.extab* .gnu.linkonce.armextab.*)
 *(.gcc_except_table)

.v4_bx          0x00001d8c        0x0
 .v4_bx         0x00001d8c        0x0 linker stubs

.iplt           0x00001d8c        0x0
 .iplt          0x00001d8c        0x0 c:/program files (x86)/cypress/psoc creator/4.4/psoc creator/import/gnu/arm/5.4.1/bin/../lib/gcc/arm-none-eabi/5.4.1/armv7-m/crtbegin.o

.eh_frame_hdr
 *(.eh_frame_hdr)

.eh_frame       0x00001d8c        0x4
 *(.eh_frame)
 .eh_frame      0x00001d8c        0x0 c:/program files (x86)/cypress/psoc creator/4.4/psoc creator/import/gnu/arm/5.4.1/bin/../lib/gcc/arm-none-eabi/5.4.1/armv7-m/crtbegin.o
 .eh_frame      0x00001d8c        0x4 c:/program files (x86)/cypress/psoc creator/4.4/psoc creator/import/gnu/arm/5.4.1/bin/../lib/gcc/arm-none-eabi/5.4.1/armv7-m/crtend.o
                [!provide]                PROVIDE (__exidx_start, .)

.ARM.exidx
 *(.ARM.exidx* .gnu.linkonce.armexidx.*)
                0x00001d90                __exidx_end = .

.rodata         0x00001d90       0xb8
 *(.rodata .rodata.* .gnu.linkonce.r.*)
 .rodata.str1.4
                0x00001d90       0x28 .\CortexM3\ARM_GCC_541\Debug\functions.o
 .rodata        0x00001db8       0x58 .\CortexM3\ARM_GCC_541\Debug\cyfitter_cfg.o
                0x00001db8                Mux__addrTable
                0x00001dd8                Mux__maskTable
                0x00001de0                ADC_AMux__addrTable
                0x00001de8                ADC_AMux__maskTable
 .rodata.str1.1
                0x00001e10        0x2 c:/program files (x86)/cypress/psoc creator/4.4/psoc creator/import/gnu/arm/5.4.1/bin/../lib/gcc/arm-none-eabi/5.4.1/../../../../arm-none-eabi/lib/armv7-m\libg_nano.a(lib_a-impure.o)
                0x00001e14                . = ALIGN (0x4)
 *fill*         0x00001e12        0x2 
 *(.init)
 .init          0x00001e14        0x4 c:/program files (x86)/cypress/psoc creator/4.4/psoc creator/import/gnu/arm/5.4.1/bin/../lib/gcc/arm-none-eabi/5.4.1/armv7-m/crti.o
                0x00001e14                _init
 .init          0x00001e18        0x8 c:/program files (x86)/cypress/psoc creator/4.4/psoc creator/import/gnu/arm/5.4.1/bin/../lib/gcc/arm-none-eabi/5.4.1/armv7-m/crtn.o
                0x00001e20                . = ALIGN (0x4)
                0x00001e20                __preinit_array_start = .
 *(.preinit_array)
                0x00001e20                __preinit_array_end = .
                0x00001e20                . = ALIGN (0x4)
                0x00001e20                __init_array_start = .
 *(SORT(.init_array.*))
 *(.init_array)
 .init_array    0x00001e20        0x4 c:/program files (x86)/cypress/psoc creator/4.4/psoc creator/import/gnu/arm/5.4.1/bin/../lib/gcc/arm-none-eabi/5.4.1/armv7-m/crtbegin.o
 .init_array    0x00001e24        0x4 .\CortexM3\ARM_GCC_541\Debug\Cm3Start.o
                0x00001e28                __init_array_end = .
                0x00001e28                . = ALIGN (0x4)
 *(.fini)
 .fini          0x00001e28        0x4 c:/program files (x86)/cypress/psoc creator/4.4/psoc creator/import/gnu/arm/5.4.1/bin/../lib/gcc/arm-none-eabi/5.4.1/armv7-m/crti.o
                0x00001e28                _fini
 .fini          0x00001e2c        0x8 c:/program files (x86)/cypress/psoc creator/4.4/psoc creator/import/gnu/arm/5.4.1/bin/../lib/gcc/arm-none-eabi/5.4.1/armv7-m/crtn.o
                0x00001e34                . = ALIGN (0x4)
                0x00001e34                __fini_array_start = .
 *(.fini_array)
 .fini_array    0x00001e34        0x4 c:/program files (x86)/cypress/psoc creator/4.4/psoc creator/import/gnu/arm/5.4.1/bin/../lib/gcc/arm-none-eabi/5.4.1/armv7-m/crtbegin.o
 *(SORT(.fini_array.*))
                0x00001e38                __fini_array_end = .
                0x00001e38                . = ALIGN (0x4)
 *crtbegin.o(.ctors)
 *(EXCLUDE_FILE(*crtend.o) .ctors)
 *(SORT(.ctors.*))
 *crtend.o(.ctors)
                0x00001e38                . = ALIGN (0x4)
 *crtbegin.o(.dtors)
 *(EXCLUDE_FILE(*crtend.o) .dtors)
 *(SORT(.dtors.*))
 *crtend.o(.dtors)
                0x00001e38                . = ALIGN (0x4)
                0x00001e38                __cy_regions = .
                0x00001e38        0x4 LONG 0x1e48 __cy_region_init_ram
                0x00001e3c        0x4 LONG 0x1fff80c8 __cy_region_start_data
                0x00001e40        0x4 LONG 0x80 __cy_region_init_size_ram
                0x00001e44        0x4 LONG 0x48 __cy_region_zero_size_ram
                0x00001e48                __cy_regions_end = .
                0x00001e48                . = ALIGN (0x8)
                0x00001e48                _etext = .

.cy_checksum_exclude
                0x00001e48        0x0
 *(.cy_checksum_exclude)

.ramvectors     0x1fff8000       0xc0
                0x1fff8000                __cy_region_start_ram = .
 *(.ramvectors)
 .ramvectors    0x1fff8000       0xc0 .\CortexM3\ARM_GCC_541\Debug\Cm3Start.o
                0x1fff8000                CyRamVectors

.noinit         0x1fff80c0        0x1
 *(.noinit)
 .noinit        0x1fff80c0        0x1 .\CortexM3\ARM_GCC_541\Debug\Glimball.a(CyLib.o)
                0x1fff80c0                CyResetStatus

.data           0x1fff80c8       0x80 load address 0x00001e48
                0x1fff80c8                __cy_region_start_data = .
 *(.jcr)
 .jcr           0x1fff80c8        0x0 c:/program files (x86)/cypress/psoc creator/4.4/psoc creator/import/gnu/arm/5.4.1/bin/../lib/gcc/arm-none-eabi/5.4.1/armv7-m/crtbegin.o
 .jcr           0x1fff80c8        0x4 c:/program files (x86)/cypress/psoc creator/4.4/psoc creator/import/gnu/arm/5.4.1/bin/../lib/gcc/arm-none-eabi/5.4.1/armv7-m/crtend.o
 *(.got.plt)
 *(.got)
 *(.shdata)
 *(.data .data.* .gnu.linkonce.d.*)
 .data          0x1fff80cc       0x10 .\CortexM3\ARM_GCC_541\Debug\Glimball.a(CyLib.o)
                0x1fff80cc                cydelay_32k_ms
                0x1fff80d0                cydelay_freq_khz
                0x1fff80d4                cydelay_freq_mhz
                0x1fff80d8                cydelay_freq_hz
 .data          0x1fff80dc        0x1 .\CortexM3\ARM_GCC_541\Debug\Glimball.a(ADC.o)
                0x1fff80dc                ADC_Config
 .data          0x1fff80dd        0x1 .\CortexM3\ARM_GCC_541\Debug\Glimball.a(ADC_AMux.o)
 .data          0x1fff80de        0x1 .\CortexM3\ARM_GCC_541\Debug\Glimball.a(Mux.o)
 *fill*         0x1fff80df        0x1 
 .data.impure_data
                0x1fff80e0       0x60 c:/program files (x86)/cypress/psoc creator/4.4/psoc creator/import/gnu/arm/5.4.1/bin/../lib/gcc/arm-none-eabi/5.4.1/../../../../arm-none-eabi/lib/armv7-m\libg_nano.a(lib_a-impure.o)
 .data._impure_ptr
                0x1fff8140        0x4 c:/program files (x86)/cypress/psoc creator/4.4/psoc creator/import/gnu/arm/5.4.1/bin/../lib/gcc/arm-none-eabi/5.4.1/../../../../arm-none-eabi/lib/armv7-m\libg_nano.a(lib_a-impure.o)
                0x1fff8140                _impure_ptr
                0x1fff8148                . = ALIGN (0x8)
 *fill*         0x1fff8144        0x4 
 *(.ram)
                0x1fff8148                _edata = .

.igot.plt       0x1fff8148        0x0 load address 0x00001ec8
 .igot.plt      0x1fff8148        0x0 c:/program files (x86)/cypress/psoc creator/4.4/psoc creator/import/gnu/arm/5.4.1/bin/../lib/gcc/arm-none-eabi/5.4.1/armv7-m/crtbegin.o

.bss            0x1fff8148       0x48 load address 0x00001ec8
                0x1fff8148                PROVIDE (__bss_start__, .)
 *(.shbss)
 *(.bss .bss.* .gnu.linkonce.b.*)
 .bss           0x1fff8148       0x1c c:/program files (x86)/cypress/psoc creator/4.4/psoc creator/import/gnu/arm/5.4.1/bin/../lib/gcc/arm-none-eabi/5.4.1/armv7-m/crtbegin.o
 .bss           0x1fff8164        0x8 .\CortexM3\ARM_GCC_541\Debug\functions.o
                0x1fff8164                mode
                0x1fff8168                test_mode
 .bss           0x1fff816c        0x2 .\CortexM3\ARM_GCC_541\Debug\Glimball.a(LCD.o)
                0x1fff816c                LCD_enableState
                0x1fff816d                LCD_initVar
 *fill*         0x1fff816e        0x2 
 .bss           0x1fff8170       0x18 .\CortexM3\ARM_GCC_541\Debug\Glimball.a(ADC.o)
                0x1fff8180                ADC_stopConversion
                0x1fff8181                ADC_convDone
                0x1fff8182                ADC_initVar
                0x1fff8183                ADC_started
                0x1fff8184                ADC_Offset
 .bss           0x1fff8188        0x1 .\CortexM3\ARM_GCC_541\Debug\Glimball.a(PWM.o)
                0x1fff8188                PWM_initVar
 *(COMMON)
 *fill*         0x1fff8189        0x3 
 COMMON         0x1fff818c        0x4 .\CortexM3\ARM_GCC_541\Debug\Glimball.a(ADC.o)
                0x1fff818c                ADC_CountsPerVolt
                0x1fff8190                . = ALIGN (0x8)
 *(.ram.b)
                0x1fff8190                _end = .
                0x1fff8190                __end = .
                0x1fff8190                PROVIDE (end, .)
                0x1fff8190                PROVIDE (__bss_end__, .)
                0x00001e48                __cy_region_init_ram = LOADADDR (.data)
                0x00000080                __cy_region_init_size_ram = (_edata - ADDR (.data))
                0x00000048                __cy_region_zero_size_ram = (_end - _edata)

.heap           0x1fff8190       0x80 load address 0x00001ec8
                0x1fff8190                . = _end
                0x1fff8210                . = (. + 0x80)
 *fill*         0x1fff8190       0x80 
                0x1fff8210                __cy_heap_limit = .

.stack          0x20007800      0x800
                0x20007800                __cy_stack_limit = .
                0x20008000                . = (. + 0x800)
 *fill*         0x20007800      0x800 
                0x00000001                ASSERT ((__cy_stack_limit >= __cy_heap_limit), region RAM overflowed with stack)
                0x00000000                cy_checksum_exclude_size = (CY_APPL_LOADABLE == 0x1)?SIZEOF (.cy_checksum_exclude):0x0
                0x00000001                ASSERT ((cy_checksum_exclude_size <= CY_CHECKSUM_EXCLUDE_SIZE), CY_BOOT: Section .cy_checksum_exclude size exceedes specified limit.)

.cyloadermeta
 *(.cyloadermeta)

.cyloadablemeta
 *(.cyloadablemeta)

.cyconfigecc    0x80000000      0x190
 *(.cyconfigecc)
 .cyconfigecc   0x80000000      0x190 .\CortexM3\ARM_GCC_541\Debug\cymetadata.o
                0x80000000                cy_meta_configecc

.cycustnvl      0x90000000        0x4
 *(.cycustnvl)
 .cycustnvl     0x90000000        0x4 .\CortexM3\ARM_GCC_541\Debug\cymetadata.o
                0x90000000                cy_meta_custnvl

.cywolatch      0x90100000        0x4
 *(.cywolatch)
 .cywolatch     0x90100000        0x4 .\CortexM3\ARM_GCC_541\Debug\cymetadata.o
                0x90100000                cy_meta_wonvl

.cyeeprom       0x90200000        0x0
 *(.cyeeprom)
                0x00000001                ASSERT ((. <= ((0x90200000 + ee_offset) + ee_size)), .cyeeprom data will not fit in EEPROM)

.cyflashprotect
                0x90400000      0x100
 *(.cyflashprotect)
 .cyflashprotect
                0x90400000      0x100 .\CortexM3\ARM_GCC_541\Debug\cymetadata.o
                0x90400000                cy_meta_flashprotect

.cymeta         0x90500000        0xc
 *(.cymeta)
 .cymeta        0x90500000        0xc .\CortexM3\ARM_GCC_541\Debug\cymetadata.o
                0x90500000                cy_metadata

.rel.dyn        0x00001ec8        0x0 load address 0x9050000c
 .rel.iplt      0x00001ec8        0x0 c:/program files (x86)/cypress/psoc creator/4.4/psoc creator/import/gnu/arm/5.4.1/bin/../lib/gcc/arm-none-eabi/5.4.1/armv7-m/crtbegin.o

.stab
 *(.stab)

.stabstr
 *(.stabstr)

.debug
 *(.debug)

.line
 *(.line)

.debug_srcinfo
 *(.debug_srcinfo)

.debug_sfnames
 *(.debug_sfnames)

.debug_aranges  0x00000000      0xc98
 *(.debug_aranges)
 .debug_aranges
                0x00000000       0x20 .\CortexM3\ARM_GCC_541\Debug\main.o
 .debug_aranges
                0x00000020       0xa0 .\CortexM3\ARM_GCC_541\Debug\functions.o
 .debug_aranges
                0x000000c0       0x28 .\CortexM3\ARM_GCC_541\Debug\keypad.o
 .debug_aranges
                0x000000e8       0x78 .\CortexM3\ARM_GCC_541\Debug\cyfitter_cfg.o
 .debug_aranges
                0x00000160       0x18 .\CortexM3\ARM_GCC_541\Debug\cymetadata.o
 .debug_aranges
                0x00000178       0x48 .\CortexM3\ARM_GCC_541\Debug\Cm3Start.o
 .debug_aranges
                0x000001c0      0x2a0 .\CortexM3\ARM_GCC_541\Debug\Glimball.a(CyLib.o)
 .debug_aranges
                0x00000460       0x98 .\CortexM3\ARM_GCC_541\Debug\Glimball.a(cyPm.o)
 .debug_aranges
                0x000004f8       0x38 .\CortexM3\ARM_GCC_541\Debug\Glimball.a(LED1.o)
 .debug_aranges
                0x00000530       0x38 .\CortexM3\ARM_GCC_541\Debug\Glimball.a(LED2.o)
 .debug_aranges
                0x00000568       0x38 .\CortexM3\ARM_GCC_541\Debug\Glimball.a(LED3.o)
 .debug_aranges
                0x000005a0       0x38 .\CortexM3\ARM_GCC_541\Debug\Glimball.a(LED4.o)
 .debug_aranges
                0x000005d8       0x38 .\CortexM3\ARM_GCC_541\Debug\Glimball.a(SW1.o)
 .debug_aranges
                0x00000610       0x38 .\CortexM3\ARM_GCC_541\Debug\Glimball.a(SW2.o)
 .debug_aranges
                0x00000648       0x98 .\CortexM3\ARM_GCC_541\Debug\Glimball.a(LCD.o)
 .debug_aranges
                0x000006e0       0x38 .\CortexM3\ARM_GCC_541\Debug\Glimball.a(ROW0.o)
 .debug_aranges
                0x00000718       0x38 .\CortexM3\ARM_GCC_541\Debug\Glimball.a(ROW1.o)
 .debug_aranges
                0x00000750       0x38 .\CortexM3\ARM_GCC_541\Debug\Glimball.a(ROW2.o)
 .debug_aranges
                0x00000788       0x38 .\CortexM3\ARM_GCC_541\Debug\Glimball.a(ROW3.o)
 .debug_aranges
                0x000007c0       0x38 .\CortexM3\ARM_GCC_541\Debug\Glimball.a(COL1.o)
 .debug_aranges
                0x000007f8       0x38 .\CortexM3\ARM_GCC_541\Debug\Glimball.a(COL2.o)
 .debug_aranges
                0x00000830       0x38 .\CortexM3\ARM_GCC_541\Debug\Glimball.a(COL3.o)
 .debug_aranges
                0x00000868       0xe8 .\CortexM3\ARM_GCC_541\Debug\Glimball.a(ADC.o)
 .debug_aranges
                0x00000950       0x38 .\CortexM3\ARM_GCC_541\Debug\Glimball.a(ADC_INT.o)
 .debug_aranges
                0x00000988       0x98 .\CortexM3\ARM_GCC_541\Debug\Glimball.a(PWM.o)
 .debug_aranges
                0x00000a20       0x70 .\CortexM3\ARM_GCC_541\Debug\Glimball.a(ADC_Ext_CP_Clk.o)
 .debug_aranges
                0x00000a90       0x80 .\CortexM3\ARM_GCC_541\Debug\Glimball.a(ADC_theACLK.o)
 .debug_aranges
                0x00000b10       0x30 .\CortexM3\ARM_GCC_541\Debug\Glimball.a(ADC_AMux.o)
 .debug_aranges
                0x00000b40       0x30 .\CortexM3\ARM_GCC_541\Debug\Glimball.a(Mux.o)
 .debug_aranges
                0x00000b70       0x20 .\CortexM3\ARM_GCC_541\Debug\Glimball.a(CyBootAsmGnu.o)
 .debug_aranges
                0x00000b90       0x88 .\CortexM3\ARM_GCC_541\Debug\Glimball.a(CyFlash.o)
 .debug_aranges
                0x00000c18       0x80 .\CortexM3\ARM_GCC_541\Debug\Glimball.a(CySpc.o)

.debug_pubnames
 *(.debug_pubnames)

.debug_info     0x00000000     0x714a
 *(.debug_info .gnu.linkonce.wi.*)
 .debug_info    0x00000000      0x10c .\CortexM3\ARM_GCC_541\Debug\main.o
 .debug_info    0x0000010c      0x97b .\CortexM3\ARM_GCC_541\Debug\functions.o
 .debug_info    0x00000a87      0x380 .\CortexM3\ARM_GCC_541\Debug\keypad.o
 .debug_info    0x00000e07      0x6a8 .\CortexM3\ARM_GCC_541\Debug\cyfitter_cfg.o
 .debug_info    0x000014af      0x135 .\CortexM3\ARM_GCC_541\Debug\cymetadata.o
 .debug_info    0x000015e4      0x3bb .\CortexM3\ARM_GCC_541\Debug\Cm3Start.o
 .debug_info    0x0000199f     0x1374 .\CortexM3\ARM_GCC_541\Debug\Glimball.a(CyLib.o)
 .debug_info    0x00002d13      0xa2a .\CortexM3\ARM_GCC_541\Debug\Glimball.a(cyPm.o)
 .debug_info    0x0000373d      0x11f .\CortexM3\ARM_GCC_541\Debug\Glimball.a(LED1.o)
 .debug_info    0x0000385c      0x11f .\CortexM3\ARM_GCC_541\Debug\Glimball.a(LED2.o)
 .debug_info    0x0000397b      0x11f .\CortexM3\ARM_GCC_541\Debug\Glimball.a(LED3.o)
 .debug_info    0x00003a9a      0x11f .\CortexM3\ARM_GCC_541\Debug\Glimball.a(LED4.o)
 .debug_info    0x00003bb9      0x11f .\CortexM3\ARM_GCC_541\Debug\Glimball.a(SW1.o)
 .debug_info    0x00003cd8      0x11f .\CortexM3\ARM_GCC_541\Debug\Glimball.a(SW2.o)
 .debug_info    0x00003df7      0x715 .\CortexM3\ARM_GCC_541\Debug\Glimball.a(LCD.o)
 .debug_info    0x0000450c      0x11f .\CortexM3\ARM_GCC_541\Debug\Glimball.a(ROW0.o)
 .debug_info    0x0000462b      0x11f .\CortexM3\ARM_GCC_541\Debug\Glimball.a(ROW1.o)
 .debug_info    0x0000474a      0x11f .\CortexM3\ARM_GCC_541\Debug\Glimball.a(ROW2.o)
 .debug_info    0x00004869      0x11f .\CortexM3\ARM_GCC_541\Debug\Glimball.a(ROW3.o)
 .debug_info    0x00004988      0x11f .\CortexM3\ARM_GCC_541\Debug\Glimball.a(COL1.o)
 .debug_info    0x00004aa7      0x11f .\CortexM3\ARM_GCC_541\Debug\Glimball.a(COL2.o)
 .debug_info    0x00004bc6      0x11f .\CortexM3\ARM_GCC_541\Debug\Glimball.a(COL3.o)
 .debug_info    0x00004ce5      0xbee .\CortexM3\ARM_GCC_541\Debug\Glimball.a(ADC.o)
 .debug_info    0x000058d3       0xd3 .\CortexM3\ARM_GCC_541\Debug\Glimball.a(ADC_INT.o)
 .debug_info    0x000059a6      0x354 .\CortexM3\ARM_GCC_541\Debug\Glimball.a(PWM.o)
 .debug_info    0x00005cfa      0x283 .\CortexM3\ARM_GCC_541\Debug\Glimball.a(ADC_Ext_CP_Clk.o)
 .debug_info    0x00005f7d      0x2c4 .\CortexM3\ARM_GCC_541\Debug\Glimball.a(ADC_theACLK.o)
 .debug_info    0x00006241      0x165 .\CortexM3\ARM_GCC_541\Debug\Glimball.a(ADC_AMux.o)
 .debug_info    0x000063a6      0x165 .\CortexM3\ARM_GCC_541\Debug\Glimball.a(Mux.o)
 .debug_info    0x0000650b       0xa2 .\CortexM3\ARM_GCC_541\Debug\Glimball.a(CyBootAsmGnu.o)
 .debug_info    0x000065ad      0x64d .\CortexM3\ARM_GCC_541\Debug\Glimball.a(CyFlash.o)
 .debug_info    0x00006bfa      0x550 .\CortexM3\ARM_GCC_541\Debug\Glimball.a(CySpc.o)

.debug_abbrev   0x00000000     0x1e34
 *(.debug_abbrev)
 .debug_abbrev  0x00000000       0x8a .\CortexM3\ARM_GCC_541\Debug\main.o
 .debug_abbrev  0x0000008a      0x168 .\CortexM3\ARM_GCC_541\Debug\functions.o
 .debug_abbrev  0x000001f2       0xc5 .\CortexM3\ARM_GCC_541\Debug\keypad.o
 .debug_abbrev  0x000002b7      0x21e .\CortexM3\ARM_GCC_541\Debug\cyfitter_cfg.o
 .debug_abbrev  0x000004d5       0x66 .\CortexM3\ARM_GCC_541\Debug\cymetadata.o
 .debug_abbrev  0x0000053b      0x1e8 .\CortexM3\ARM_GCC_541\Debug\Cm3Start.o
 .debug_abbrev  0x00000723      0x254 .\CortexM3\ARM_GCC_541\Debug\Glimball.a(CyLib.o)
 .debug_abbrev  0x00000977      0x1ab .\CortexM3\ARM_GCC_541\Debug\Glimball.a(cyPm.o)
 .debug_abbrev  0x00000b22       0x90 .\CortexM3\ARM_GCC_541\Debug\Glimball.a(LED1.o)
 .debug_abbrev  0x00000bb2       0x90 .\CortexM3\ARM_GCC_541\Debug\Glimball.a(LED2.o)
 .debug_abbrev  0x00000c42       0x90 .\CortexM3\ARM_GCC_541\Debug\Glimball.a(LED3.o)
 .debug_abbrev  0x00000cd2       0x90 .\CortexM3\ARM_GCC_541\Debug\Glimball.a(LED4.o)
 .debug_abbrev  0x00000d62       0x90 .\CortexM3\ARM_GCC_541\Debug\Glimball.a(SW1.o)
 .debug_abbrev  0x00000df2       0x90 .\CortexM3\ARM_GCC_541\Debug\Glimball.a(SW2.o)
 .debug_abbrev  0x00000e82      0x157 .\CortexM3\ARM_GCC_541\Debug\Glimball.a(LCD.o)
 .debug_abbrev  0x00000fd9       0x90 .\CortexM3\ARM_GCC_541\Debug\Glimball.a(ROW0.o)
 .debug_abbrev  0x00001069       0x90 .\CortexM3\ARM_GCC_541\Debug\Glimball.a(ROW1.o)
 .debug_abbrev  0x000010f9       0x90 .\CortexM3\ARM_GCC_541\Debug\Glimball.a(ROW2.o)
 .debug_abbrev  0x00001189       0x90 .\CortexM3\ARM_GCC_541\Debug\Glimball.a(ROW3.o)
 .debug_abbrev  0x00001219       0x90 .\CortexM3\ARM_GCC_541\Debug\Glimball.a(COL1.o)
 .debug_abbrev  0x000012a9       0x90 .\CortexM3\ARM_GCC_541\Debug\Glimball.a(COL2.o)
 .debug_abbrev  0x00001339       0x90 .\CortexM3\ARM_GCC_541\Debug\Glimball.a(COL3.o)
 .debug_abbrev  0x000013c9      0x1eb .\CortexM3\ARM_GCC_541\Debug\Glimball.a(ADC.o)
 .debug_abbrev  0x000015b4       0x42 .\CortexM3\ARM_GCC_541\Debug\Glimball.a(ADC_INT.o)
 .debug_abbrev  0x000015f6      0x133 .\CortexM3\ARM_GCC_541\Debug\Glimball.a(PWM.o)
 .debug_abbrev  0x00001729      0x139 .\CortexM3\ARM_GCC_541\Debug\Glimball.a(ADC_Ext_CP_Clk.o)
 .debug_abbrev  0x00001862      0x121 .\CortexM3\ARM_GCC_541\Debug\Glimball.a(ADC_theACLK.o)
 .debug_abbrev  0x00001983       0xb1 .\CortexM3\ARM_GCC_541\Debug\Glimball.a(ADC_AMux.o)
 .debug_abbrev  0x00001a34       0xb1 .\CortexM3\ARM_GCC_541\Debug\Glimball.a(Mux.o)
 .debug_abbrev  0x00001ae5       0x14 .\CortexM3\ARM_GCC_541\Debug\Glimball.a(CyBootAsmGnu.o)
 .debug_abbrev  0x00001af9      0x1a7 .\CortexM3\ARM_GCC_541\Debug\Glimball.a(CyFlash.o)
 .debug_abbrev  0x00001ca0      0x194 .\CortexM3\ARM_GCC_541\Debug\Glimball.a(CySpc.o)

.debug_line     0x00000000     0x3040
 *(.debug_line)
 .debug_line    0x00000000      0x173 .\CortexM3\ARM_GCC_541\Debug\main.o
 .debug_line    0x00000173      0x36e .\CortexM3\ARM_GCC_541\Debug\functions.o
 .debug_line    0x000004e1        0x0 .\CortexM3\ARM_GCC_541\Debug\interruptions.o
 .debug_line    0x000004e1      0x1ec .\CortexM3\ARM_GCC_541\Debug\keypad.o
 .debug_line    0x000006cd      0x236 .\CortexM3\ARM_GCC_541\Debug\cyfitter_cfg.o
 .debug_line    0x00000903      0x141 .\CortexM3\ARM_GCC_541\Debug\cymetadata.o
 .debug_line    0x00000a44      0x234 .\CortexM3\ARM_GCC_541\Debug\Cm3Start.o
 .debug_line    0x00000c78      0x816 .\CortexM3\ARM_GCC_541\Debug\Glimball.a(CyLib.o)
 .debug_line    0x0000148e      0x367 .\CortexM3\ARM_GCC_541\Debug\Glimball.a(cyPm.o)
 .debug_line    0x000017f5       0x91 .\CortexM3\ARM_GCC_541\Debug\Glimball.a(LED1.o)
 .debug_line    0x00001886       0x91 .\CortexM3\ARM_GCC_541\Debug\Glimball.a(LED2.o)
 .debug_line    0x00001917       0x91 .\CortexM3\ARM_GCC_541\Debug\Glimball.a(LED3.o)
 .debug_line    0x000019a8       0x91 .\CortexM3\ARM_GCC_541\Debug\Glimball.a(LED4.o)
 .debug_line    0x00001a39       0x90 .\CortexM3\ARM_GCC_541\Debug\Glimball.a(SW1.o)
 .debug_line    0x00001ac9       0x90 .\CortexM3\ARM_GCC_541\Debug\Glimball.a(SW2.o)
 .debug_line    0x00001b59      0x1dc .\CortexM3\ARM_GCC_541\Debug\Glimball.a(LCD.o)
 .debug_line    0x00001d35       0x91 .\CortexM3\ARM_GCC_541\Debug\Glimball.a(ROW0.o)
 .debug_line    0x00001dc6       0x91 .\CortexM3\ARM_GCC_541\Debug\Glimball.a(ROW1.o)
 .debug_line    0x00001e57       0x91 .\CortexM3\ARM_GCC_541\Debug\Glimball.a(ROW2.o)
 .debug_line    0x00001ee8       0x91 .\CortexM3\ARM_GCC_541\Debug\Glimball.a(ROW3.o)
 .debug_line    0x00001f79       0x91 .\CortexM3\ARM_GCC_541\Debug\Glimball.a(COL1.o)
 .debug_line    0x0000200a       0x91 .\CortexM3\ARM_GCC_541\Debug\Glimball.a(COL2.o)
 .debug_line    0x0000209b       0x91 .\CortexM3\ARM_GCC_541\Debug\Glimball.a(COL3.o)
 .debug_line    0x0000212c      0x3c1 .\CortexM3\ARM_GCC_541\Debug\Glimball.a(ADC.o)
 .debug_line    0x000024ed       0x80 .\CortexM3\ARM_GCC_541\Debug\Glimball.a(ADC_INT.o)
 .debug_line    0x0000256d      0x186 .\CortexM3\ARM_GCC_541\Debug\Glimball.a(PWM.o)
 .debug_line    0x000026f3      0x17d .\CortexM3\ARM_GCC_541\Debug\Glimball.a(ADC_Ext_CP_Clk.o)
 .debug_line    0x00002870      0x19d .\CortexM3\ARM_GCC_541\Debug\Glimball.a(ADC_theACLK.o)
 .debug_line    0x00002a0d       0xac .\CortexM3\ARM_GCC_541\Debug\Glimball.a(ADC_AMux.o)
 .debug_line    0x00002ab9       0xa7 .\CortexM3\ARM_GCC_541\Debug\Glimball.a(Mux.o)
 .debug_line    0x00002b60       0x66 .\CortexM3\ARM_GCC_541\Debug\Glimball.a(CyBootAsmGnu.o)
 .debug_line    0x00002bc6      0x21a .\CortexM3\ARM_GCC_541\Debug\Glimball.a(CyFlash.o)
 .debug_line    0x00002de0      0x260 .\CortexM3\ARM_GCC_541\Debug\Glimball.a(CySpc.o)

.debug_frame    0x00000000     0x1dfc
 *(.debug_frame)
 .debug_frame   0x00000000       0x2c .\CortexM3\ARM_GCC_541\Debug\main.o
 .debug_frame   0x0000002c      0x1ec .\CortexM3\ARM_GCC_541\Debug\functions.o
 .debug_frame   0x00000218       0x48 .\CortexM3\ARM_GCC_541\Debug\keypad.o
 .debug_frame   0x00000260      0x13c .\CortexM3\ARM_GCC_541\Debug\cyfitter_cfg.o
 .debug_frame   0x0000039c       0xb8 .\CortexM3\ARM_GCC_541\Debug\Cm3Start.o
 .debug_frame   0x00000454      0x738 .\CortexM3\ARM_GCC_541\Debug\Glimball.a(CyLib.o)
 .debug_frame   0x00000b8c      0x1f8 .\CortexM3\ARM_GCC_541\Debug\Glimball.a(cyPm.o)
 .debug_frame   0x00000d84       0x50 .\CortexM3\ARM_GCC_541\Debug\Glimball.a(LED1.o)
 .debug_frame   0x00000dd4       0x50 .\CortexM3\ARM_GCC_541\Debug\Glimball.a(LED2.o)
 .debug_frame   0x00000e24       0x50 .\CortexM3\ARM_GCC_541\Debug\Glimball.a(LED3.o)
 .debug_frame   0x00000e74       0x50 .\CortexM3\ARM_GCC_541\Debug\Glimball.a(LED4.o)
 .debug_frame   0x00000ec4       0x50 .\CortexM3\ARM_GCC_541\Debug\Glimball.a(SW1.o)
 .debug_frame   0x00000f14       0x50 .\CortexM3\ARM_GCC_541\Debug\Glimball.a(SW2.o)
 .debug_frame   0x00000f64      0x1e8 .\CortexM3\ARM_GCC_541\Debug\Glimball.a(LCD.o)
 .debug_frame   0x0000114c       0x50 .\CortexM3\ARM_GCC_541\Debug\Glimball.a(ROW0.o)
 .debug_frame   0x0000119c       0x50 .\CortexM3\ARM_GCC_541\Debug\Glimball.a(ROW1.o)
 .debug_frame   0x000011ec       0x50 .\CortexM3\ARM_GCC_541\Debug\Glimball.a(ROW2.o)
 .debug_frame   0x0000123c       0x50 .\CortexM3\ARM_GCC_541\Debug\Glimball.a(ROW3.o)
 .debug_frame   0x0000128c       0x50 .\CortexM3\ARM_GCC_541\Debug\Glimball.a(COL1.o)
 .debug_frame   0x000012dc       0x50 .\CortexM3\ARM_GCC_541\Debug\Glimball.a(COL2.o)
 .debug_frame   0x0000132c       0x50 .\CortexM3\ARM_GCC_541\Debug\Glimball.a(COL3.o)
 .debug_frame   0x0000137c      0x284 .\CortexM3\ARM_GCC_541\Debug\Glimball.a(ADC.o)
 .debug_frame   0x00001600       0x50 .\CortexM3\ARM_GCC_541\Debug\Glimball.a(ADC_INT.o)
 .debug_frame   0x00001650      0x134 .\CortexM3\ARM_GCC_541\Debug\Glimball.a(PWM.o)
 .debug_frame   0x00001784       0xe0 .\CortexM3\ARM_GCC_541\Debug\Glimball.a(ADC_Ext_CP_Clk.o)
 .debug_frame   0x00001864      0x100 .\CortexM3\ARM_GCC_541\Debug\Glimball.a(ADC_theACLK.o)
 .debug_frame   0x00001964       0x64 .\CortexM3\ARM_GCC_541\Debug\Glimball.a(ADC_AMux.o)
 .debug_frame   0x000019c8       0x64 .\CortexM3\ARM_GCC_541\Debug\Glimball.a(Mux.o)
 .debug_frame   0x00001a2c      0x194 .\CortexM3\ARM_GCC_541\Debug\Glimball.a(CyFlash.o)
 .debug_frame   0x00001bc0      0x180 .\CortexM3\ARM_GCC_541\Debug\Glimball.a(CySpc.o)
 .debug_frame   0x00001d40       0x20 c:/program files (x86)/cypress/psoc creator/4.4/psoc creator/import/gnu/arm/5.4.1/bin/../lib/gcc/arm-none-eabi/5.4.1/../../../../arm-none-eabi/lib/armv7-m\libg_nano.a(lib_a-errno.o)
 .debug_frame   0x00001d60       0x28 c:/program files (x86)/cypress/psoc creator/4.4/psoc creator/import/gnu/arm/5.4.1/bin/../lib/gcc/arm-none-eabi/5.4.1/../../../../arm-none-eabi/lib/armv7-m\libg_nano.a(lib_a-exit.o)
 .debug_frame   0x00001d88       0x2c c:/program files (x86)/cypress/psoc creator/4.4/psoc creator/import/gnu/arm/5.4.1/bin/../lib/gcc/arm-none-eabi/5.4.1/../../../../arm-none-eabi/lib/armv7-m\libg_nano.a(lib_a-init.o)
 .debug_frame   0x00001db4       0x28 c:/program files (x86)/cypress/psoc creator/4.4/psoc creator/import/gnu/arm/5.4.1/bin/../lib/gcc/arm-none-eabi/5.4.1/../../../../arm-none-eabi/lib/armv7-m\libg_nano.a(lib_a-memcpy-stub.o)
 .debug_frame   0x00001ddc       0x20 c:/program files (x86)/cypress/psoc creator/4.4/psoc creator/import/gnu/arm/5.4.1/bin/../lib/gcc/arm-none-eabi/5.4.1/../../../../arm-none-eabi/lib/armv7-m\libg_nano.a(lib_a-memset.o)

.debug_str      0x00000000     0x2275
 *(.debug_str)
 .debug_str     0x00000000      0x187 .\CortexM3\ARM_GCC_541\Debug\main.o
                                0x1cf (size before relaxing)
 .debug_str     0x00000187      0x220 .\CortexM3\ARM_GCC_541\Debug\functions.o
                                0x426 (size before relaxing)
 .debug_str     0x000003a7       0x10 .\CortexM3\ARM_GCC_541\Debug\interruptions.o
                                 0xf2 (size before relaxing)
 .debug_str     0x000003b7       0x52 .\CortexM3\ARM_GCC_541\Debug\keypad.o
                                0x22e (size before relaxing)
 .debug_str     0x00000409      0x1c6 .\CortexM3\ARM_GCC_541\Debug\cyfitter_cfg.o
                                0x39d (size before relaxing)
 .debug_str     0x000005cf       0x75 .\CortexM3\ARM_GCC_541\Debug\cymetadata.o
                                0x1f6 (size before relaxing)
 .debug_str     0x00000644      0x144 .\CortexM3\ARM_GCC_541\Debug\Cm3Start.o
                                0x31c (size before relaxing)
 .debug_str     0x00000788      0x838 .\CortexM3\ARM_GCC_541\Debug\Glimball.a(CyLib.o)
                                0xa59 (size before relaxing)
 .debug_str     0x00000fc0      0x365 .\CortexM3\ARM_GCC_541\Debug\Glimball.a(cyPm.o)
                                0x745 (size before relaxing)
 .debug_str     0x00001325       0x56 .\CortexM3\ARM_GCC_541\Debug\Glimball.a(LED1.o)
                                0x1ef (size before relaxing)
 .debug_str     0x0000137b       0x4b .\CortexM3\ARM_GCC_541\Debug\Glimball.a(LED2.o)
                                0x1ef (size before relaxing)
 .debug_str     0x000013c6       0x4b .\CortexM3\ARM_GCC_541\Debug\Glimball.a(LED3.o)
                                0x1ef (size before relaxing)
 .debug_str     0x00001411       0x4b .\CortexM3\ARM_GCC_541\Debug\Glimball.a(LED4.o)
                                0x1ef (size before relaxing)
 .debug_str     0x0000145c       0x48 .\CortexM3\ARM_GCC_541\Debug\Glimball.a(SW1.o)
                                0x1ea (size before relaxing)
 .debug_str     0x000014a4       0x48 .\CortexM3\ARM_GCC_541\Debug\Glimball.a(SW2.o)
                                0x1ea (size before relaxing)
 .debug_str     0x000014ec      0x110 .\CortexM3\ARM_GCC_541\Debug\Glimball.a(LCD.o)
                                0x33d (size before relaxing)
 .debug_str     0x000015fc       0x4c .\CortexM3\ARM_GCC_541\Debug\Glimball.a(ROW0.o)
                                0x1ef (size before relaxing)
 .debug_str     0x00001648       0x4c .\CortexM3\ARM_GCC_541\Debug\Glimball.a(ROW1.o)
                                0x1ef (size before relaxing)
 .debug_str     0x00001694       0x4c .\CortexM3\ARM_GCC_541\Debug\Glimball.a(ROW2.o)
                                0x1ef (size before relaxing)
 .debug_str     0x000016e0       0x4c .\CortexM3\ARM_GCC_541\Debug\Glimball.a(ROW3.o)
                                0x1ef (size before relaxing)
 .debug_str     0x0000172c       0x4b .\CortexM3\ARM_GCC_541\Debug\Glimball.a(COL1.o)
                                0x1ef (size before relaxing)
 .debug_str     0x00001777       0x4b .\CortexM3\ARM_GCC_541\Debug\Glimball.a(COL2.o)
                                0x1ef (size before relaxing)
 .debug_str     0x000017c2       0x4b .\CortexM3\ARM_GCC_541\Debug\Glimball.a(COL3.o)
                                0x1ef (size before relaxing)
 .debug_str     0x0000180d      0x347 .\CortexM3\ARM_GCC_541\Debug\Glimball.a(ADC.o)
                                0x5db (size before relaxing)
 .debug_str     0x00001b54       0x45 .\CortexM3\ARM_GCC_541\Debug\Glimball.a(ADC_INT.o)
                                0x1d2 (size before relaxing)
 .debug_str     0x00001b99      0x13d .\CortexM3\ARM_GCC_541\Debug\Glimball.a(PWM.o)
                                0x34a (size before relaxing)
 .debug_str     0x00001cd6      0x16d .\CortexM3\ARM_GCC_541\Debug\Glimball.a(ADC_Ext_CP_Clk.o)
                                0x354 (size before relaxing)
 .debug_str     0x00001e43      0x14f .\CortexM3\ARM_GCC_541\Debug\Glimball.a(ADC_theACLK.o)
                                0x373 (size before relaxing)
 .debug_str     0x00001f92       0x5f .\CortexM3\ARM_GCC_541\Debug\Glimball.a(ADC_AMux.o)
                                0x211 (size before relaxing)
 .debug_str     0x00001ff1       0x1d .\CortexM3\ARM_GCC_541\Debug\Glimball.a(Mux.o)
                                0x1ee (size before relaxing)
 .debug_str     0x0000200e      0x1bb .\CortexM3\ARM_GCC_541\Debug\Glimball.a(CyFlash.o)
                                0x3d2 (size before relaxing)
 .debug_str     0x000021c9       0xac .\CortexM3\ARM_GCC_541\Debug\Glimball.a(CySpc.o)
                                0x34a (size before relaxing)

.debug_loc      0x00000000     0x2d90
 *(.debug_loc)
 .debug_loc     0x00000000      0x1c5 .\CortexM3\ARM_GCC_541\Debug\functions.o
 .debug_loc     0x000001c5      0x2c7 .\CortexM3\ARM_GCC_541\Debug\cyfitter_cfg.o
 .debug_loc     0x0000048c      0x144 .\CortexM3\ARM_GCC_541\Debug\Cm3Start.o
 .debug_loc     0x000005d0      0xa11 .\CortexM3\ARM_GCC_541\Debug\Glimball.a(CyLib.o)
 .debug_loc     0x00000fe1      0x1e4 .\CortexM3\ARM_GCC_541\Debug\Glimball.a(cyPm.o)
 .debug_loc     0x000011c5       0x42 .\CortexM3\ARM_GCC_541\Debug\Glimball.a(LED1.o)
 .debug_loc     0x00001207       0x42 .\CortexM3\ARM_GCC_541\Debug\Glimball.a(LED2.o)
 .debug_loc     0x00001249       0x42 .\CortexM3\ARM_GCC_541\Debug\Glimball.a(LED3.o)
 .debug_loc     0x0000128b       0x42 .\CortexM3\ARM_GCC_541\Debug\Glimball.a(LED4.o)
 .debug_loc     0x000012cd       0x42 .\CortexM3\ARM_GCC_541\Debug\Glimball.a(SW1.o)
 .debug_loc     0x0000130f       0x42 .\CortexM3\ARM_GCC_541\Debug\Glimball.a(SW2.o)
 .debug_loc     0x00001351      0x3c6 .\CortexM3\ARM_GCC_541\Debug\Glimball.a(LCD.o)
 .debug_loc     0x00001717       0x42 .\CortexM3\ARM_GCC_541\Debug\Glimball.a(ROW0.o)
 .debug_loc     0x00001759       0x42 .\CortexM3\ARM_GCC_541\Debug\Glimball.a(ROW1.o)
 .debug_loc     0x0000179b       0x42 .\CortexM3\ARM_GCC_541\Debug\Glimball.a(ROW2.o)
 .debug_loc     0x000017dd       0x42 .\CortexM3\ARM_GCC_541\Debug\Glimball.a(ROW3.o)
 .debug_loc     0x0000181f       0x42 .\CortexM3\ARM_GCC_541\Debug\Glimball.a(COL1.o)
 .debug_loc     0x00001861       0x42 .\CortexM3\ARM_GCC_541\Debug\Glimball.a(COL2.o)
 .debug_loc     0x000018a3       0x42 .\CortexM3\ARM_GCC_541\Debug\Glimball.a(COL3.o)
 .debug_loc     0x000018e5      0x681 .\CortexM3\ARM_GCC_541\Debug\Glimball.a(ADC.o)
 .debug_loc     0x00001f66       0x26 .\CortexM3\ARM_GCC_541\Debug\Glimball.a(PWM.o)
 .debug_loc     0x00001f8c      0x128 .\CortexM3\ARM_GCC_541\Debug\Glimball.a(ADC_Ext_CP_Clk.o)
 .debug_loc     0x000020b4      0x14d .\CortexM3\ARM_GCC_541\Debug\Glimball.a(ADC_theACLK.o)
 .debug_loc     0x00002201       0x6c .\CortexM3\ARM_GCC_541\Debug\Glimball.a(ADC_AMux.o)
 .debug_loc     0x0000226d       0x6c .\CortexM3\ARM_GCC_541\Debug\Glimball.a(Mux.o)
 .debug_loc     0x000022d9      0x3b2 .\CortexM3\ARM_GCC_541\Debug\Glimball.a(CyFlash.o)
 .debug_loc     0x0000268b      0x705 .\CortexM3\ARM_GCC_541\Debug\Glimball.a(CySpc.o)

.debug_macinfo
 *(.debug_macinfo)

.debug_ranges   0x00000000      0xa80
 *(.debug_ranges)
 .debug_ranges  0x00000000       0x10 .\CortexM3\ARM_GCC_541\Debug\main.o
 .debug_ranges  0x00000010       0x90 .\CortexM3\ARM_GCC_541\Debug\functions.o
 .debug_ranges  0x000000a0       0x18 .\CortexM3\ARM_GCC_541\Debug\keypad.o
 .debug_ranges  0x000000b8       0x68 .\CortexM3\ARM_GCC_541\Debug\cyfitter_cfg.o
 .debug_ranges  0x00000120       0x38 .\CortexM3\ARM_GCC_541\Debug\Cm3Start.o
 .debug_ranges  0x00000158      0x290 .\CortexM3\ARM_GCC_541\Debug\Glimball.a(CyLib.o)
 .debug_ranges  0x000003e8       0x88 .\CortexM3\ARM_GCC_541\Debug\Glimball.a(cyPm.o)
 .debug_ranges  0x00000470       0x28 .\CortexM3\ARM_GCC_541\Debug\Glimball.a(LED1.o)
 .debug_ranges  0x00000498       0x28 .\CortexM3\ARM_GCC_541\Debug\Glimball.a(LED2.o)
 .debug_ranges  0x000004c0       0x28 .\CortexM3\ARM_GCC_541\Debug\Glimball.a(LED3.o)
 .debug_ranges  0x000004e8       0x28 .\CortexM3\ARM_GCC_541\Debug\Glimball.a(LED4.o)
 .debug_ranges  0x00000510       0x28 .\CortexM3\ARM_GCC_541\Debug\Glimball.a(SW1.o)
 .debug_ranges  0x00000538       0x28 .\CortexM3\ARM_GCC_541\Debug\Glimball.a(SW2.o)
 .debug_ranges  0x00000560       0x88 .\CortexM3\ARM_GCC_541\Debug\Glimball.a(LCD.o)
 .debug_ranges  0x000005e8       0x28 .\CortexM3\ARM_GCC_541\Debug\Glimball.a(ROW0.o)
 .debug_ranges  0x00000610       0x28 .\CortexM3\ARM_GCC_541\Debug\Glimball.a(ROW1.o)
 .debug_ranges  0x00000638       0x28 .\CortexM3\ARM_GCC_541\Debug\Glimball.a(ROW2.o)
 .debug_ranges  0x00000660       0x28 .\CortexM3\ARM_GCC_541\Debug\Glimball.a(ROW3.o)
 .debug_ranges  0x00000688       0x28 .\CortexM3\ARM_GCC_541\Debug\Glimball.a(COL1.o)
 .debug_ranges  0x000006b0       0x28 .\CortexM3\ARM_GCC_541\Debug\Glimball.a(COL2.o)
 .debug_ranges  0x000006d8       0x28 .\CortexM3\ARM_GCC_541\Debug\Glimball.a(COL3.o)
 .debug_ranges  0x00000700       0xd8 .\CortexM3\ARM_GCC_541\Debug\Glimball.a(ADC.o)
 .debug_ranges  0x000007d8       0x28 .\CortexM3\ARM_GCC_541\Debug\Glimball.a(ADC_INT.o)
 .debug_ranges  0x00000800       0x88 .\CortexM3\ARM_GCC_541\Debug\Glimball.a(PWM.o)
 .debug_ranges  0x00000888       0x60 .\CortexM3\ARM_GCC_541\Debug\Glimball.a(ADC_Ext_CP_Clk.o)
 .debug_ranges  0x000008e8       0x70 .\CortexM3\ARM_GCC_541\Debug\Glimball.a(ADC_theACLK.o)
 .debug_ranges  0x00000958       0x20 .\CortexM3\ARM_GCC_541\Debug\Glimball.a(ADC_AMux.o)
 .debug_ranges  0x00000978       0x20 .\CortexM3\ARM_GCC_541\Debug\Glimball.a(Mux.o)
 .debug_ranges  0x00000998       0x78 .\CortexM3\ARM_GCC_541\Debug\Glimball.a(CyFlash.o)
 .debug_ranges  0x00000a10       0x70 .\CortexM3\ARM_GCC_541\Debug\Glimball.a(CySpc.o)

.comment        0x00000000       0x6e
 .comment       0x00000000       0x6e .\CortexM3\ARM_GCC_541\Debug\main.o
                                 0x6f (size before relaxing)
 .comment       0x0000006e       0x6f .\CortexM3\ARM_GCC_541\Debug\functions.o
 .comment       0x0000006e       0x6f .\CortexM3\ARM_GCC_541\Debug\interruptions.o
 .comment       0x0000006e       0x6f .\CortexM3\ARM_GCC_541\Debug\keypad.o
 .comment       0x0000006e       0x6f .\CortexM3\ARM_GCC_541\Debug\cyfitter_cfg.o
 .comment       0x0000006e       0x6f .\CortexM3\ARM_GCC_541\Debug\cymetadata.o
 .comment       0x0000006e       0x6f .\CortexM3\ARM_GCC_541\Debug\Cm3Start.o
 .comment       0x0000006e       0x6f .\CortexM3\ARM_GCC_541\Debug\Glimball.a(CyLib.o)
 .comment       0x0000006e       0x6f .\CortexM3\ARM_GCC_541\Debug\Glimball.a(cyPm.o)
 .comment       0x0000006e       0x6f .\CortexM3\ARM_GCC_541\Debug\Glimball.a(LED1.o)
 .comment       0x0000006e       0x6f .\CortexM3\ARM_GCC_541\Debug\Glimball.a(LED2.o)
 .comment       0x0000006e       0x6f .\CortexM3\ARM_GCC_541\Debug\Glimball.a(LED3.o)
 .comment       0x0000006e       0x6f .\CortexM3\ARM_GCC_541\Debug\Glimball.a(LED4.o)
 .comment       0x0000006e       0x6f .\CortexM3\ARM_GCC_541\Debug\Glimball.a(SW1.o)
 .comment       0x0000006e       0x6f .\CortexM3\ARM_GCC_541\Debug\Glimball.a(SW2.o)
 .comment       0x0000006e       0x6f .\CortexM3\ARM_GCC_541\Debug\Glimball.a(LCD.o)
 .comment       0x0000006e       0x6f .\CortexM3\ARM_GCC_541\Debug\Glimball.a(ROW0.o)
 .comment       0x0000006e       0x6f .\CortexM3\ARM_GCC_541\Debug\Glimball.a(ROW1.o)
 .comment       0x0000006e       0x6f .\CortexM3\ARM_GCC_541\Debug\Glimball.a(ROW2.o)
 .comment       0x0000006e       0x6f .\CortexM3\ARM_GCC_541\Debug\Glimball.a(ROW3.o)
 .comment       0x0000006e       0x6f .\CortexM3\ARM_GCC_541\Debug\Glimball.a(COL1.o)
 .comment       0x0000006e       0x6f .\CortexM3\ARM_GCC_541\Debug\Glimball.a(COL2.o)
 .comment       0x0000006e       0x6f .\CortexM3\ARM_GCC_541\Debug\Glimball.a(COL3.o)
 .comment       0x0000006e       0x6f .\CortexM3\ARM_GCC_541\Debug\Glimball.a(ADC.o)
 .comment       0x0000006e       0x6f .\CortexM3\ARM_GCC_541\Debug\Glimball.a(ADC_INT.o)
 .comment       0x0000006e       0x6f .\CortexM3\ARM_GCC_541\Debug\Glimball.a(PWM.o)
 .comment       0x0000006e       0x6f .\CortexM3\ARM_GCC_541\Debug\Glimball.a(ADC_Ext_CP_Clk.o)
 .comment       0x0000006e       0x6f .\CortexM3\ARM_GCC_541\Debug\Glimball.a(ADC_theACLK.o)
 .comment       0x0000006e       0x6f .\CortexM3\ARM_GCC_541\Debug\Glimball.a(ADC_AMux.o)
 .comment       0x0000006e       0x6f .\CortexM3\ARM_GCC_541\Debug\Glimball.a(Mux.o)
 .comment       0x0000006e       0x6f .\CortexM3\ARM_GCC_541\Debug\Glimball.a(CyFlash.o)
 .comment       0x0000006e       0x6f .\CortexM3\ARM_GCC_541\Debug\Glimball.a(CySpc.o)

.debug_weaknames
 *(.debug_weaknames)

.debug_funcnames
 *(.debug_funcnames)

.debug_typenames
 *(.debug_typenames)

.debug_varnames
 *(.debug_varnames)

.note.gnu.arm.ident
 *(.note.gnu.arm.ident)

.ARM.attributes
                0x00000000       0x29
 *(.ARM.attributes)
 .ARM.attributes
                0x00000000       0x1d c:/program files (x86)/cypress/psoc creator/4.4/psoc creator/import/gnu/arm/5.4.1/bin/../lib/gcc/arm-none-eabi/5.4.1/armv7-m/crti.o
 .ARM.attributes
                0x0000001d       0x2d c:/program files (x86)/cypress/psoc creator/4.4/psoc creator/import/gnu/arm/5.4.1/bin/../lib/gcc/arm-none-eabi/5.4.1/armv7-m/crtbegin.o
 .ARM.attributes
                0x0000004a       0x1b c:/program files (x86)/cypress/psoc creator/4.4/psoc creator/import/gnu/arm/5.4.1/bin/../lib/gcc/arm-none-eabi/5.4.1/../../../../arm-none-eabi/lib/armv7-m/crt0.o
 .ARM.attributes
                0x00000065       0x33 .\CortexM3\ARM_GCC_541\Debug\main.o
 .ARM.attributes
                0x00000098       0x33 .\CortexM3\ARM_GCC_541\Debug\functions.o
 .ARM.attributes
                0x000000cb       0x33 .\CortexM3\ARM_GCC_541\Debug\interruptions.o
 .ARM.attributes
                0x000000fe       0x33 .\CortexM3\ARM_GCC_541\Debug\keypad.o
 .ARM.attributes
                0x00000131       0x33 .\CortexM3\ARM_GCC_541\Debug\cyfitter_cfg.o
 .ARM.attributes
                0x00000164       0x33 .\CortexM3\ARM_GCC_541\Debug\cymetadata.o
 .ARM.attributes
                0x00000197       0x33 .\CortexM3\ARM_GCC_541\Debug\Cm3Start.o
 .ARM.attributes
                0x000001ca       0x33 .\CortexM3\ARM_GCC_541\Debug\Glimball.a(CyLib.o)
 .ARM.attributes
                0x000001fd       0x33 .\CortexM3\ARM_GCC_541\Debug\Glimball.a(cyPm.o)
 .ARM.attributes
                0x00000230       0x33 .\CortexM3\ARM_GCC_541\Debug\Glimball.a(LED1.o)
 .ARM.attributes
                0x00000263       0x33 .\CortexM3\ARM_GCC_541\Debug\Glimball.a(LED2.o)
 .ARM.attributes
                0x00000296       0x33 .\CortexM3\ARM_GCC_541\Debug\Glimball.a(LED3.o)
 .ARM.attributes
                0x000002c9       0x33 .\CortexM3\ARM_GCC_541\Debug\Glimball.a(LED4.o)
 .ARM.attributes
                0x000002fc       0x33 .\CortexM3\ARM_GCC_541\Debug\Glimball.a(SW1.o)
 .ARM.attributes
                0x0000032f       0x33 .\CortexM3\ARM_GCC_541\Debug\Glimball.a(SW2.o)
 .ARM.attributes
                0x00000362       0x33 .\CortexM3\ARM_GCC_541\Debug\Glimball.a(LCD.o)
 .ARM.attributes
                0x00000395       0x33 .\CortexM3\ARM_GCC_541\Debug\Glimball.a(ROW0.o)
 .ARM.attributes
                0x000003c8       0x33 .\CortexM3\ARM_GCC_541\Debug\Glimball.a(ROW1.o)
 .ARM.attributes
                0x000003fb       0x33 .\CortexM3\ARM_GCC_541\Debug\Glimball.a(ROW2.o)
 .ARM.attributes
                0x0000042e       0x33 .\CortexM3\ARM_GCC_541\Debug\Glimball.a(ROW3.o)
 .ARM.attributes
                0x00000461       0x33 .\CortexM3\ARM_GCC_541\Debug\Glimball.a(COL1.o)
 .ARM.attributes
                0x00000494       0x33 .\CortexM3\ARM_GCC_541\Debug\Glimball.a(COL2.o)
 .ARM.attributes
                0x000004c7       0x33 .\CortexM3\ARM_GCC_541\Debug\Glimball.a(COL3.o)
 .ARM.attributes
                0x000004fa       0x33 .\CortexM3\ARM_GCC_541\Debug\Glimball.a(ADC.o)
 .ARM.attributes
                0x0000052d       0x33 .\CortexM3\ARM_GCC_541\Debug\Glimball.a(ADC_INT.o)
 .ARM.attributes
                0x00000560       0x33 .\CortexM3\ARM_GCC_541\Debug\Glimball.a(PWM.o)
 .ARM.attributes
                0x00000593       0x33 .\CortexM3\ARM_GCC_541\Debug\Glimball.a(ADC_Ext_CP_Clk.o)
 .ARM.attributes
                0x000005c6       0x33 .\CortexM3\ARM_GCC_541\Debug\Glimball.a(ADC_theACLK.o)
 .ARM.attributes
                0x000005f9       0x33 .\CortexM3\ARM_GCC_541\Debug\Glimball.a(ADC_AMux.o)
 .ARM.attributes
                0x0000062c       0x33 .\CortexM3\ARM_GCC_541\Debug\Glimball.a(Mux.o)
 .ARM.attributes
                0x0000065f       0x21 .\CortexM3\ARM_GCC_541\Debug\Glimball.a(CyBootAsmGnu.o)
 .ARM.attributes
                0x00000680       0x33 .\CortexM3\ARM_GCC_541\Debug\Glimball.a(CyFlash.o)
 .ARM.attributes
                0x000006b3       0x33 .\CortexM3\ARM_GCC_541\Debug\Glimball.a(CySpc.o)
 .ARM.attributes
                0x000006e6       0x1d c:/program files (x86)/cypress/psoc creator/4.4/psoc creator/import/gnu/arm/5.4.1/bin/../lib/gcc/arm-none-eabi/5.4.1/armv7-m\libgcc.a(_arm_addsubdf3.o)
 .ARM.attributes
                0x00000703       0x1d c:/program files (x86)/cypress/psoc creator/4.4/psoc creator/import/gnu/arm/5.4.1/bin/../lib/gcc/arm-none-eabi/5.4.1/armv7-m\libgcc.a(_arm_cmpdf2.o)
 .ARM.attributes
                0x00000720       0x1d c:/program files (x86)/cypress/psoc creator/4.4/psoc creator/import/gnu/arm/5.4.1/bin/../lib/gcc/arm-none-eabi/5.4.1/armv7-m\libgcc.a(_arm_addsubsf3.o)
 .ARM.attributes
                0x0000073d       0x1d c:/program files (x86)/cypress/psoc creator/4.4/psoc creator/import/gnu/arm/5.4.1/bin/../lib/gcc/arm-none-eabi/5.4.1/armv7-m\libgcc.a(_arm_muldivsf3.o)
 .ARM.attributes
                0x0000075a       0x1d c:/program files (x86)/cypress/psoc creator/4.4/psoc creator/import/gnu/arm/5.4.1/bin/../lib/gcc/arm-none-eabi/5.4.1/armv7-m\libgcc.a(_arm_fixunssfsi.o)
 .ARM.attributes
                0x00000777       0x2d c:/program files (x86)/cypress/psoc creator/4.4/psoc creator/import/gnu/arm/5.4.1/bin/../lib/gcc/arm-none-eabi/5.4.1/../../../../arm-none-eabi/lib/armv7-m\libg_nano.a(lib_a-errno.o)
 .ARM.attributes
                0x000007a4       0x2d c:/program files (x86)/cypress/psoc creator/4.4/psoc creator/import/gnu/arm/5.4.1/bin/../lib/gcc/arm-none-eabi/5.4.1/../../../../arm-none-eabi/lib/armv7-m\libg_nano.a(lib_a-exit.o)
 .ARM.attributes
                0x000007d1       0x2d c:/program files (x86)/cypress/psoc creator/4.4/psoc creator/import/gnu/arm/5.4.1/bin/../lib/gcc/arm-none-eabi/5.4.1/../../../../arm-none-eabi/lib/armv7-m\libg_nano.a(lib_a-impure.o)
 .ARM.attributes
                0x000007fe       0x2d c:/program files (x86)/cypress/psoc creator/4.4/psoc creator/import/gnu/arm/5.4.1/bin/../lib/gcc/arm-none-eabi/5.4.1/../../../../arm-none-eabi/lib/armv7-m\libg_nano.a(lib_a-init.o)
 .ARM.attributes
                0x0000082b       0x2d c:/program files (x86)/cypress/psoc creator/4.4/psoc creator/import/gnu/arm/5.4.1/bin/../lib/gcc/arm-none-eabi/5.4.1/../../../../arm-none-eabi/lib/armv7-m\libg_nano.a(lib_a-memcpy-stub.o)
 .ARM.attributes
                0x00000858       0x2d c:/program files (x86)/cypress/psoc creator/4.4/psoc creator/import/gnu/arm/5.4.1/bin/../lib/gcc/arm-none-eabi/5.4.1/../../../../arm-none-eabi/lib/armv7-m\libg_nano.a(lib_a-memset.o)
 .ARM.attributes
                0x00000885       0x2d c:/program files (x86)/cypress/psoc creator/4.4/psoc creator/import/gnu/arm/5.4.1/bin/../lib/gcc/arm-none-eabi/5.4.1/armv7-m/crtend.o
 .ARM.attributes
                0x000008b2       0x1d c:/program files (x86)/cypress/psoc creator/4.4/psoc creator/import/gnu/arm/5.4.1/bin/../lib/gcc/arm-none-eabi/5.4.1/armv7-m/crtn.o

/DISCARD/
 *(.note.GNU-stack)
OUTPUT(C:\Documents\ULB\BA3\ELEC-H310\elec-h310-glimball\glimball-workspace\Glimball.cydsn\CortexM3\ARM_GCC_541\Debug\Glimball.elf elf32-littlearm)
