Archive member included to satisfy reference by file (symbol)

.\CortexM3\ARM_GCC_541\Debug\Glimball.a(CyLib.o)
                              .\CortexM3\ARM_GCC_541\Debug\Cm3Start.o (CyHalt)
.\CortexM3\ARM_GCC_541\Debug\Glimball.a(cyPm.o)
                              .\CortexM3\ARM_GCC_541\Debug\Glimball.a(CyLib.o) (CyPmReadStatus)
.\CortexM3\ARM_GCC_541\Debug\Glimball.a(LED1.o)
                              .\CortexM3\ARM_GCC_541\Debug\functions.o (LED1_Write)
.\CortexM3\ARM_GCC_541\Debug\Glimball.a(LED2.o)
                              .\CortexM3\ARM_GCC_541\Debug\functions.o (LED2_Write)
.\CortexM3\ARM_GCC_541\Debug\Glimball.a(LED3.o)
                              .\CortexM3\ARM_GCC_541\Debug\functions.o (LED3_Write)
.\CortexM3\ARM_GCC_541\Debug\Glimball.a(LED4.o)
                              .\CortexM3\ARM_GCC_541\Debug\functions.o (LED4_Write)
.\CortexM3\ARM_GCC_541\Debug\Glimball.a(SW1.o)
                              .\CortexM3\ARM_GCC_541\Debug\functions.o (SW1_Read)
.\CortexM3\ARM_GCC_541\Debug\Glimball.a(SW2.o)
                              .\CortexM3\ARM_GCC_541\Debug\functions.o (SW2_Read)
.\CortexM3\ARM_GCC_541\Debug\Glimball.a(LCD.o)
                              .\CortexM3\ARM_GCC_541\Debug\functions.o (LCD_PrintString)
.\CortexM3\ARM_GCC_541\Debug\Glimball.a(ROW0.o)
                              .\CortexM3\ARM_GCC_541\Debug\keypad.o (ROW0_Read)
.\CortexM3\ARM_GCC_541\Debug\Glimball.a(ROW1.o)
                              .\CortexM3\ARM_GCC_541\Debug\keypad.o (ROW1_Read)
.\CortexM3\ARM_GCC_541\Debug\Glimball.a(ROW2.o)
                              .\CortexM3\ARM_GCC_541\Debug\keypad.o (ROW2_Read)
.\CortexM3\ARM_GCC_541\Debug\Glimball.a(ROW3.o)
                              .\CortexM3\ARM_GCC_541\Debug\keypad.o (ROW3_Read)
.\CortexM3\ARM_GCC_541\Debug\Glimball.a(COL1.o)
                              .\CortexM3\ARM_GCC_541\Debug\keypad.o (COL1_Write)
.\CortexM3\ARM_GCC_541\Debug\Glimball.a(COL2.o)
                              .\CortexM3\ARM_GCC_541\Debug\keypad.o (COL2_Write)
.\CortexM3\ARM_GCC_541\Debug\Glimball.a(COL3.o)
                              .\CortexM3\ARM_GCC_541\Debug\keypad.o (COL3_Write)
.\CortexM3\ARM_GCC_541\Debug\Glimball.a(ADC.o)
                              .\CortexM3\ARM_GCC_541\Debug\functions.o (ADC_Start)
.\CortexM3\ARM_GCC_541\Debug\Glimball.a(ADC_INT.o)
                              .\CortexM3\ARM_GCC_541\Debug\Glimball.a(ADC.o) (ADC_ISR1)
.\CortexM3\ARM_GCC_541\Debug\Glimball.a(PWM.o)
                              .\CortexM3\ARM_GCC_541\Debug\functions.o (PWM_WriteCompare)
.\CortexM3\ARM_GCC_541\Debug\Glimball.a(ADC_Ext_CP_Clk.o)
                              .\CortexM3\ARM_GCC_541\Debug\Glimball.a(ADC.o) (ADC_Ext_CP_Clk_SetModeRegister)
.\CortexM3\ARM_GCC_541\Debug\Glimball.a(ADC_theACLK.o)
                              .\CortexM3\ARM_GCC_541\Debug\Glimball.a(ADC.o) (ADC_theACLK_SetModeRegister)
.\CortexM3\ARM_GCC_541\Debug\Glimball.a(ADC_AMux.o)
                              .\CortexM3\ARM_GCC_541\Debug\Glimball.a(ADC.o) (ADC_AMux_Select)
.\CortexM3\ARM_GCC_541\Debug\Glimball.a(Mux.o)
                              .\CortexM3\ARM_GCC_541\Debug\functions.o (Mux_Start)
.\CortexM3\ARM_GCC_541\Debug\Glimball.a(Timer.o)
                              .\CortexM3\ARM_GCC_541\Debug\functions.o (Timer_ReadStatusRegister)
.\CortexM3\ARM_GCC_541\Debug\Glimball.a(VDAC.o)
                              .\CortexM3\ARM_GCC_541\Debug\functions.o (VDAC_SetValue)
.\CortexM3\ARM_GCC_541\Debug\Glimball.a(ISR_SOUND.o)
                              .\CortexM3\ARM_GCC_541\Debug\functions.o (ISR_SOUND_StartEx)
.\CortexM3\ARM_GCC_541\Debug\Glimball.a(UART.o)
                              .\CortexM3\ARM_GCC_541\Debug\functions.o (UART_Start)
.\CortexM3\ARM_GCC_541\Debug\Glimball.a(UART_IntClock.o)
                              .\CortexM3\ARM_GCC_541\Debug\Glimball.a(UART.o) (UART_IntClock_Start)
.\CortexM3\ARM_GCC_541\Debug\Glimball.a(isr_uart.o)
                              .\CortexM3\ARM_GCC_541\Debug\functions.o (isr_uart_StartEx)
.\CortexM3\ARM_GCC_541\Debug\Glimball.a(CyBootAsmGnu.o)
                              .\CortexM3\ARM_GCC_541\Debug\cyfitter_cfg.o (CyDelayCycles)
.\CortexM3\ARM_GCC_541\Debug\Glimball.a(CyFlash.o)
                              .\CortexM3\ARM_GCC_541\Debug\Glimball.a(cyPm.o) (CyFlash_SetWaitCycles)
.\CortexM3\ARM_GCC_541\Debug\Glimball.a(CySpc.o)
                              .\CortexM3\ARM_GCC_541\Debug\Glimball.a(CyFlash.o) (CySpcStart)
c:/program files (x86)/cypress/psoc creator/4.4/psoc creator/import/gnu/arm/5.4.1/bin/../lib/gcc/arm-none-eabi/5.4.1/../../../../arm-none-eabi/lib/armv7-m\libm.a(lib_a-s_sin.o)
                              .\CortexM3\ARM_GCC_541\Debug\functions.o (sin)
c:/program files (x86)/cypress/psoc creator/4.4/psoc creator/import/gnu/arm/5.4.1/bin/../lib/gcc/arm-none-eabi/5.4.1/../../../../arm-none-eabi/lib/armv7-m\libm.a(lib_a-e_rem_pio2.o)
[...]
Memory Configuration

Name             Origin             Length             Attributes
rom              0x00000000         0x00040000         xr
ram              0x1fff8000         0x00010000         xrw
*default*        0x00000000         0xffffffff

Linker script and memory map

LOAD c:/program files (x86)/cypress/psoc creator/4.4/psoc creator/import/gnu/arm/5.4.1/bin/../lib/gcc/arm-none-eabi/5.4.1/armv7-m/crti.o
LOAD c:/program files (x86)/cypress/psoc creator/4.4/psoc creator/import/gnu/arm/5.4.1/bin/../lib/gcc/arm-none-eabi/5.4.1/armv7-m/crtbegin.o
LOAD c:/program files (x86)/cypress/psoc creator/4.4/psoc creator/import/gnu/arm/5.4.1/bin/../lib/gcc/arm-none-eabi/5.4.1/../../../../arm-none-eabi/lib/armv7-m/crt0.o
START GROUP
LOAD .\CortexM3\ARM_GCC_541\Debug\main.o
LOAD .\CortexM3\ARM_GCC_541\Debug\functions.o
LOAD .\CortexM3\ARM_GCC_541\Debug\interruptions.o
LOAD .\CortexM3\ARM_GCC_541\Debug\keypad.o
LOAD .\CortexM3\ARM_GCC_541\Debug\sound.o
LOAD .\CortexM3\ARM_GCC_541\Debug\cyfitter_cfg.o
LOAD .\CortexM3\ARM_GCC_541\Debug\cymetadata.o
LOAD .\CortexM3\ARM_GCC_541\Debug\Cm3Start.o
LOAD .\CortexM3\ARM_GCC_541\Debug\Glimball.a
LOAD C:\Program Files (x86)\Cypress\PSoC Creator\4.4\PSoC Creator\psoc\content\cycomponentlibrary\CyComponentLibrary.cylib\CortexM3\ARM_GCC_541\Debug\CyComponentLibrary.a
LOAD c:/program files (x86)/cypress/psoc creator/4.4/psoc creator/import/gnu/arm/5.4.1/bin/../lib/gcc/arm-none-eabi/5.4.1/../../../../arm-none-eabi/lib/armv7-m\libm.a
END GROUP
START GROUP
LOAD c:/program files (x86)/cypress/psoc creator/4.4/psoc creator/import/gnu/arm/5.4.1/bin/../lib/gcc/arm-none-eabi/5.4.1/armv7-m\libgcc.a
LOAD c:/program files (x86)/cypress/psoc creator/4.4/psoc creator/import/gnu/arm/5.4.1/bin/../lib/gcc/arm-none-eabi/5.4.1/../../../../arm-none-eabi/lib/armv7-m\libg_nano.a
LOAD c:/program files (x86)/cypress/psoc creator/4.4/psoc creator/import/gnu/arm/5.4.1/bin/../lib/gcc/arm-none-eabi/5.4.1/../../../../arm-none-eabi/lib/armv7-m\libc_nano.a
END GROUP
START GROUP
LOAD c:/program files (x86)/cypress/psoc creator/4.4/psoc creator/import/gnu/arm/5.4.1/bin/../lib/gcc/arm-none-eabi/5.4.1/armv7-m\libgcc.a
LOAD c:/program files (x86)/cypress/psoc creator/4.4/psoc creator/import/gnu/arm/5.4.1/bin/../lib/gcc/arm-none-eabi/5.4.1/../../../../arm-none-eabi/lib/armv7-m\libc_nano.a
END GROUP
LOAD c:/program files (x86)/cypress/psoc creator/4.4/psoc creator/import/gnu/arm/5.4.1/bin/../lib/gcc/arm-none-eabi/5.4.1/armv7-m/crtend.o
LOAD c:/program files (x86)/cypress/psoc creator/4.4/psoc creator/import/gnu/arm/5.4.1/bin/../lib/gcc/arm-none-eabi/5.4.1/armv7-m/crtn.o
START GROUP
LOAD c:/program files (x86)/cypress/psoc creator/4.4/psoc creator/import/gnu/arm/5.4.1/bin/../lib/gcc/arm-none-eabi/5.4.1/armv7-m\libgcc.a
LOAD c:/program files (x86)/cypress/psoc creator/4.4/psoc creator/import/gnu/arm/5.4.1/bin/../lib/gcc/arm-none-eabi/5.4.1/../../../../arm-none-eabi/lib/armv7-m\libc.a
LOAD c:/program files (x86)/cypress/psoc creator/4.4/psoc creator/import/gnu/arm/5.4.1/bin/../lib/gcc/arm-none-eabi/5.4.1/../../../../arm-none-eabi/lib/armv7-m\libnosys.a
END GROUP
                0x00000000                CY_APPL_ORIGIN = 0x0
                0x00000100                CY_FLASH_ROW_SIZE = 0x100
                0x00000020                CY_ECC_ROW_SIZE = 0x20
                0x00000000                CY_EE_IN_BTLDR = 0x0
                0x00000000                CY_APPL_LOADABLE = 0x0
                0x00000800                CY_EE_SIZE = 0x800
                0x00000001                CY_APPL_NUM = 0x1
                0x00000001                CY_APPL_MAX = 0x1
                0x00000040                CY_METADATA_SIZE = 0x40
                0x00000000                CY_APPL_LOADABLE = 0x0
                0x00000000                CY_CHECKSUM_EXCLUDE_SIZE = ALIGN (0x0, CY_FLASH_ROW_SIZE)
                [!provide]                PROVIDE (__cy_heap_start, _end)
                0x00000001                PROVIDE (__cy_region_num, ((__cy_regions_end - __cy_regions) / 0x10))
                0x20008000                PROVIDE (__cy_stack, (ORIGIN (ram) + LENGTH (ram)))
                [!provide]                PROVIDE (__cy_heap_end, (__cy_stack - 0x800))

.cybootloader   0x00000000        0x0
 *(.cybootloader)
                0x00000000                appl1_start = CY_APPL_ORIGIN?CY_APPL_ORIGIN:ALIGN (CY_FLASH_ROW_SIZE)
                0x0001ff00                appl2_start = (appl1_start + ALIGN ((((LENGTH (rom) - appl1_start) - (0x2 * CY_FLASH_ROW_SIZE)) / 0x2), CY_FLASH_ROW_SIZE))
                0x00000000                appl_start = (CY_APPL_NUM == 0x1)?appl1_start:appl2_start
                0x00000000                ecc_offset = ((appl_start / CY_FLASH_ROW_SIZE) * CY_ECC_ROW_SIZE)
                0x00000000                ee_offset = (CY_APPL_LOADABLE && ! (CY_EE_IN_BTLDR))?((CY_EE_SIZE / CY_APPL_MAX) * (CY_APPL_NUM - 0x1)):0x0
                0x00000800                ee_size = (CY_APPL_LOADABLE && ! (CY_EE_IN_BTLDR))?(CY_EE_SIZE / CY_APPL_MAX):CY_EE_SIZE
                [!provide]                PROVIDE (CY_ECC_OFFSET, ecc_offset)

.text           0x00000000     0x4834
 CREATE_OBJECT_SYMBOLS
                0x00000000                PROVIDE (__cy_interrupt_vector, RomVectors)
 *(.romvectors)
 .romvectors    0x00000000       0x10 .\CortexM3\ARM_GCC_541\Debug\Cm3Start.o
                0x00000000                RomVectors
                0x00000001                ASSERT ((. != __cy_interrupt_vector), No interrupt vector)
                0x00000001                ASSERT (CY_APPL_ORIGIN?(SIZEOF (.cybootloader) <= CY_APPL_ORIGIN):0x1, Wrong image location)
                0x00000010                PROVIDE (__cy_reset, Reset)
 *(.text.Reset)
 .text.Reset    0x00000010       0x18 .\CortexM3\ARM_GCC_541\Debug\Cm3Start.o
                0x00000010                Reset
                0x00000001                ASSERT ((. != __cy_reset), No reset code)
 *(.dma_init)
                0x00000001                ASSERT ((((appl_start + .) <= 0x10000) || 0x1), DMA Init must be within the first 64k of flash)
 *(.text .text.* .gnu.linkonce.t.*)
 .text          0x00000028       0x5c c:/program files (x86)/cypress/psoc creator/4.4/psoc creator/import/gnu/arm/5.4.1/bin/../lib/gcc/arm-none-eabi/5.4.1/armv7-m/crtbegin.o
 .text.main     0x00000084       0x18 .\CortexM3\ARM_GCC_541\Debug\main.o
                0x00000084                main
 .text.isr_sound_handler
                0x0000009c       0x38 .\CortexM3\ARM_GCC_541\Debug\functions.o
                0x0000009c                isr_sound_handler
 *fill*         0x000000d4        0x4 
 .text.fill_sine
                0x000000d8       0x68 .\CortexM3\ARM_GCC_541\Debug\functions.o
                0x000000d8                fill_sine
 .text.initialize
                0x00000140       0x40 .\CortexM3\ARM_GCC_541\Debug\functions.o
                0x00000140                initialize
 .text.light_LEDS
                0x00000180       0x1c .\CortexM3\ARM_GCC_541\Debug\functions.o
                0x00000180                light_LEDS
 .text.turn_off_LEDS
                0x0000019c       0x1c .\CortexM3\ARM_GCC_541\Debug\functions.o
                0x0000019c                turn_off_LEDS
 .text.activate_sound
                0x000001b8       0x10 .\CortexM3\ARM_GCC_541\Debug\functions.o
                0x000001b8                activate_sound
 .text.rotate_left
                0x000001c8       0x3c .\CortexM3\ARM_GCC_541\Debug\functions.o
                0x000001c8                rotate_left
 .text.rotate_right
                0x00000204       0x3c .\CortexM3\ARM_GCC_541\Debug\functions.o
                0x00000204                rotate_right
 .text.print_screen
                0x00000240       0x24 .\CortexM3\ARM_GCC_541\Debug\functions.o
                0x00000240                print_screen
 .text.switch_to_gimball_mode
                0x00000264       0x20 .\CortexM3\ARM_GCC_541\Debug\functions.o
                0x00000264                switch_to_gimball_mode
 .text.switch_to_test_mode
                0x00000284       0x20 .\CortexM3\ARM_GCC_541\Debug\functions.o
                0x00000284                switch_to_test_mode
 .text.switch_mode
                0x000002a4       0x18 .\CortexM3\ARM_GCC_541\Debug\functions.o
                0x000002a4                switch_mode
 .text.read_computer
                0x000002bc       0x54 .\CortexM3\ARM_GCC_541\Debug\functions.o
                0x000002bc                read_computer
 .text.read_SW1
                0x00000310       0x14 .\CortexM3\ARM_GCC_541\Debug\functions.o
                0x00000310                read_SW1
 .text.react_to_keypad
                0x00000324       0x1c .\CortexM3\ARM_GCC_541\Debug\functions.o
                0x00000324                react_to_keypad
 .text.isr_uart_handler
                0x00000340       0x44 .\CortexM3\ARM_GCC_541\Debug\functions.o
                0x00000340                isr_uart_handler
 .text.read_SW2
                0x00000384       0x68 .\CortexM3\ARM_GCC_541\Debug\functions.o
                0x00000384                read_SW2
 .text.test_pot
                0x000003ec       0x54 .\CortexM3\ARM_GCC_541\Debug\functions.o
                0x000003ec                test_pot
 .text.test_keyboard
                0x00000440       0x30 .\CortexM3\ARM_GCC_541\Debug\functions.o
                0x00000440                test_keyboard
 .text.test_joystick
                0x00000470       0x74 .\CortexM3\ARM_GCC_541\Debug\functions.o
                0x00000470                test_joystick
 .text.testing_mode
                0x000004e4       0x2c .\CortexM3\ARM_GCC_541\Debug\functions.o
                0x000004e4                testing_mode
 .text.print_angle
                0x00000510       0x40 .\CortexM3\ARM_GCC_541\Debug\functions.o
                0x00000510                print_angle
 .text.get_angle
                0x00000550       0x84 .\CortexM3\ARM_GCC_541\Debug\functions.o
                0x00000550                get_angle
 .text.turn_servo
                0x000005d4       0x38 .\CortexM3\ARM_GCC_541\Debug\functions.o
                0x000005d4                turn_servo
 .text.gimball_mode
                0x0000060c        0x8 .\CortexM3\ARM_GCC_541\Debug\functions.o
                0x0000060c                gimball_mode
 .text.react    0x00000614        0xc .\CortexM3\ARM_GCC_541\Debug\functions.o
                0x00000614                react
 .text.modes    0x00000620       0x30 .\CortexM3\ARM_GCC_541\Debug\functions.o
                0x00000620                modes
 .text.keypadInit
                0x00000650       0x18 .\CortexM3\ARM_GCC_541\Debug\keypad.o
                0x00000650                keypadInit
 .text.keypadScan
                0x00000668       0xfc .\CortexM3\ARM_GCC_541\Debug\keypad.o
                0x00000668                keypadScan
 .text.CyClockStartupError
                0x00000764        0x4 .\CortexM3\ARM_GCC_541\Debug\cyfitter_cfg.o
 .text.cfg_write_bytes32
                0x00000768       0x34 .\CortexM3\ARM_GCC_541\Debug\cyfitter_cfg.o
 .text.AnalogSetDefault
                0x0000079c       0x40 .\CortexM3\ARM_GCC_541\Debug\cyfitter_cfg.o
 .text.CYMEMZERO
                0x000007dc        0xc .\CortexM3\ARM_GCC_541\Debug\cyfitter_cfg.o
 .text.CYCONFIGCPY
                0x000007e8        0x8 .\CortexM3\ARM_GCC_541\Debug\cyfitter_cfg.o
 .text.ClockSetup
                0x000007f0      0x100 .\CortexM3\ARM_GCC_541\Debug\cyfitter_cfg.o
 .text.Mux_Set  0x000008f0       0x34 .\CortexM3\ARM_GCC_541\Debug\cyfitter_cfg.o
                0x000008f0                Mux_Set
 .text.Mux_Unset
                0x00000924       0x38 .\CortexM3\ARM_GCC_541\Debug\cyfitter_cfg.o
                0x00000924                Mux_Unset
 .text.ADC_AMux_Set
                0x0000095c       0x20 .\CortexM3\ARM_GCC_541\Debug\cyfitter_cfg.o
                0x0000095c                ADC_AMux_Set
 .text.ADC_AMux_Unset
                0x0000097c       0x20 .\CortexM3\ARM_GCC_541\Debug\cyfitter_cfg.o
                0x0000097c                ADC_AMux_Unset
 .text.cyfitter_cfg
                0x0000099c      0x12c .\CortexM3\ARM_GCC_541\Debug\cyfitter_cfg.o
                0x0000099c                cyfitter_cfg
 .text.IntDefaultHandler
                0x00000ac8       0x10 .\CortexM3\ARM_GCC_541\Debug\Cm3Start.o
                0x00000ac8                IntDefaultHandler
 .text._sbrk    0x00000ad8       0x30 .\CortexM3\ARM_GCC_541\Debug\Cm3Start.o
                0x00000ad8                _sbrk
 .text.Start_c  0x00000b08       0x4c .\CortexM3\ARM_GCC_541\Debug\Cm3Start.o
                0x00000b08                Start_c
 .text.initialize_psoc
                0x00000b54       0x68 .\CortexM3\ARM_GCC_541\Debug\Cm3Start.o
                0x00000b54                initialize_psoc
 .text.CyHalt   0x00000bbc        0x4 .\CortexM3\ARM_GCC_541\Debug\Glimball.a(CyLib.o)
                0x00000bbc                CyHalt
 .text.CyDelay  0x00000bc0       0x2c .\CortexM3\ARM_GCC_541\Debug\Glimball.a(CyLib.o)
                0x00000bc0                CyDelay
 .text.CyDelayUs
                0x00000bec       0x14 .\CortexM3\ARM_GCC_541\Debug\Glimball.a(CyLib.o)
                0x00000bec                CyDelayUs
 .text.CyIntSetVector
                0x00000c00       0x28 .\CortexM3\ARM_GCC_541\Debug\Glimball.a(CyLib.o)
                0x00000c00                CyIntSetVector
 .text.CyIntSetPriority
                0x00000c28       0x30 .\CortexM3\ARM_GCC_541\Debug\Glimball.a(CyLib.o)
                0x00000c28                CyIntSetPriority
 .text.LED1_Write
                0x00000c58       0x18 .\CortexM3\ARM_GCC_541\Debug\Glimball.a(LED1.o)
                0x00000c58                LED1_Write
 .text.LED2_Write
                0x00000c70       0x18 .\CortexM3\ARM_GCC_541\Debug\Glimball.a(LED2.o)
                0x00000c70                LED2_Write
 .text.LED3_Write
                0x00000c88       0x18 .\CortexM3\ARM_GCC_541\Debug\Glimball.a(LED3.o)
                0x00000c88                LED3_Write
 .text.LED4_Write
                0x00000ca0       0x18 .\CortexM3\ARM_GCC_541\Debug\Glimball.a(LED4.o)
                0x00000ca0                LED4_Write
 .text.SW1_Read
                0x00000cb8       0x10 .\CortexM3\ARM_GCC_541\Debug\Glimball.a(SW1.o)
                0x00000cb8                SW1_Read
 .text.SW2_Read
                0x00000cc8       0x10 .\CortexM3\ARM_GCC_541\Debug\Glimball.a(SW2.o)
                0x00000cc8                SW2_Read
 .text.LCD_WrCntrlNib
                0x00000cd8       0x34 .\CortexM3\ARM_GCC_541\Debug\Glimball.a(LCD.o)
 .text.LCD_WrDatNib
                0x00000d0c       0x44 .\CortexM3\ARM_GCC_541\Debug\Glimball.a(LCD.o)
 .text.LCD_IsReady
                0x00000d50       0xe4 .\CortexM3\ARM_GCC_541\Debug\Glimball.a(LCD.o)
                0x00000d50                LCD_IsReady
 .text.LCD_WriteData
                0x00000e34       0x18 .\CortexM3\ARM_GCC_541\Debug\Glimball.a(LCD.o)
                0x00000e34                LCD_WriteData
 .text.LCD_PrintString
                0x00000e4c       0x1c .\CortexM3\ARM_GCC_541\Debug\Glimball.a(LCD.o)
                0x00000e4c                LCD_PrintString
 .text.LCD_WriteControl
                0x00000e68       0x18 .\CortexM3\ARM_GCC_541\Debug\Glimball.a(LCD.o)
                0x00000e68                LCD_WriteControl
 .text.LCD_Init
                0x00000e80       0x6c .\CortexM3\ARM_GCC_541\Debug\Glimball.a(LCD.o)
                0x00000e80                LCD_Init
 .text.LCD_Enable
                0x00000eec       0x14 .\CortexM3\ARM_GCC_541\Debug\Glimball.a(LCD.o)
                0x00000eec                LCD_Enable
 .text.LCD_Start
                0x00000f00       0x1c .\CortexM3\ARM_GCC_541\Debug\Glimball.a(LCD.o)
                0x00000f00                LCD_Start
 .text.LCD_Position
                0x00000f1c       0x3c .\CortexM3\ARM_GCC_541\Debug\Glimball.a(LCD.o)
                0x00000f1c                LCD_Position
 .text.ROW0_Read
                0x00000f58       0x10 .\CortexM3\ARM_GCC_541\Debug\Glimball.a(ROW0.o)
                0x00000f58                ROW0_Read
 .text.ROW1_Read
                0x00000f68       0x10 .\CortexM3\ARM_GCC_541\Debug\Glimball.a(ROW1.o)
                0x00000f68                ROW1_Read
 .text.ROW2_Read
                0x00000f78        0xc .\CortexM3\ARM_GCC_541\Debug\Glimball.a(ROW2.o)
                0x00000f78                ROW2_Read
 .text.ROW3_Read
                0x00000f84       0x10 .\CortexM3\ARM_GCC_541\Debug\Glimball.a(ROW3.o)
                0x00000f84                ROW3_Read
 .text.COL1_Write
                0x00000f94       0x18 .\CortexM3\ARM_GCC_541\Debug\Glimball.a(COL1.o)
                0x00000f94                COL1_Write
 .text.COL2_Write
                0x00000fac       0x18 .\CortexM3\ARM_GCC_541\Debug\Glimball.a(COL2.o)
                0x00000fac                COL2_Write
 .text.COL3_Write
                0x00000fc4       0x18 .\CortexM3\ARM_GCC_541\Debug\Glimball.a(COL3.o)
                0x00000fc4                COL3_Write
 .text.ADC_GainCompensation
                0x00000fdc       0xe0 .\CortexM3\ARM_GCC_541\Debug\Glimball.a(ADC.o)
 .text.ADC_SetDSMRef0Reg
                0x000010bc       0x4c .\CortexM3\ARM_GCC_541\Debug\Glimball.a(ADC.o)
 .text.ADC_InitConfig
                0x00001108      0x32c .\CortexM3\ARM_GCC_541\Debug\Glimball.a(ADC.o)
 .text.ADC_Init
                0x00001434      0x108 .\CortexM3\ARM_GCC_541\Debug\Glimball.a(ADC.o)
                0x00001434                ADC_Init
 .text.ADC_Enable
                0x0000153c       0xd8 .\CortexM3\ARM_GCC_541\Debug\Glimball.a(ADC.o)
                0x0000153c                ADC_Enable
 .text.ADC_Start
                0x00001614       0x28 .\CortexM3\ARM_GCC_541\Debug\Glimball.a(ADC.o)
                0x00001614                ADC_Start
 .text.ADC_StartConvert
                0x0000163c       0x10 .\CortexM3\ARM_GCC_541\Debug\Glimball.a(ADC.o)
                0x0000163c                ADC_StartConvert
 .text.ADC_IsEndConversion
                0x0000164c       0x30 .\CortexM3\ARM_GCC_541\Debug\Glimball.a(ADC.o)
                0x0000164c                ADC_IsEndConversion
 .text.ADC_GetResult32
                0x0000167c       0x6c .\CortexM3\ARM_GCC_541\Debug\Glimball.a(ADC.o)
                0x0000167c                ADC_GetResult32
 .text.ADC_ISR1
                0x000016e8        0x4 .\CortexM3\ARM_GCC_541\Debug\Glimball.a(ADC_INT.o)
                0x000016e8                ADC_ISR1
 .text.ADC_ISR2
                0x000016ec        0x4 .\CortexM3\ARM_GCC_541\Debug\Glimball.a(ADC_INT.o)
                0x000016ec                ADC_ISR2
 .text.ADC_ISR3
                0x000016f0        0x4 .\CortexM3\ARM_GCC_541\Debug\Glimball.a(ADC_INT.o)
                0x000016f0                ADC_ISR3
 .text.ADC_ISR4
                0x000016f4        0x4 .\CortexM3\ARM_GCC_541\Debug\Glimball.a(ADC_INT.o)
                0x000016f4                ADC_ISR4
 .text.PWM_Enable
                0x000016f8       0x10 .\CortexM3\ARM_GCC_541\Debug\Glimball.a(PWM.o)
                0x000016f8                PWM_Enable
 .text.PWM_WriteCounter
                0x00001708        0xc .\CortexM3\ARM_GCC_541\Debug\Glimball.a(PWM.o)
                0x00001708                PWM_WriteCounter
 .text.PWM_WritePeriod
                0x00001714        0xc .\CortexM3\ARM_GCC_541\Debug\Glimball.a(PWM.o)
                0x00001714                PWM_WritePeriod
 .text.PWM_WriteCompare
                0x00001720        0xc .\CortexM3\ARM_GCC_541\Debug\Glimball.a(PWM.o)
                0x00001720                PWM_WriteCompare
 .text.PWM_SetInterruptMode
                0x0000172c        0xc .\CortexM3\ARM_GCC_541\Debug\Glimball.a(PWM.o)
                0x0000172c                PWM_SetInterruptMode
 .text.PWM_ReadStatusRegister
                0x00001738        0xc .\CortexM3\ARM_GCC_541\Debug\Glimball.a(PWM.o)
                0x00001738                PWM_ReadStatusRegister
 .text.PWM_ReadCapture
                0x00001744        0xc .\CortexM3\ARM_GCC_541\Debug\Glimball.a(PWM.o)
                0x00001744                PWM_ReadCapture
 .text.PWM_ClearFIFO
                0x00001750       0x14 .\CortexM3\ARM_GCC_541\Debug\Glimball.a(PWM.o)
                0x00001750                PWM_ClearFIFO
 .text.PWM_Init
                0x00001764       0x60 .\CortexM3\ARM_GCC_541\Debug\Glimball.a(PWM.o)
                0x00001764                PWM_Init
 .text.PWM_Start
                0x000017c4       0x1c .\CortexM3\ARM_GCC_541\Debug\Glimball.a(PWM.o)
                0x000017c4                PWM_Start
 .text.PWM_ReadCompare
                0x000017e0        0xc .\CortexM3\ARM_GCC_541\Debug\Glimball.a(PWM.o)
                0x000017e0                PWM_ReadCompare
 .text.ADC_Ext_CP_Clk_GetDividerRegister
                0x000017ec        0xc .\CortexM3\ARM_GCC_541\Debug\Glimball.a(ADC_Ext_CP_Clk.o)
                0x000017ec                ADC_Ext_CP_Clk_GetDividerRegister
 .text.ADC_Ext_CP_Clk_SetModeRegister
                0x000017f8       0x14 .\CortexM3\ARM_GCC_541\Debug\Glimball.a(ADC_Ext_CP_Clk.o)
                0x000017f8                ADC_Ext_CP_Clk_SetModeRegister
 .text.ADC_Ext_CP_Clk_GetSourceRegister
                0x0000180c       0x10 .\CortexM3\ARM_GCC_541\Debug\Glimball.a(ADC_Ext_CP_Clk.o)
                0x0000180c                ADC_Ext_CP_Clk_GetSourceRegister
 .text.ADC_Ext_CP_Clk_SetDividerRegister
                0x0000181c       0xdc .\CortexM3\ARM_GCC_541\Debug\Glimball.a(ADC_Ext_CP_Clk.o)
                0x0000181c                ADC_Ext_CP_Clk_SetDividerRegister
 .text.ADC_theACLK_GetDividerRegister
                0x000018f8        0xc .\CortexM3\ARM_GCC_541\Debug\Glimball.a(ADC_theACLK.o)
                0x000018f8                ADC_theACLK_GetDividerRegister
 .text.ADC_theACLK_SetModeRegister
                0x00001904       0x14 .\CortexM3\ARM_GCC_541\Debug\Glimball.a(ADC_theACLK.o)
                0x00001904                ADC_theACLK_SetModeRegister
 .text.ADC_theACLK_GetSourceRegister
                0x00001918       0x10 .\CortexM3\ARM_GCC_541\Debug\Glimball.a(ADC_theACLK.o)
                0x00001918                ADC_theACLK_GetSourceRegister
 .text.ADC_theACLK_SetDividerRegister
                0x00001928       0xd8 .\CortexM3\ARM_GCC_541\Debug\Glimball.a(ADC_theACLK.o)
                0x00001928                ADC_theACLK_SetDividerRegister
 .text.ADC_AMux_Start
                0x00001a00       0x20 .\CortexM3\ARM_GCC_541\Debug\Glimball.a(ADC_AMux.o)
                0x00001a00                ADC_AMux_Start
 .text.ADC_AMux_Select
                0x00001a20       0x18 .\CortexM3\ARM_GCC_541\Debug\Glimball.a(ADC_AMux.o)
                0x00001a20                ADC_AMux_Select
 .text.Mux_Start
                0x00001a38       0x20 .\CortexM3\ARM_GCC_541\Debug\Glimball.a(Mux.o)
                0x00001a38                Mux_Start
 .text.Mux_Select
                0x00001a58       0x18 .\CortexM3\ARM_GCC_541\Debug\Glimball.a(Mux.o)
                0x00001a58                Mux_Select
 .text.Timer_Enable
                0x00001a70       0x28 .\CortexM3\ARM_GCC_541\Debug\Glimball.a(Timer.o)
                0x00001a70                Timer_Enable
 .text.Timer_SetInterruptMode
                0x00001a98        0xc .\CortexM3\ARM_GCC_541\Debug\Glimball.a(Timer.o)
                0x00001a98                Timer_SetInterruptMode
 .text.Timer_ReadStatusRegister
                0x00001aa4        0xc .\CortexM3\ARM_GCC_541\Debug\Glimball.a(Timer.o)
                0x00001aa4                Timer_ReadStatusRegister
 .text.Timer_WritePeriod
                0x00001ab0        0xc .\CortexM3\ARM_GCC_541\Debug\Glimball.a(Timer.o)
                0x00001ab0                Timer_WritePeriod
 .text.Timer_WriteCounter
                0x00001abc        0xc .\CortexM3\ARM_GCC_541\Debug\Glimball.a(Timer.o)
                0x00001abc                Timer_WriteCounter
 .text.Timer_Init
                0x00001ac8       0x68 .\CortexM3\ARM_GCC_541\Debug\Glimball.a(Timer.o)
                0x00001ac8                Timer_Init
 .text.Timer_Start
                0x00001b30       0x1c .\CortexM3\ARM_GCC_541\Debug\Glimball.a(Timer.o)
                0x00001b30                Timer_Start
 .text.VDAC_Enable
                0x00001b4c       0x1c .\CortexM3\ARM_GCC_541\Debug\Glimball.a(VDAC.o)
                0x00001b4c                VDAC_Enable
 .text.VDAC_SetSpeed
                0x00001b68       0x1c .\CortexM3\ARM_GCC_541\Debug\Glimball.a(VDAC.o)
                0x00001b68                VDAC_SetSpeed
 .text.VDAC_SetValue
                0x00001b84        0xc .\CortexM3\ARM_GCC_541\Debug\Glimball.a(VDAC.o)
                0x00001b84                VDAC_SetValue
 .text.VDAC_DacTrim
                0x00001b90       0x24 .\CortexM3\ARM_GCC_541\Debug\Glimball.a(VDAC.o)
                0x00001b90                VDAC_DacTrim
 .text.VDAC_SetRange
                0x00001bb4       0x20 .\CortexM3\ARM_GCC_541\Debug\Glimball.a(VDAC.o)
                0x00001bb4                VDAC_SetRange
 .text.VDAC_Init
                0x00001bd4       0x20 .\CortexM3\ARM_GCC_541\Debug\Glimball.a(VDAC.o)
                0x00001bd4                VDAC_Init
 .text.VDAC_Start
                0x00001bf4       0x24 .\CortexM3\ARM_GCC_541\Debug\Glimball.a(VDAC.o)
                0x00001bf4                VDAC_Start
 .text.ISR_SOUND_SetVector
                0x00001c18       0x10 .\CortexM3\ARM_GCC_541\Debug\Glimball.a(ISR_SOUND.o)
                0x00001c18                ISR_SOUND_SetVector
 .text.ISR_SOUND_SetPriority
                0x00001c28       0x10 .\CortexM3\ARM_GCC_541\Debug\Glimball.a(ISR_SOUND.o)
                0x00001c28                ISR_SOUND_SetPriority
 .text.ISR_SOUND_Enable
                0x00001c38       0x10 .\CortexM3\ARM_GCC_541\Debug\Glimball.a(ISR_SOUND.o)
                0x00001c38                ISR_SOUND_Enable
 .text.ISR_SOUND_Disable
                0x00001c48       0x10 .\CortexM3\ARM_GCC_541\Debug\Glimball.a(ISR_SOUND.o)
                0x00001c48                ISR_SOUND_Disable
 .text.ISR_SOUND_StartEx
                0x00001c58       0x1c .\CortexM3\ARM_GCC_541\Debug\Glimball.a(ISR_SOUND.o)
                0x00001c58                ISR_SOUND_StartEx
 .text.UART_Init
                0x00001c74       0x28 .\CortexM3\ARM_GCC_541\Debug\Glimball.a(UART.o)
                0x00001c74                UART_Init
 .text.UART_Enable
                0x00001c9c       0x38 .\CortexM3\ARM_GCC_541\Debug\Glimball.a(UART.o)
                0x00001c9c                UART_Enable
 .text.UART_Start
                0x00001cd4       0x1c .\CortexM3\ARM_GCC_541\Debug\Glimball.a(UART.o)
                0x00001cd4                UART_Start
 .text.UART_ReadRxStatus
                0x00001cf0       0x10 .\CortexM3\ARM_GCC_541\Debug\Glimball.a(UART.o)
                0x00001cf0                UART_ReadRxStatus
 .text.UART_GetChar
                0x00001d00       0x2c .\CortexM3\ARM_GCC_541\Debug\Glimball.a(UART.o)
                0x00001d00                UART_GetChar
 .text.UART_PutChar
                0x00001d2c       0x18 .\CortexM3\ARM_GCC_541\Debug\Glimball.a(UART.o)
                0x00001d2c                UART_PutChar
 .text.UART_PutString
                0x00001d44       0x24 .\CortexM3\ARM_GCC_541\Debug\Glimball.a(UART.o)
                0x00001d44                UART_PutString
 .text.UART_IntClock_Start
                0x00001d68       0x1c .\CortexM3\ARM_GCC_541\Debug\Glimball.a(UART_IntClock.o)
                0x00001d68                UART_IntClock_Start
 .text.isr_uart_SetVector
                0x00001d84        0xc .\CortexM3\ARM_GCC_541\Debug\Glimball.a(isr_uart.o)
                0x00001d84                isr_uart_SetVector
 .text.isr_uart_SetPriority
                0x00001d90       0x10 .\CortexM3\ARM_GCC_541\Debug\Glimball.a(isr_uart.o)
                0x00001d90                isr_uart_SetPriority
 .text.isr_uart_Enable
                0x00001da0        0xc .\CortexM3\ARM_GCC_541\Debug\Glimball.a(isr_uart.o)
                0x00001da0                isr_uart_Enable
 .text.isr_uart_Disable
                0x00001dac        0xc .\CortexM3\ARM_GCC_541\Debug\Glimball.a(isr_uart.o)
                0x00001dac                isr_uart_Disable
 .text.isr_uart_StartEx
                0x00001db8       0x1c .\CortexM3\ARM_GCC_541\Debug\Glimball.a(isr_uart.o)
                0x00001db8                isr_uart_StartEx
 *fill*         0x00001dd4        0x4 
 .text          0x00001dd8       0x20 .\CortexM3\ARM_GCC_541\Debug\Glimball.a(CyBootAsmGnu.o)
                0x00001dd8                CyDelayCycles
                0x00001de8                CyEnterCriticalSection
                0x00001df0                CyExitCriticalSection
 .text.sin      0x00001df8       0x90 c:/program files (x86)/cypress/psoc creator/4.4/psoc creator/import/gnu/arm/5.4.1/bin/../lib/gcc/arm-none-eabi/5.4.1/../../../../arm-none-eabi/lib/armv7-m\libm.a(lib_a-s_sin.o)
                0x00001df8                sin
 .text.__ieee754_rem_pio2
                0x00001e88      0x42c c:/program files (x86)/cypress/psoc creator/4.4/psoc creator/import/gnu/arm/5.4.1/bin/../lib/gcc/arm-none-eabi/5.4.1/../../../../arm-none-eabi/lib/armv7-m\libm.a(lib_a-e_rem_pio2.o)
                0x00001e88                __ieee754_rem_pio2
 *fill*         0x000022b4        0x4 
 .text.__kernel_cos
                0x000022b8      0x248 c:/program files (x86)/cypress/psoc creator/4.4/psoc creator/import/gnu/arm/5.4.1/bin/../lib/gcc/arm-none-eabi/5.4.1/../../../../arm-none-eabi/lib/armv7-m\libm.a(lib_a-k_cos.o)
                0x000022b8                __kernel_cos
 .text.__kernel_rem_pio2
                0x00002500      0x7f0 c:/program files (x86)/cypress/psoc creator/4.4/psoc creator/import/gnu/arm/5.4.1/bin/../lib/gcc/arm-none-eabi/5.4.1/../../../../arm-none-eabi/lib/armv7-m\libm.a(lib_a-k_rem_pio2.o)
                0x00002500                __kernel_rem_pio2
 .text.__kernel_sin
                0x00002cf0      0x16c c:/program files (x86)/cypress/psoc creator/4.4/psoc creator/import/gnu/arm/5.4.1/bin/../lib/gcc/arm-none-eabi/5.4.1/../../../../arm-none-eabi/lib/armv7-m\libm.a(lib_a-k_sin.o)
                0x00002cf0                __kernel_sin
 .text.fabs     0x00002e5c        0x8 c:/program files (x86)/cypress/psoc creator/4.4/psoc creator/import/gnu/arm/5.4.1/bin/../lib/gcc/arm-none-eabi/5.4.1/../../../../arm-none-eabi/lib/armv7-m\libm.a(lib_a-s_fabs.o)
                0x00002e5c                fabs
 *fill*         0x00002e64        0x4 
 .text.floor    0x00002e68      0x110 c:/program files (x86)/cypress/psoc creator/4.4/psoc creator/import/gnu/arm/5.4.1/bin/../lib/gcc/arm-none-eabi/5.4.1/../../../../arm-none-eabi/lib/armv7-m\libm.a(lib_a-s_floor.o)
                0x00002e68                floor
 .text.scalbn   0x00002f78       0xe4 c:/program files (x86)/cypress/psoc creator/4.4/psoc creator/import/gnu/arm/5.4.1/bin/../lib/gcc/arm-none-eabi/5.4.1/../../../../arm-none-eabi/lib/armv7-m\libm.a(lib_a-s_scalbn.o)
                0x00002f78                scalbn
 .text.copysign
                0x0000305c       0x10 c:/program files (x86)/cypress/psoc creator/4.4/psoc creator/import/gnu/arm/5.4.1/bin/../lib/gcc/arm-none-eabi/5.4.1/../../../../arm-none-eabi/lib/armv7-m\libm.a(lib_a-s_copysign.o)
                0x0000305c                copysign
 .text          0x0000306c      0x370 c:/program files (x86)/cypress/psoc creator/4.4/psoc creator/import/gnu/arm/5.4.1/bin/../lib/gcc/arm-none-eabi/5.4.1/armv7-m\libgcc.a(_arm_addsubdf3.o)
                0x0000306c                __aeabi_drsub
                0x00003074                __aeabi_dsub
                0x00003074                __subdf3
                0x00003078                __aeabi_dadd
                0x00003078                __adddf3
                0x000032f0                __floatunsidf
                0x000032f0                __aeabi_ui2d
                0x00003310                __floatsidf
                0x00003310                __aeabi_i2d
                0x00003334                __aeabi_f2d
                0x00003334                __extendsfdf2
                0x00003370                __floatundidf
                0x00003370                __aeabi_ul2d
                0x00003380                __floatdidf
                0x00003380                __aeabi_l2d
 .text          0x000033dc      0x424 c:/program files (x86)/cypress/psoc creator/4.4/psoc creator/import/gnu/arm/5.4.1/bin/../lib/gcc/arm-none-eabi/5.4.1/armv7-m\libgcc.a(_arm_muldivdf3.o)
                0x000033dc                __aeabi_dmul
                0x000033dc                __muldf3
                0x00003630                __divdf3
                0x00003630                __aeabi_ddiv
 .text          0x00003800      0x110 c:/program files (x86)/cypress/psoc creator/4.4/psoc creator/import/gnu/arm/5.4.1/bin/../lib/gcc/arm-none-eabi/5.4.1/armv7-m\libgcc.a(_arm_cmpdf2.o)
                0x00003800                __gtdf2
                0x00003800                __gedf2
                0x00003808                __ltdf2
                0x00003808                __ledf2
                0x00003810                __nedf2
                0x00003810                __eqdf2
                0x00003810                __cmpdf2
                0x0000388c                __aeabi_cdrcmple
                0x0000389c                __aeabi_cdcmpeq
                0x0000389c                __aeabi_cdcmple
                0x000038ac                __aeabi_dcmpeq
                0x000038c0                __aeabi_dcmplt
                0x000038d4                __aeabi_dcmple
                0x000038e8                __aeabi_dcmpge
                0x000038fc                __aeabi_dcmpgt
 .text          0x00003910       0x50 c:/program files (x86)/cypress/psoc creator/4.4/psoc creator/import/gnu/arm/5.4.1/bin/../lib/gcc/arm-none-eabi/5.4.1/armv7-m\libgcc.a(_arm_fixdfsi.o)
                0x00003910                __aeabi_d2iz
                0x00003910                __fixdfsi
 .text          0x00003960       0xa0 c:/program files (x86)/cypress/psoc creator/4.4/psoc creator/import/gnu/arm/5.4.1/bin/../lib/gcc/arm-none-eabi/5.4.1/armv7-m\libgcc.a(_arm_truncdfsf2.o)
                0x00003960                __truncdfsf2
                0x00003960                __aeabi_d2f
 .text          0x00003a00      0x21c c:/program files (x86)/cypress/psoc creator/4.4/psoc creator/import/gnu/arm/5.4.1/bin/../lib/gcc/arm-none-eabi/5.4.1/armv7-m\libgcc.a(_arm_addsubsf3.o)
                0x00003a00                __aeabi_frsub
                0x00003a08                __subsf3
                0x00003a08                __aeabi_fsub
                0x00003a0c                __aeabi_fadd
                0x00003a0c                __addsf3
                0x00003b6c                __aeabi_ui2f
                0x00003b6c                __floatunsisf
                0x00003b74                __aeabi_i2f
                0x00003b74                __floatsisf
                0x00003b90                __aeabi_ul2f
                0x00003b90                __floatundisf
                0x00003ba0                __aeabi_l2f
                0x00003ba0                __floatdisf
 .text          0x00003c1c      0x2a0 c:/program files (x86)/cypress/psoc creator/4.4/psoc creator/import/gnu/arm/5.4.1/bin/../lib/gcc/arm-none-eabi/5.4.1/armv7-m\libgcc.a(_arm_muldivsf3.o)
                0x00003c1c                __mulsf3
                0x00003c1c                __aeabi_fmul
                0x00003d84                __aeabi_fdiv
                0x00003d84                __divsf3
 .text          0x00003ebc       0x4c c:/program files (x86)/cypress/psoc creator/4.4/psoc creator/import/gnu/arm/5.4.1/bin/../lib/gcc/arm-none-eabi/5.4.1/armv7-m\libgcc.a(_arm_fixsfsi.o)
                0x00003ebc                __aeabi_f2iz
                0x00003ebc                __fixsfsi
 .text          0x00003f08       0x40 c:/program files (x86)/cypress/psoc creator/4.4/psoc creator/import/gnu/arm/5.4.1/bin/../lib/gcc/arm-none-eabi/5.4.1/armv7-m\libgcc.a(_arm_fixunssfsi.o)
                0x00003f08                __fixunssfsi
                0x00003f08                __aeabi_f2uiz
 .text.__errno  0x00003f48        0xc c:/program files (x86)/cypress/psoc creator/4.4/psoc creator/import/gnu/arm/5.4.1/bin/../lib/gcc/arm-none-eabi/5.4.1/../../../../arm-none-eabi/lib/armv7-m\libg_nano.a(lib_a-errno.o)
                0x00003f48                __errno
 .text.__libc_init_array
                0x00003f54       0x4c c:/program files (x86)/cypress/psoc creator/4.4/psoc creator/import/gnu/arm/5.4.1/bin/../lib/gcc/arm-none-eabi/5.4.1/../../../../arm-none-eabi/lib/armv7-m\libg_nano.a(lib_a-init.o)
                0x00003f54                __libc_init_array
 .text.memcpy   0x00003fa0       0x16 c:/program files (x86)/cypress/psoc creator/4.4/psoc creator/import/gnu/arm/5.4.1/bin/../lib/gcc/arm-none-eabi/5.4.1/../../../../arm-none-eabi/lib/armv7-m\libg_nano.a(lib_a-memcpy-stub.o)
                0x00003fa0                memcpy
 .text.memset   0x00003fb6       0x10 c:/program files (x86)/cypress/psoc creator/4.4/psoc creator/import/gnu/arm/5.4.1/bin/../lib/gcc/arm-none-eabi/5.4.1/../../../../arm-none-eabi/lib/armv7-m\libg_nano.a(lib_a-memset.o)
                0x00003fb6                memset
 *fill*         0x00003fc6        0x2 
 .text.sprintf  0x00003fc8       0x48 c:/program files (x86)/cypress/psoc creator/4.4/psoc creator/import/gnu/arm/5.4.1/bin/../lib/gcc/arm-none-eabi/5.4.1/../../../../arm-none-eabi/lib/armv7-m\libg_nano.a(lib_a-sprintf.o)
                0x00003fc8                siprintf
                0x00003fc8                sprintf
 .text          0x00004010       0x14 c:/program files (x86)/cypress/psoc creator/4.4/psoc creator/import/gnu/arm/5.4.1/bin/../lib/gcc/arm-none-eabi/5.4.1/../../../../arm-none-eabi/lib/armv7-m\libg_nano.a(lib_a-strcmp.o)
                0x00004010                strcmp
 .text          0x00004024       0x10 c:/program files (x86)/cypress/psoc creator/4.4/psoc creator/import/gnu/arm/5.4.1/bin/../lib/gcc/arm-none-eabi/5.4.1/../../../../arm-none-eabi/lib/armv7-m\libg_nano.a(lib_a-strlen.o)
                0x00004024                strlen
 .text.__ssputs_r
                0x00004034       0xb2 c:/program files (x86)/cypress/psoc creator/4.4/psoc creator/import/gnu/arm/5.4.1/bin/../lib/gcc/arm-none-eabi/5.4.1/../../../../arm-none-eabi/lib/armv7-m\libg_nano.a(lib_a-nano-svfprintf.o)
                0x00004034                __ssputs_r
 *fill*         0x000040e6        0x2 
 .text._svfprintf_r
                0x000040e8      0x1e8 c:/program files (x86)/cypress/psoc creator/4.4/psoc creator/import/gnu/arm/5.4.1/bin/../lib/gcc/arm-none-eabi/5.4.1/../../../../arm-none-eabi/lib/armv7-m\libg_nano.a(lib_a-nano-svfprintf.o)
                0x000040e8                _svfiprintf_r
                0x000040e8                _svfprintf_r
 .text._printf_common
                0x000042d0       0xec c:/program files (x86)/cypress/psoc creator/4.4/psoc creator/import/gnu/arm/5.4.1/bin/../lib/gcc/arm-none-eabi/5.4.1/../../../../arm-none-eabi/lib/armv7-m\libg_nano.a(lib_a-nano-vfprintf_i.o)
                0x000042d0                _printf_common
 .text._printf_i
                0x000043bc      0x24c c:/program files (x86)/cypress/psoc creator/4.4/psoc creator/import/gnu/arm/5.4.1/bin/../lib/gcc/arm-none-eabi/5.4.1/../../../../arm-none-eabi/lib/armv7-m\libg_nano.a(lib_a-nano-vfprintf_i.o)
                0x000043bc                _printf_i
 .text.memchr   0x00004608       0x1c c:/program files (x86)/cypress/psoc creator/4.4/psoc creator/import/gnu/arm/5.4.1/bin/../lib/gcc/arm-none-eabi/5.4.1/../../../../arm-none-eabi/lib/armv7-m\libg_nano.a(lib_a-memchr-stub.o)
                0x00004608                memchr
 .text.memmove  0x00004624       0x36 c:/program files (x86)/cypress/psoc creator/4.4/psoc creator/import/gnu/arm/5.4.1/bin/../lib/gcc/arm-none-eabi/5.4.1/../../../../arm-none-eabi/lib/armv7-m\libg_nano.a(lib_a-memmove.o)
                0x00004624                memmove
 *fill*         0x0000465a        0x2 
 .text._free_r  0x0000465c       0x98 c:/program files (x86)/cypress/psoc creator/4.4/psoc creator/import/gnu/arm/5.4.1/bin/../lib/gcc/arm-none-eabi/5.4.1/../../../../arm-none-eabi/lib/armv7-m\libg_nano.a(lib_a-nano-freer.o)
                0x0000465c                _free_r
 .text._malloc_r
                0x000046f4       0xbc c:/program files (x86)/cypress/psoc creator/4.4/psoc creator/import/gnu/arm/5.4.1/bin/../lib/gcc/arm-none-eabi/5.4.1/../../../../arm-none-eabi/lib/armv7-m\libg_nano.a(lib_a-nano-mallocr.o)
                0x000046f4                _malloc_r
 .text._realloc_r
                0x000047b0       0x4c c:/program files (x86)/cypress/psoc creator/4.4/psoc creator/import/gnu/arm/5.4.1/bin/../lib/gcc/arm-none-eabi/5.4.1/../../../../arm-none-eabi/lib/armv7-m\libg_nano.a(lib_a-nano-reallocr.o)
                0x000047b0                _realloc_r
 .text._sbrk_r  0x000047fc       0x20 c:/program files (x86)/cypress/psoc creator/4.4/psoc creator/import/gnu/arm/5.4.1/bin/../lib/gcc/arm-none-eabi/5.4.1/../../../../arm-none-eabi/lib/armv7-m\libg_nano.a(lib_a-sbrkr.o)
                0x000047fc                _sbrk_r
 .text.__malloc_lock
                0x0000481c        0x2 c:/program files (x86)/cypress/psoc creator/4.4/psoc creator/import/gnu/arm/5.4.1/bin/../lib/gcc/arm-none-eabi/5.4.1/../../../../arm-none-eabi/lib/armv7-m\libg_nano.a(lib_a-mlock.o)
                0x0000481c                __malloc_lock
 .text.__malloc_unlock
                0x0000481e        0x2 c:/program files (x86)/cypress/psoc creator/4.4/psoc creator/import/gnu/arm/5.4.1/bin/../lib/gcc/arm-none-eabi/5.4.1/../../../../arm-none-eabi/lib/armv7-m\libg_nano.a(lib_a-mlock.o)
                0x0000481e                __malloc_unlock
 .text._malloc_usable_size_r
                0x00004820       0x14 c:/program files (x86)/cypress/psoc creator/4.4/psoc creator/import/gnu/arm/5.4.1/bin/../lib/gcc/arm-none-eabi/5.4.1/../../../../arm-none-eabi/lib/armv7-m\libg_nano.a(lib_a-nano-msizer.o)
                0x00004820                _malloc_usable_size_r
 *(.plt)
 *(.gnu.warning)
 *(.glue_7t)
 .glue_7t       0x00004834        0x0 linker stubs
 *(.glue_7)
 .glue_7        0x00004834        0x0 linker stubs
 *(.vfp11_veneer)
 .vfp11_veneer  0x00004834        0x0 linker stubs
 *(.bootloader)
 *(.ARM.extab* .gnu.linkonce.armextab.*)
 *(.gcc_except_table)

.v4_bx          0x00004834        0x0
 .v4_bx         0x00004834        0x0 linker stubs

.iplt           0x00004834        0x0
 .iplt          0x00004834        0x0 c:/program files (x86)/cypress/psoc creator/4.4/psoc creator/import/gnu/arm/5.4.1/bin/../lib/gcc/arm-none-eabi/5.4.1/armv7-m/crtbegin.o

.eh_frame_hdr
 *(.eh_frame_hdr)

.eh_frame       0x00004834        0x4
 *(.eh_frame)
 .eh_frame      0x00004834        0x0 c:/program files (x86)/cypress/psoc creator/4.4/psoc creator/import/gnu/arm/5.4.1/bin/../lib/gcc/arm-none-eabi/5.4.1/armv7-m/crtbegin.o
 .eh_frame      0x00004834        0x4 c:/program files (x86)/cypress/psoc creator/4.4/psoc creator/import/gnu/arm/5.4.1/bin/../lib/gcc/arm-none-eabi/5.4.1/armv7-m/crtend.o
                [!provide]                PROVIDE (__exidx_start, .)

.ARM.exidx
 *(.ARM.exidx* .gnu.linkonce.armexidx.*)
                0x00004838                __exidx_end = .

.rodata         0x00004838      0x2f8
 *(.rodata .rodata.* .gnu.linkonce.r.*)
 .rodata.str1.4
                0x00004838       0x54 .\CortexM3\ARM_GCC_541\Debug\functions.o
                                 0x52 (size before relaxing)
 .rodata        0x0000488c       0x56 .\CortexM3\ARM_GCC_541\Debug\cyfitter_cfg.o
                0x0000488c                Mux__addrTable
                0x000048a4                Mux__maskTable
                0x000048ac                ADC_AMux__addrTable
                0x000048b4                ADC_AMux__maskTable
 *fill*         0x000048e2        0x2 
 .rodata.npio2_hw
                0x000048e4       0x80 c:/program files (x86)/cypress/psoc creator/4.4/psoc creator/import/gnu/arm/5.4.1/bin/../lib/gcc/arm-none-eabi/5.4.1/../../../../arm-none-eabi/lib/armv7-m\libm.a(lib_a-e_rem_pio2.o)
 .rodata.two_over_pi
                0x00004964      0x108 c:/program files (x86)/cypress/psoc creator/4.4/psoc creator/import/gnu/arm/5.4.1/bin/../lib/gcc/arm-none-eabi/5.4.1/../../../../arm-none-eabi/lib/armv7-m\libm.a(lib_a-e_rem_pio2.o)
 .rodata.init_jk
                0x00004a6c       0x10 c:/program files (x86)/cypress/psoc creator/4.4/psoc creator/import/gnu/arm/5.4.1/bin/../lib/gcc/arm-none-eabi/5.4.1/../../../../arm-none-eabi/lib/armv7-m\libm.a(lib_a-k_rem_pio2.o)
 *fill*         0x00004a7c        0x4 
 .rodata.PIo2   0x00004a80       0x40 c:/program files (x86)/cypress/psoc creator/4.4/psoc creator/import/gnu/arm/5.4.1/bin/../lib/gcc/arm-none-eabi/5.4.1/../../../../arm-none-eabi/lib/armv7-m\libm.a(lib_a-k_rem_pio2.o)
 .rodata.str1.1
                0x00004ac0        0x2 c:/program files (x86)/cypress/psoc creator/4.4/psoc creator/import/gnu/arm/5.4.1/bin/../lib/gcc/arm-none-eabi/5.4.1/../../../../arm-none-eabi/lib/armv7-m\libg_nano.a(lib_a-impure.o)
 .rodata.str1.1
                0x00004ac2       0x11 c:/program files (x86)/cypress/psoc creator/4.4/psoc creator/import/gnu/arm/5.4.1/bin/../lib/gcc/arm-none-eabi/5.4.1/../../../../arm-none-eabi/lib/armv7-m\libg_nano.a(lib_a-nano-svfprintf.o)
 .rodata.str1.1
                0x00004ad3       0x22 c:/program files (x86)/cypress/psoc creator/4.4/psoc creator/import/gnu/arm/5.4.1/bin/../lib/gcc/arm-none-eabi/5.4.1/../../../../arm-none-eabi/lib/armv7-m\libg_nano.a(lib_a-nano-vfprintf_i.o)
                0x00004af8                . = ALIGN (0x4)
 *fill*         0x00004af5        0x3 
 *(.init)
 .init          0x00004af8        0x4 c:/program files (x86)/cypress/psoc creator/4.4/psoc creator/import/gnu/arm/5.4.1/bin/../lib/gcc/arm-none-eabi/5.4.1/armv7-m/crti.o
                0x00004af8                _init
 .init          0x00004afc        0x8 c:/program files (x86)/cypress/psoc creator/4.4/psoc creator/import/gnu/arm/5.4.1/bin/../lib/gcc/arm-none-eabi/5.4.1/armv7-m/crtn.o
                0x00004b04                . = ALIGN (0x4)
                0x00004b04                __preinit_array_start = .
 *(.preinit_array)
                0x00004b04                __preinit_array_end = .
                0x00004b04                . = ALIGN (0x4)
                0x00004b04                __init_array_start = .
 *(SORT(.init_array.*))
 *(.init_array)
 .init_array    0x00004b04        0x4 c:/program files (x86)/cypress/psoc creator/4.4/psoc creator/import/gnu/arm/5.4.1/bin/../lib/gcc/arm-none-eabi/5.4.1/armv7-m/crtbegin.o
 .init_array    0x00004b08        0x4 .\CortexM3\ARM_GCC_541\Debug\Cm3Start.o
                0x00004b0c                __init_array_end = .
                0x00004b0c                . = ALIGN (0x4)
 *(.fini)
 .fini          0x00004b0c        0x4 c:/program files (x86)/cypress/psoc creator/4.4/psoc creator/import/gnu/arm/5.4.1/bin/../lib/gcc/arm-none-eabi/5.4.1/armv7-m/crti.o
                0x00004b0c                _fini
 .fini          0x00004b10        0x8 c:/program files (x86)/cypress/psoc creator/4.4/psoc creator/import/gnu/arm/5.4.1/bin/../lib/gcc/arm-none-eabi/5.4.1/armv7-m/crtn.o
                0x00004b18                . = ALIGN (0x4)
                0x00004b18                __fini_array_start = .
 *(.fini_array)
 .fini_array    0x00004b18        0x4 c:/program files (x86)/cypress/psoc creator/4.4/psoc creator/import/gnu/arm/5.4.1/bin/../lib/gcc/arm-none-eabi/5.4.1/armv7-m/crtbegin.o
 *(SORT(.fini_array.*))
                0x00004b1c                __fini_array_end = .
                0x00004b1c                . = ALIGN (0x4)
 *crtbegin.o(.ctors)
 *(EXCLUDE_FILE(*crtend.o) .ctors)
 *(SORT(.ctors.*))
 *crtend.o(.ctors)
                0x00004b1c                . = ALIGN (0x4)
 *crtbegin.o(.dtors)
 *(EXCLUDE_FILE(*crtend.o) .dtors)
 *(SORT(.dtors.*))
 *crtend.o(.dtors)
                0x00004b1c                . = ALIGN (0x4)
                0x00004b1c                __cy_regions = .
                0x00004b1c        0x4 LONG 0x4b30 __cy_region_init_ram
                0x00004b20        0x4 LONG 0x1fff80c8 __cy_region_start_data
                0x00004b24        0x4 LONG 0x80 __cy_region_init_size_ram
                0x00004b28        0x4 LONG 0x1fa0 __cy_region_zero_size_ram
                0x00004b2c                __cy_regions_end = .
                0x00004b30                . = ALIGN (0x8)
 *fill*         0x00004b2c        0x4 
                0x00004b30                _etext = .

.cy_checksum_exclude
                0x00004b30        0x0
 *(.cy_checksum_exclude)

.ramvectors     0x1fff8000       0xc0
                0x1fff8000                __cy_region_start_ram = .
 *(.ramvectors)
 .ramvectors    0x1fff8000       0xc0 .\CortexM3\ARM_GCC_541\Debug\Cm3Start.o
                0x1fff8000                CyRamVectors

.noinit         0x1fff80c0        0x1
 *(.noinit)
 .noinit        0x1fff80c0        0x1 .\CortexM3\ARM_GCC_541\Debug\Glimball.a(CyLib.o)
                0x1fff80c0                CyResetStatus

.data           0x1fff80c8       0x80 load address 0x00004b30
                0x1fff80c8                __cy_region_start_data = .
 *(.jcr)
 .jcr           0x1fff80c8        0x0 c:/program files (x86)/cypress/psoc creator/4.4/psoc creator/import/gnu/arm/5.4.1/bin/../lib/gcc/arm-none-eabi/5.4.1/armv7-m/crtbegin.o
 .jcr           0x1fff80c8        0x4 c:/program files (x86)/cypress/psoc creator/4.4/psoc creator/import/gnu/arm/5.4.1/bin/../lib/gcc/arm-none-eabi/5.4.1/armv7-m/crtend.o
 *(.got.plt)
 *(.got)
 *(.shdata)
 *(.data .data.* .gnu.linkonce.d.*)
 .data          0x1fff80cc        0x4 .\CortexM3\ARM_GCC_541\Debug\Cm3Start.o
 .data          0x1fff80d0       0x10 .\CortexM3\ARM_GCC_541\Debug\Glimball.a(CyLib.o)
                0x1fff80d0                cydelay_32k_ms
                0x1fff80d4                cydelay_freq_khz
                0x1fff80d8                cydelay_freq_mhz
                0x1fff80dc                cydelay_freq_hz
 .data          0x1fff80e0        0x1 .\CortexM3\ARM_GCC_541\Debug\Glimball.a(ADC.o)
                0x1fff80e0                ADC_Config
 .data          0x1fff80e1        0x1 .\CortexM3\ARM_GCC_541\Debug\Glimball.a(ADC_AMux.o)
 .data          0x1fff80e2        0x1 .\CortexM3\ARM_GCC_541\Debug\Glimball.a(Mux.o)
 *fill*         0x1fff80e3        0x1 
 .data.impure_data
                0x1fff80e4       0x60 c:/program files (x86)/cypress/psoc creator/4.4/psoc creator/import/gnu/arm/5.4.1/bin/../lib/gcc/arm-none-eabi/5.4.1/../../../../arm-none-eabi/lib/armv7-m\libg_nano.a(lib_a-impure.o)
 .data._impure_ptr
                0x1fff8144        0x4 c:/program files (x86)/cypress/psoc creator/4.4/psoc creator/import/gnu/arm/5.4.1/bin/../lib/gcc/arm-none-eabi/5.4.1/../../../../arm-none-eabi/lib/armv7-m\libg_nano.a(lib_a-impure.o)
                0x1fff8144                _impure_ptr
                0x1fff8148                . = ALIGN (0x8)
 *(.ram)
                0x1fff8148                _edata = .

.igot.plt       0x1fff8148        0x0 load address 0x00004bb0
 .igot.plt      0x1fff8148        0x0 c:/program files (x86)/cypress/psoc creator/4.4/psoc creator/import/gnu/arm/5.4.1/bin/../lib/gcc/arm-none-eabi/5.4.1/armv7-m/crtbegin.o

.bss            0x1fff8148     0x1fa0 load address 0x00004bb0
                0x1fff8148                PROVIDE (__bss_start__, .)
 *(.shbss)
 *(.bss .bss.* .gnu.linkonce.b.*)
 .bss           0x1fff8148       0x1c c:/program files (x86)/cypress/psoc creator/4.4/psoc creator/import/gnu/arm/5.4.1/bin/../lib/gcc/arm-none-eabi/5.4.1/armv7-m/crtbegin.o
 .bss           0x1fff8164       0x10 .\CortexM3\ARM_GCC_541\Debug\functions.o
                0x1fff8164                iterator
                0x1fff8168                step
                0x1fff816c                mode
                0x1fff8170                test_mode
 .bss           0x1fff8174        0x2 .\CortexM3\ARM_GCC_541\Debug\Glimball.a(LCD.o)
                0x1fff8174                LCD_enableState
                0x1fff8175                LCD_initVar
 *fill*         0x1fff8176        0x2 
 .bss           0x1fff8178       0x18 .\CortexM3\ARM_GCC_541\Debug\Glimball.a(ADC.o)
                0x1fff8188                ADC_stopConversion
                0x1fff8189                ADC_convDone
                0x1fff818a                ADC_initVar
                0x1fff818b                ADC_started
                0x1fff818c                ADC_Offset
 .bss           0x1fff8190        0x1 .\CortexM3\ARM_GCC_541\Debug\Glimball.a(PWM.o)
                0x1fff8190                PWM_initVar
 .bss           0x1fff8191        0x1 .\CortexM3\ARM_GCC_541\Debug\Glimball.a(Timer.o)
                0x1fff8191                Timer_initVar
 .bss           0x1fff8192        0x1 .\CortexM3\ARM_GCC_541\Debug\Glimball.a(VDAC.o)
                0x1fff8192                VDAC_initVar
 .bss           0x1fff8193        0x2 .\CortexM3\ARM_GCC_541\Debug\Glimball.a(UART.o)
                0x1fff8193                UART_initVar
 *fill*         0x1fff8195        0x3 
 .bss.__malloc_sbrk_start
                0x1fff8198        0x4 c:/program files (x86)/cypress/psoc creator/4.4/psoc creator/import/gnu/arm/5.4.1/bin/../lib/gcc/arm-none-eabi/5.4.1/../../../../arm-none-eabi/lib/armv7-m\libg_nano.a(lib_a-nano-mallocr.o)
                0x1fff8198                __malloc_sbrk_start
 .bss.__malloc_free_list
                0x1fff819c        0x4 c:/program files (x86)/cypress/psoc creator/4.4/psoc creator/import/gnu/arm/5.4.1/bin/../lib/gcc/arm-none-eabi/5.4.1/../../../../arm-none-eabi/lib/armv7-m\libg_nano.a(lib_a-nano-mallocr.o)
                0x1fff819c                __malloc_free_list
 *(COMMON)
 COMMON         0x1fff81a0     0x1f40 .\CortexM3\ARM_GCC_541\Debug\functions.o
                0x1fff81a0                sin_wave
 COMMON         0x1fffa0e0        0x4 .\CortexM3\ARM_GCC_541\Debug\Glimball.a(ADC.o)
                0x1fffa0e0                ADC_CountsPerVolt
 COMMON         0x1fffa0e4        0x4 c:/program files (x86)/cypress/psoc creator/4.4/psoc creator/import/gnu/arm/5.4.1/bin/../lib/gcc/arm-none-eabi/5.4.1/../../../../arm-none-eabi/lib/armv7-m\libg_nano.a(lib_a-reent.o)
                0x1fffa0e4                errno
                0x1fffa0e8                . = ALIGN (0x8)
 *(.ram.b)
                0x1fffa0e8                _end = .
                0x1fffa0e8                __end = .
                0x1fffa0e8                PROVIDE (end, .)
                0x1fffa0e8                PROVIDE (__bss_end__, .)
                0x00004b30                __cy_region_init_ram = LOADADDR (.data)
                0x00000080                __cy_region_init_size_ram = (_edata - ADDR (.data))
                0x00001fa0                __cy_region_zero_size_ram = (_end - _edata)

.heap           0x1fffa0e8       0x80 load address 0x00004bb0
                0x1fffa0e8                . = _end
                0x1fffa168                . = (. + 0x80)
 *fill*         0x1fffa0e8       0x80 
                0x1fffa168                __cy_heap_limit = .

.stack          0x20007800      0x800
                0x20007800                __cy_stack_limit = .
                0x20008000                . = (. + 0x800)
 *fill*         0x20007800      0x800 
                0x00000001                ASSERT ((__cy_stack_limit >= __cy_heap_limit), region RAM overflowed with stack)
                0x00000000                cy_checksum_exclude_size = (CY_APPL_LOADABLE == 0x1)?SIZEOF (.cy_checksum_exclude):0x0
                0x00000001                ASSERT ((cy_checksum_exclude_size <= CY_CHECKSUM_EXCLUDE_SIZE), CY_BOOT: Section .cy_checksum_exclude size exceedes specified limit.)

.cyloadermeta
 *(.cyloadermeta)

.cyloadablemeta
 *(.cyloadablemeta)

.cyconfigecc    0x80000000      0x540
 *(.cyconfigecc)
 .cyconfigecc   0x80000000      0x540 .\CortexM3\ARM_GCC_541\Debug\cymetadata.o
                0x80000000                cy_meta_configecc

.cycustnvl      0x90000000        0x4
 *(.cycustnvl)
 .cycustnvl     0x90000000        0x4 .\CortexM3\ARM_GCC_541\Debug\cymetadata.o
                0x90000000                cy_meta_custnvl

.cywolatch      0x90100000        0x4
 *(.cywolatch)
 .cywolatch     0x90100000        0x4 .\CortexM3\ARM_GCC_541\Debug\cymetadata.o
                0x90100000                cy_meta_wonvl

.cyeeprom       0x90200000        0x0
 *(.cyeeprom)
                0x00000001                ASSERT ((. <= ((0x90200000 + ee_offset) + ee_size)), .cyeeprom data will not fit in EEPROM)

.cyflashprotect
                0x90400000      0x100
 *(.cyflashprotect)
 .cyflashprotect
                0x90400000      0x100 .\CortexM3\ARM_GCC_541\Debug\cymetadata.o
                0x90400000                cy_meta_flashprotect

.cymeta         0x90500000        0xc
 *(.cymeta)
 .cymeta        0x90500000        0xc .\CortexM3\ARM_GCC_541\Debug\cymetadata.o
                0x90500000                cy_metadata

.rel.dyn        0x00004bb0        0x0 load address 0x9050000c
 .rel.iplt      0x00004bb0        0x0 c:/program files (x86)/cypress/psoc creator/4.4/psoc creator/import/gnu/arm/5.4.1/bin/../lib/gcc/arm-none-eabi/5.4.1/armv7-m/crtbegin.o

.stab
 *(.stab)

.stabstr
 *(.stabstr)

.debug
 *(.debug)

.line
 *(.line)

.debug_srcinfo
 *(.debug_srcinfo)

.debug_sfnames
 *(.debug_sfnames)

.debug_aranges  0x00000000     0x1030
 *(.debug_aranges)
 .debug_aranges
                0x00000000       0x20 .\CortexM3\ARM_GCC_541\Debug\main.o
 .debug_aranges
                0x00000020       0xf8 .\CortexM3\ARM_GCC_541\Debug\functions.o
 .debug_aranges
                0x00000118       0x28 .\CortexM3\ARM_GCC_541\Debug\keypad.o
 .debug_aranges
                0x00000140       0x78 .\CortexM3\ARM_GCC_541\Debug\cyfitter_cfg.o
 .debug_aranges
                0x000001b8       0x18 .\CortexM3\ARM_GCC_541\Debug\cymetadata.o
 .debug_aranges
                0x000001d0       0x48 .\CortexM3\ARM_GCC_541\Debug\Cm3Start.o
 .debug_aranges
                0x00000218      0x2a0 .\CortexM3\ARM_GCC_541\Debug\Glimball.a(CyLib.o)
 .debug_aranges
                0x000004b8       0x98 .\CortexM3\ARM_GCC_541\Debug\Glimball.a(cyPm.o)
 .debug_aranges
                0x00000550       0x38 .\CortexM3\ARM_GCC_541\Debug\Glimball.a(LED1.o)
 .debug_aranges
                0x00000588       0x38 .\CortexM3\ARM_GCC_541\Debug\Glimball.a(LED2.o)
 .debug_aranges
                0x000005c0       0x38 .\CortexM3\ARM_GCC_541\Debug\Glimball.a(LED3.o)
 .debug_aranges
                0x000005f8       0x38 .\CortexM3\ARM_GCC_541\Debug\Glimball.a(LED4.o)
 .debug_aranges
                0x00000630       0x38 .\CortexM3\ARM_GCC_541\Debug\Glimball.a(SW1.o)
 .debug_aranges
                0x00000668       0x38 .\CortexM3\ARM_GCC_541\Debug\Glimball.a(SW2.o)
 .debug_aranges
                0x000006a0       0x98 .\CortexM3\ARM_GCC_541\Debug\Glimball.a(LCD.o)
 .debug_aranges
                0x00000738       0x38 .\CortexM3\ARM_GCC_541\Debug\Glimball.a(ROW0.o)
 .debug_aranges
                0x00000770       0x38 .\CortexM3\ARM_GCC_541\Debug\Glimball.a(ROW1.o)
 .debug_aranges
                0x000007a8       0x38 .\CortexM3\ARM_GCC_541\Debug\Glimball.a(ROW2.o)
 .debug_aranges
                0x000007e0       0x38 .\CortexM3\ARM_GCC_541\Debug\Glimball.a(ROW3.o)
 .debug_aranges
                0x00000818       0x38 .\CortexM3\ARM_GCC_541\Debug\Glimball.a(COL1.o)
 .debug_aranges
                0x00000850       0x38 .\CortexM3\ARM_GCC_541\Debug\Glimball.a(COL2.o)
 .debug_aranges
                0x00000888       0x38 .\CortexM3\ARM_GCC_541\Debug\Glimball.a(COL3.o)
 .debug_aranges
                0x000008c0       0xe8 .\CortexM3\ARM_GCC_541\Debug\Glimball.a(ADC.o)
 .debug_aranges
                0x000009a8       0x38 .\CortexM3\ARM_GCC_541\Debug\Glimball.a(ADC_INT.o)
 .debug_aranges
                0x000009e0       0x98 .\CortexM3\ARM_GCC_541\Debug\Glimball.a(PWM.o)
 .debug_aranges
                0x00000a78       0x70 .\CortexM3\ARM_GCC_541\Debug\Glimball.a(ADC_Ext_CP_Clk.o)
 .debug_aranges
                0x00000ae8       0x80 .\CortexM3\ARM_GCC_541\Debug\Glimball.a(ADC_theACLK.o)
 .debug_aranges
                0x00000b68       0x30 .\CortexM3\ARM_GCC_541\Debug\Glimball.a(ADC_AMux.o)
 .debug_aranges
                0x00000b98       0x30 .\CortexM3\ARM_GCC_541\Debug\Glimball.a(Mux.o)
 .debug_aranges
                0x00000bc8       0x88 .\CortexM3\ARM_GCC_541\Debug\Glimball.a(Timer.o)
 .debug_aranges
                0x00000c50       0x58 .\CortexM3\ARM_GCC_541\Debug\Glimball.a(VDAC.o)
 .debug_aranges
                0x00000ca8       0x80 .\CortexM3\ARM_GCC_541\Debug\Glimball.a(ISR_SOUND.o)
 .debug_aranges
                0x00000d28       0xf0 .\CortexM3\ARM_GCC_541\Debug\Glimball.a(UART.o)
 .debug_aranges
                0x00000e18       0x70 .\CortexM3\ARM_GCC_541\Debug\Glimball.a(UART_IntClock.o)
 .debug_aranges
                0x00000e88       0x80 .\CortexM3\ARM_GCC_541\Debug\Glimball.a(isr_uart.o)
 .debug_aranges
                0x00000f08       0x20 .\CortexM3\ARM_GCC_541\Debug\Glimball.a(CyBootAsmGnu.o)
 .debug_aranges
                0x00000f28       0x88 .\CortexM3\ARM_GCC_541\Debug\Glimball.a(CyFlash.o)
 .debug_aranges
                0x00000fb0       0x80 .\CortexM3\ARM_GCC_541\Debug\Glimball.a(CySpc.o)

.debug_pubnames
 *(.debug_pubnames)

.debug_info     0x00000000     0x8893
 *(.debug_info .gnu.linkonce.wi.*)
 .debug_info    0x00000000      0x120 .\CortexM3\ARM_GCC_541\Debug\main.o
 .debug_info    0x00000120      0xdd3 .\CortexM3\ARM_GCC_541\Debug\functions.o
 .debug_info    0x00000ef3      0x380 .\CortexM3\ARM_GCC_541\Debug\keypad.o
 .debug_info    0x00001273      0x6a8 .\CortexM3\ARM_GCC_541\Debug\cyfitter_cfg.o
 .debug_info    0x0000191b      0x136 .\CortexM3\ARM_GCC_541\Debug\cymetadata.o
 .debug_info    0x00001a51      0x3bb .\CortexM3\ARM_GCC_541\Debug\Cm3Start.o
 .debug_info    0x00001e0c     0x1374 .\CortexM3\ARM_GCC_541\Debug\Glimball.a(CyLib.o)
 .debug_info    0x00003180      0xa2a .\CortexM3\ARM_GCC_541\Debug\Glimball.a(cyPm.o)
 .debug_info    0x00003baa      0x11f .\CortexM3\ARM_GCC_541\Debug\Glimball.a(LED1.o)
 .debug_info    0x00003cc9      0x11f .\CortexM3\ARM_GCC_541\Debug\Glimball.a(LED2.o)
 .debug_info    0x00003de8      0x11f .\CortexM3\ARM_GCC_541\Debug\Glimball.a(LED3.o)
 .debug_info    0x00003f07      0x11f .\CortexM3\ARM_GCC_541\Debug\Glimball.a(LED4.o)
 .debug_info    0x00004026      0x11f .\CortexM3\ARM_GCC_541\Debug\Glimball.a(SW1.o)
 .debug_info    0x00004145      0x11f .\CortexM3\ARM_GCC_541\Debug\Glimball.a(SW2.o)
 .debug_info    0x00004264      0x715 .\CortexM3\ARM_GCC_541\Debug\Glimball.a(LCD.o)
 .debug_info    0x00004979      0x11f .\CortexM3\ARM_GCC_541\Debug\Glimball.a(ROW0.o)
 .debug_info    0x00004a98      0x11f .\CortexM3\ARM_GCC_541\Debug\Glimball.a(ROW1.o)
 .debug_info    0x00004bb7      0x11f .\CortexM3\ARM_GCC_541\Debug\Glimball.a(ROW2.o)
 .debug_info    0x00004cd6      0x11f .\CortexM3\ARM_GCC_541\Debug\Glimball.a(ROW3.o)
 .debug_info    0x00004df5      0x11f .\CortexM3\ARM_GCC_541\Debug\Glimball.a(COL1.o)
 .debug_info    0x00004f14      0x11f .\CortexM3\ARM_GCC_541\Debug\Glimball.a(COL2.o)
 .debug_info    0x00005033      0x11f .\CortexM3\ARM_GCC_541\Debug\Glimball.a(COL3.o)
 .debug_info    0x00005152      0xbee .\CortexM3\ARM_GCC_541\Debug\Glimball.a(ADC.o)
 .debug_info    0x00005d40       0xd3 .\CortexM3\ARM_GCC_541\Debug\Glimball.a(ADC_INT.o)
 .debug_info    0x00005e13      0x354 .\CortexM3\ARM_GCC_541\Debug\Glimball.a(PWM.o)
 .debug_info    0x00006167      0x283 .\CortexM3\ARM_GCC_541\Debug\Glimball.a(ADC_Ext_CP_Clk.o)
 .debug_info    0x000063ea      0x2c4 .\CortexM3\ARM_GCC_541\Debug\Glimball.a(ADC_theACLK.o)
 .debug_info    0x000066ae      0x165 .\CortexM3\ARM_GCC_541\Debug\Glimball.a(ADC_AMux.o)
 .debug_info    0x00006813      0x165 .\CortexM3\ARM_GCC_541\Debug\Glimball.a(Mux.o)
 .debug_info    0x00006978      0x295 .\CortexM3\ARM_GCC_541\Debug\Glimball.a(Timer.o)
 .debug_info    0x00006c0d      0x1e0 .\CortexM3\ARM_GCC_541\Debug\Glimball.a(VDAC.o)
 .debug_info    0x00006ded      0x2d2 .\CortexM3\ARM_GCC_541\Debug\Glimball.a(ISR_SOUND.o)
 .debug_info    0x000070bf      0x60c .\CortexM3\ARM_GCC_541\Debug\Glimball.a(UART.o)
 .debug_info    0x000076cb      0x283 .\CortexM3\ARM_GCC_541\Debug\Glimball.a(UART_IntClock.o)
 .debug_info    0x0000794e      0x2d2 .\CortexM3\ARM_GCC_541\Debug\Glimball.a(isr_uart.o)
 .debug_info    0x00007c20       0xd6 .\CortexM3\ARM_GCC_541\Debug\Glimball.a(CyBootAsmGnu.o)
 .debug_info    0x00007cf6      0x64d .\CortexM3\ARM_GCC_541\Debug\Glimball.a(CyFlash.o)
 .debug_info    0x00008343      0x550 .\CortexM3\ARM_GCC_541\Debug\Glimball.a(CySpc.o)

.debug_abbrev   0x00000000     0x26af
 *(.debug_abbrev)
 .debug_abbrev  0x00000000       0x8a .\CortexM3\ARM_GCC_541\Debug\main.o
 .debug_abbrev  0x0000008a      0x22d .\CortexM3\ARM_GCC_541\Debug\functions.o
 .debug_abbrev  0x000002b7       0xc5 .\CortexM3\ARM_GCC_541\Debug\keypad.o
 .debug_abbrev  0x0000037c      0x21e .\CortexM3\ARM_GCC_541\Debug\cyfitter_cfg.o
 .debug_abbrev  0x0000059a       0x77 .\CortexM3\ARM_GCC_541\Debug\cymetadata.o
 .debug_abbrev  0x00000611      0x1e8 .\CortexM3\ARM_GCC_541\Debug\Cm3Start.o
 .debug_abbrev  0x000007f9      0x254 .\CortexM3\ARM_GCC_541\Debug\Glimball.a(CyLib.o)
 .debug_abbrev  0x00000a4d      0x1ab .\CortexM3\ARM_GCC_541\Debug\Glimball.a(cyPm.o)
 .debug_abbrev  0x00000bf8       0x90 .\CortexM3\ARM_GCC_541\Debug\Glimball.a(LED1.o)
 .debug_abbrev  0x00000c88       0x90 .\CortexM3\ARM_GCC_541\Debug\Glimball.a(LED2.o)
 .debug_abbrev  0x00000d18       0x90 .\CortexM3\ARM_GCC_541\Debug\Glimball.a(LED3.o)
 .debug_abbrev  0x00000da8       0x90 .\CortexM3\ARM_GCC_541\Debug\Glimball.a(LED4.o)
 .debug_abbrev  0x00000e38       0x90 .\CortexM3\ARM_GCC_541\Debug\Glimball.a(SW1.o)
 .debug_abbrev  0x00000ec8       0x90 .\CortexM3\ARM_GCC_541\Debug\Glimball.a(SW2.o)
 .debug_abbrev  0x00000f58      0x157 .\CortexM3\ARM_GCC_541\Debug\Glimball.a(LCD.o)
 .debug_abbrev  0x000010af       0x90 .\CortexM3\ARM_GCC_541\Debug\Glimball.a(ROW0.o)
 .debug_abbrev  0x0000113f       0x90 .\CortexM3\ARM_GCC_541\Debug\Glimball.a(ROW1.o)
 .debug_abbrev  0x000011cf       0x90 .\CortexM3\ARM_GCC_541\Debug\Glimball.a(ROW2.o)
 .debug_abbrev  0x0000125f       0x90 .\CortexM3\ARM_GCC_541\Debug\Glimball.a(ROW3.o)
 .debug_abbrev  0x000012ef       0x90 .\CortexM3\ARM_GCC_541\Debug\Glimball.a(COL1.o)
 .debug_abbrev  0x0000137f       0x90 .\CortexM3\ARM_GCC_541\Debug\Glimball.a(COL2.o)
 .debug_abbrev  0x0000140f       0x90 .\CortexM3\ARM_GCC_541\Debug\Glimball.a(COL3.o)
 .debug_abbrev  0x0000149f      0x1eb .\CortexM3\ARM_GCC_541\Debug\Glimball.a(ADC.o)
 .debug_abbrev  0x0000168a       0x42 .\CortexM3\ARM_GCC_541\Debug\Glimball.a(ADC_INT.o)
 .debug_abbrev  0x000016cc      0x133 .\CortexM3\ARM_GCC_541\Debug\Glimball.a(PWM.o)
 .debug_abbrev  0x000017ff      0x139 .\CortexM3\ARM_GCC_541\Debug\Glimball.a(ADC_Ext_CP_Clk.o)
 .debug_abbrev  0x00001938      0x121 .\CortexM3\ARM_GCC_541\Debug\Glimball.a(ADC_theACLK.o)
 .debug_abbrev  0x00001a59       0xb1 .\CortexM3\ARM_GCC_541\Debug\Glimball.a(ADC_AMux.o)
 .debug_abbrev  0x00001b0a       0xb1 .\CortexM3\ARM_GCC_541\Debug\Glimball.a(Mux.o)
 .debug_abbrev  0x00001bbb      0x11a .\CortexM3\ARM_GCC_541\Debug\Glimball.a(Timer.o)
 .debug_abbrev  0x00001cd5       0xf7 .\CortexM3\ARM_GCC_541\Debug\Glimball.a(VDAC.o)
 .debug_abbrev  0x00001dcc      0x173 .\CortexM3\ARM_GCC_541\Debug\Glimball.a(ISR_SOUND.o)
 .debug_abbrev  0x00001f3f      0x175 .\CortexM3\ARM_GCC_541\Debug\Glimball.a(UART.o)
 .debug_abbrev  0x000020b4      0x139 .\CortexM3\ARM_GCC_541\Debug\Glimball.a(UART_IntClock.o)
 .debug_abbrev  0x000021ed      0x173 .\CortexM3\ARM_GCC_541\Debug\Glimball.a(isr_uart.o)
 .debug_abbrev  0x00002360       0x14 .\CortexM3\ARM_GCC_541\Debug\Glimball.a(CyBootAsmGnu.o)
 .debug_abbrev  0x00002374      0x1a7 .\CortexM3\ARM_GCC_541\Debug\Glimball.a(CyFlash.o)
 .debug_abbrev  0x0000251b      0x194 .\CortexM3\ARM_GCC_541\Debug\Glimball.a(CySpc.o)

.debug_line     0x00000000     0x3b1c
 *(.debug_line)
 .debug_line    0x00000000      0x174 .\CortexM3\ARM_GCC_541\Debug\main.o
 .debug_line    0x00000174      0x570 .\CortexM3\ARM_GCC_541\Debug\functions.o
 .debug_line    0x000006e4        0x0 .\CortexM3\ARM_GCC_541\Debug\interruptions.o
 .debug_line    0x000006e4      0x1ec .\CortexM3\ARM_GCC_541\Debug\keypad.o
 .debug_line    0x000008d0        0x0 .\CortexM3\ARM_GCC_541\Debug\sound.o
 .debug_line    0x000008d0      0x238 .\CortexM3\ARM_GCC_541\Debug\cyfitter_cfg.o
 .debug_line    0x00000b08      0x141 .\CortexM3\ARM_GCC_541\Debug\cymetadata.o
 .debug_line    0x00000c49      0x234 .\CortexM3\ARM_GCC_541\Debug\Cm3Start.o
 .debug_line    0x00000e7d      0x816 .\CortexM3\ARM_GCC_541\Debug\Glimball.a(CyLib.o)
 .debug_line    0x00001693      0x367 .\CortexM3\ARM_GCC_541\Debug\Glimball.a(cyPm.o)
 .debug_line    0x000019fa       0x91 .\CortexM3\ARM_GCC_541\Debug\Glimball.a(LED1.o)
 .debug_line    0x00001a8b       0x91 .\CortexM3\ARM_GCC_541\Debug\Glimball.a(LED2.o)
 .debug_line    0x00001b1c       0x91 .\CortexM3\ARM_GCC_541\Debug\Glimball.a(LED3.o)
 .debug_line    0x00001bad       0x91 .\CortexM3\ARM_GCC_541\Debug\Glimball.a(LED4.o)
 .debug_line    0x00001c3e       0x90 .\CortexM3\ARM_GCC_541\Debug\Glimball.a(SW1.o)
 .debug_line    0x00001cce       0x90 .\CortexM3\ARM_GCC_541\Debug\Glimball.a(SW2.o)
 .debug_line    0x00001d5e      0x1dc .\CortexM3\ARM_GCC_541\Debug\Glimball.a(LCD.o)
 .debug_line    0x00001f3a       0x91 .\CortexM3\ARM_GCC_541\Debug\Glimball.a(ROW0.o)
 .debug_line    0x00001fcb       0x91 .\CortexM3\ARM_GCC_541\Debug\Glimball.a(ROW1.o)
 .debug_line    0x0000205c       0x91 .\CortexM3\ARM_GCC_541\Debug\Glimball.a(ROW2.o)
 .debug_line    0x000020ed       0x91 .\CortexM3\ARM_GCC_541\Debug\Glimball.a(ROW3.o)
 .debug_line    0x0000217e       0x91 .\CortexM3\ARM_GCC_541\Debug\Glimball.a(COL1.o)
 .debug_line    0x0000220f       0x91 .\CortexM3\ARM_GCC_541\Debug\Glimball.a(COL2.o)
 .debug_line    0x000022a0       0x91 .\CortexM3\ARM_GCC_541\Debug\Glimball.a(COL3.o)
 .debug_line    0x00002331      0x3c1 .\CortexM3\ARM_GCC_541\Debug\Glimball.a(ADC.o)
 .debug_line    0x000026f2       0x80 .\CortexM3\ARM_GCC_541\Debug\Glimball.a(ADC_INT.o)
 .debug_line    0x00002772      0x186 .\CortexM3\ARM_GCC_541\Debug\Glimball.a(PWM.o)
 .debug_line    0x000028f8      0x17d .\CortexM3\ARM_GCC_541\Debug\Glimball.a(ADC_Ext_CP_Clk.o)
 .debug_line    0x00002a75      0x19d .\CortexM3\ARM_GCC_541\Debug\Glimball.a(ADC_theACLK.o)
 .debug_line    0x00002c12       0xac .\CortexM3\ARM_GCC_541\Debug\Glimball.a(ADC_AMux.o)
 .debug_line    0x00002cbe       0xa7 .\CortexM3\ARM_GCC_541\Debug\Glimball.a(Mux.o)
 .debug_line    0x00002d65      0x153 .\CortexM3\ARM_GCC_541\Debug\Glimball.a(Timer.o)
 .debug_line    0x00002eb8       0xe1 .\CortexM3\ARM_GCC_541\Debug\Glimball.a(VDAC.o)
 .debug_line    0x00002f99      0x136 .\CortexM3\ARM_GCC_541\Debug\Glimball.a(ISR_SOUND.o)
 .debug_line    0x000030cf      0x2bc .\CortexM3\ARM_GCC_541\Debug\Glimball.a(UART.o)
 .debug_line    0x0000338b      0x17c .\CortexM3\ARM_GCC_541\Debug\Glimball.a(UART_IntClock.o)
 .debug_line    0x00003507      0x135 .\CortexM3\ARM_GCC_541\Debug\Glimball.a(isr_uart.o)
 .debug_line    0x0000363c       0x66 .\CortexM3\ARM_GCC_541\Debug\Glimball.a(CyBootAsmGnu.o)
 .debug_line    0x000036a2      0x21a .\CortexM3\ARM_GCC_541\Debug\Glimball.a(CyFlash.o)
 .debug_line    0x000038bc      0x260 .\CortexM3\ARM_GCC_541\Debug\Glimball.a(CySpc.o)

.debug_frame    0x00000000     0x2b9c
 *(.debug_frame)
 .debug_frame   0x00000000       0x2c .\CortexM3\ARM_GCC_541\Debug\main.o
 .debug_frame   0x0000002c      0x348 .\CortexM3\ARM_GCC_541\Debug\functions.o
 .debug_frame   0x00000374       0x48 .\CortexM3\ARM_GCC_541\Debug\keypad.o
 .debug_frame   0x000003bc      0x13c .\CortexM3\ARM_GCC_541\Debug\cyfitter_cfg.o
 .debug_frame   0x000004f8       0xb8 .\CortexM3\ARM_GCC_541\Debug\Cm3Start.o
 .debug_frame   0x000005b0      0x738 .\CortexM3\ARM_GCC_541\Debug\Glimball.a(CyLib.o)
 .debug_frame   0x00000ce8      0x1f8 .\CortexM3\ARM_GCC_541\Debug\Glimball.a(cyPm.o)
 .debug_frame   0x00000ee0       0x50 .\CortexM3\ARM_GCC_541\Debug\Glimball.a(LED1.o)
 .debug_frame   0x00000f30       0x50 .\CortexM3\ARM_GCC_541\Debug\Glimball.a(LED2.o)
 .debug_frame   0x00000f80       0x50 .\CortexM3\ARM_GCC_541\Debug\Glimball.a(LED3.o)
 .debug_frame   0x00000fd0       0x50 .\CortexM3\ARM_GCC_541\Debug\Glimball.a(LED4.o)
 .debug_frame   0x00001020       0x50 .\CortexM3\ARM_GCC_541\Debug\Glimball.a(SW1.o)
 .debug_frame   0x00001070       0x50 .\CortexM3\ARM_GCC_541\Debug\Glimball.a(SW2.o)
 .debug_frame   0x000010c0      0x1e8 .\CortexM3\ARM_GCC_541\Debug\Glimball.a(LCD.o)
 .debug_frame   0x000012a8       0x50 .\CortexM3\ARM_GCC_541\Debug\Glimball.a(ROW0.o)
 .debug_frame   0x000012f8       0x50 .\CortexM3\ARM_GCC_541\Debug\Glimball.a(ROW1.o)
 .debug_frame   0x00001348       0x50 .\CortexM3\ARM_GCC_541\Debug\Glimball.a(ROW2.o)
 .debug_frame   0x00001398       0x50 .\CortexM3\ARM_GCC_541\Debug\Glimball.a(ROW3.o)
 .debug_frame   0x000013e8       0x50 .\CortexM3\ARM_GCC_541\Debug\Glimball.a(COL1.o)
 .debug_frame   0x00001438       0x50 .\CortexM3\ARM_GCC_541\Debug\Glimball.a(COL2.o)
 .debug_frame   0x00001488       0x50 .\CortexM3\ARM_GCC_541\Debug\Glimball.a(COL3.o)
 .debug_frame   0x000014d8      0x284 .\CortexM3\ARM_GCC_541\Debug\Glimball.a(ADC.o)
 .debug_frame   0x0000175c       0x50 .\CortexM3\ARM_GCC_541\Debug\Glimball.a(ADC_INT.o)
 .debug_frame   0x000017ac      0x134 .\CortexM3\ARM_GCC_541\Debug\Glimball.a(PWM.o)
 .debug_frame   0x000018e0       0xe0 .\CortexM3\ARM_GCC_541\Debug\Glimball.a(ADC_Ext_CP_Clk.o)
 .debug_frame   0x000019c0      0x100 .\CortexM3\ARM_GCC_541\Debug\Glimball.a(ADC_theACLK.o)
 .debug_frame   0x00001ac0       0x64 .\CortexM3\ARM_GCC_541\Debug\Glimball.a(ADC_AMux.o)
 .debug_frame   0x00001b24       0x64 .\CortexM3\ARM_GCC_541\Debug\Glimball.a(Mux.o)
 .debug_frame   0x00001b88      0x108 .\CortexM3\ARM_GCC_541\Debug\Glimball.a(Timer.o)
 .debug_frame   0x00001c90       0xb4 .\CortexM3\ARM_GCC_541\Debug\Glimball.a(VDAC.o)
 .debug_frame   0x00001d44      0x104 .\CortexM3\ARM_GCC_541\Debug\Glimball.a(ISR_SOUND.o)
 .debug_frame   0x00001e48      0x250 .\CortexM3\ARM_GCC_541\Debug\Glimball.a(UART.o)
 .debug_frame   0x00002098       0xe0 .\CortexM3\ARM_GCC_541\Debug\Glimball.a(UART_IntClock.o)
 .debug_frame   0x00002178      0x104 .\CortexM3\ARM_GCC_541\Debug\Glimball.a(isr_uart.o)
 .debug_frame   0x0000227c      0x194 .\CortexM3\ARM_GCC_541\Debug\Glimball.a(CyFlash.o)
 .debug_frame   0x00002410      0x180 .\CortexM3\ARM_GCC_541\Debug\Glimball.a(CySpc.o)
 .debug_frame   0x00002590       0x38 c:/program files (x86)/cypress/psoc creator/4.4/psoc creator/import/gnu/arm/5.4.1/bin/../lib/gcc/arm-none-eabi/5.4.1/../../../../arm-none-eabi/lib/armv7-m\libm.a(lib_a-s_sin.o)
 .debug_frame   0x000025c8       0x48 c:/program files (x86)/cypress/psoc creator/4.4/psoc creator/import/gnu/arm/5.4.1/bin/../lib/gcc/arm-none-eabi/5.4.1/../../../../arm-none-eabi/lib/armv7-m\libm.a(lib_a-e_rem_pio2.o)
 .debug_frame   0x00002610       0x4c c:/program files (x86)/cypress/psoc creator/4.4/psoc creator/import/gnu/arm/5.4.1/bin/../lib/gcc/arm-none-eabi/5.4.1/../../../../arm-none-eabi/lib/armv7-m\libm.a(lib_a-k_cos.o)
 .debug_frame   0x0000265c       0x50 c:/program files (x86)/cypress/psoc creator/4.4/psoc creator/import/gnu/arm/5.4.1/bin/../lib/gcc/arm-none-eabi/5.4.1/../../../../arm-none-eabi/lib/armv7-m\libm.a(lib_a-k_rem_pio2.o)
 .debug_frame   0x000026ac       0x48 c:/program files (x86)/cypress/psoc creator/4.4/psoc creator/import/gnu/arm/5.4.1/bin/../lib/gcc/arm-none-eabi/5.4.1/../../../../arm-none-eabi/lib/armv7-m\libm.a(lib_a-k_sin.o)
 .debug_frame   0x000026f4       0x20 c:/program files (x86)/cypress/psoc creator/4.4/psoc creator/import/gnu/arm/5.4.1/bin/../lib/gcc/arm-none-eabi/5.4.1/../../../../arm-none-eabi/lib/armv7-m\libm.a(lib_a-s_fabs.o)
 .debug_frame   0x00002714       0x34 c:/program files (x86)/cypress/psoc creator/4.4/psoc creator/import/gnu/arm/5.4.1/bin/../lib/gcc/arm-none-eabi/5.4.1/../../../../arm-none-eabi/lib/armv7-m\libm.a(lib_a-s_floor.o)
 .debug_frame   0x00002748       0x30 c:/program files (x86)/cypress/psoc creator/4.4/psoc creator/import/gnu/arm/5.4.1/bin/../lib/gcc/arm-none-eabi/5.4.1/../../../../arm-none-eabi/lib/armv7-m\libm.a(lib_a-s_scalbn.o)
 .debug_frame   0x00002778       0x20 c:/program files (x86)/cypress/psoc creator/4.4/psoc creator/import/gnu/arm/5.4.1/bin/../lib/gcc/arm-none-eabi/5.4.1/../../../../arm-none-eabi/lib/armv7-m\libm.a(lib_a-s_copysign.o)
 .debug_frame   0x00002798       0x20 c:/program files (x86)/cypress/psoc creator/4.4/psoc creator/import/gnu/arm/5.4.1/bin/../lib/gcc/arm-none-eabi/5.4.1/../../../../arm-none-eabi/lib/armv7-m\libg_nano.a(lib_a-errno.o)
 .debug_frame   0x000027b8       0x28 c:/program files (x86)/cypress/psoc creator/4.4/psoc creator/import/gnu/arm/5.4.1/bin/../lib/gcc/arm-none-eabi/5.4.1/../../../../arm-none-eabi/lib/armv7-m\libg_nano.a(lib_a-exit.o)
 .debug_frame   0x000027e0       0x2c c:/program files (x86)/cypress/psoc creator/4.4/psoc creator/import/gnu/arm/5.4.1/bin/../lib/gcc/arm-none-eabi/5.4.1/../../../../arm-none-eabi/lib/armv7-m\libg_nano.a(lib_a-init.o)
 .debug_frame   0x0000280c       0x28 c:/program files (x86)/cypress/psoc creator/4.4/psoc creator/import/gnu/arm/5.4.1/bin/../lib/gcc/arm-none-eabi/5.4.1/../../../../arm-none-eabi/lib/armv7-m\libg_nano.a(lib_a-memcpy-stub.o)
 .debug_frame   0x00002834       0x20 c:/program files (x86)/cypress/psoc creator/4.4/psoc creator/import/gnu/arm/5.4.1/bin/../lib/gcc/arm-none-eabi/5.4.1/../../../../arm-none-eabi/lib/armv7-m\libg_nano.a(lib_a-memset.o)
 .debug_frame   0x00002854       0x70 c:/program files (x86)/cypress/psoc creator/4.4/psoc creator/import/gnu/arm/5.4.1/bin/../lib/gcc/arm-none-eabi/5.4.1/../../../../arm-none-eabi/lib/armv7-m\libg_nano.a(lib_a-sprintf.o)
 .debug_frame   0x000028c4       0x20 c:/program files (x86)/cypress/psoc creator/4.4/psoc creator/import/gnu/arm/5.4.1/bin/../lib/gcc/arm-none-eabi/5.4.1/../../../../arm-none-eabi/lib/armv7-m\libg_nano.a(lib_a-strcmp.o)
 .debug_frame   0x000028e4       0x90 c:/program files (x86)/cypress/psoc creator/4.4/psoc creator/import/gnu/arm/5.4.1/bin/../lib/gcc/arm-none-eabi/5.4.1/../../../../arm-none-eabi/lib/armv7-m\libg_nano.a(lib_a-nano-svfprintf.o)
 .debug_frame   0x00002974       0x60 c:/program files (x86)/cypress/psoc creator/4.4/psoc creator/import/gnu/arm/5.4.1/bin/../lib/gcc/arm-none-eabi/5.4.1/../../../../arm-none-eabi/lib/armv7-m\libg_nano.a(lib_a-nano-vfprintf_i.o)
 .debug_frame   0x000029d4       0x28 c:/program files (x86)/cypress/psoc creator/4.4/psoc creator/import/gnu/arm/5.4.1/bin/../lib/gcc/arm-none-eabi/5.4.1/../../../../arm-none-eabi/lib/armv7-m\libg_nano.a(lib_a-memchr-stub.o)
 .debug_frame   0x000029fc       0x28 c:/program files (x86)/cypress/psoc creator/4.4/psoc creator/import/gnu/arm/5.4.1/bin/../lib/gcc/arm-none-eabi/5.4.1/../../../../arm-none-eabi/lib/armv7-m\libg_nano.a(lib_a-memmove.o)
 .debug_frame   0x00002a24       0x38 c:/program files (x86)/cypress/psoc creator/4.4/psoc creator/import/gnu/arm/5.4.1/bin/../lib/gcc/arm-none-eabi/5.4.1/../../../../arm-none-eabi/lib/armv7-m\libg_nano.a(lib_a-nano-freer.o)
 .debug_frame   0x00002a5c       0x2c c:/program files (x86)/cypress/psoc creator/4.4/psoc creator/import/gnu/arm/5.4.1/bin/../lib/gcc/arm-none-eabi/5.4.1/../../../../arm-none-eabi/lib/armv7-m\libg_nano.a(lib_a-nano-mallocr.o)
 .debug_frame   0x00002a88       0x3c c:/program files (x86)/cypress/psoc creator/4.4/psoc creator/import/gnu/arm/5.4.1/bin/../lib/gcc/arm-none-eabi/5.4.1/../../../../arm-none-eabi/lib/armv7-m\libg_nano.a(lib_a-nano-reallocr.o)
 .debug_frame   0x00002ac4       0x2c c:/program files (x86)/cypress/psoc creator/4.4/psoc creator/import/gnu/arm/5.4.1/bin/../lib/gcc/arm-none-eabi/5.4.1/../../../../arm-none-eabi/lib/armv7-m\libg_nano.a(lib_a-sbrkr.o)
 .debug_frame   0x00002af0       0x30 c:/program files (x86)/cypress/psoc creator/4.4/psoc creator/import/gnu/arm/5.4.1/bin/../lib/gcc/arm-none-eabi/5.4.1/../../../../arm-none-eabi/lib/armv7-m\libg_nano.a(lib_a-mlock.o)
 .debug_frame   0x00002b20       0x20 c:/program files (x86)/cypress/psoc creator/4.4/psoc creator/import/gnu/arm/5.4.1/bin/../lib/gcc/arm-none-eabi/5.4.1/../../../../arm-none-eabi/lib/armv7-m\libg_nano.a(lib_a-nano-msizer.o)
 .debug_frame   0x00002b40       0x5c c:/program files (x86)/cypress/psoc creator/4.4/psoc creator/import/gnu/arm/5.4.1/bin/../lib/gcc/arm-none-eabi/5.4.1/../../../../arm-none-eabi/lib/armv7-m\libg_nano.a(lib_a-reent.o)

.debug_str      0x00000000     0x2b7f
 *(.debug_str)
 .debug_str     0x00000000      0x1ca .\CortexM3\ARM_GCC_541\Debug\main.o
                                0x212 (size before relaxing)
 .debug_str     0x000001ca      0x37b .\CortexM3\ARM_GCC_541\Debug\functions.o
                                0x5e8 (size before relaxing)
 .debug_str     0x00000545       0x67 .\CortexM3\ARM_GCC_541\Debug\interruptions.o
                                 0xf5 (size before relaxing)
 .debug_str     0x000005ac       0x52 .\CortexM3\ARM_GCC_541\Debug\keypad.o
                                0x262 (size before relaxing)
 .debug_str     0x000005fe        0x8 .\CortexM3\ARM_GCC_541\Debug\sound.o
                                 0xed (size before relaxing)
 .debug_str     0x00000606      0x1c0 .\CortexM3\ARM_GCC_541\Debug\cyfitter_cfg.o
                                0x3d1 (size before relaxing)
 .debug_str     0x000007c6       0x75 .\CortexM3\ARM_GCC_541\Debug\cymetadata.o
                                0x22a (size before relaxing)
 .debug_str     0x0000083b      0x144 .\CortexM3\ARM_GCC_541\Debug\Cm3Start.o
                                0x350 (size before relaxing)
 .debug_str     0x0000097f      0x838 .\CortexM3\ARM_GCC_541\Debug\Glimball.a(CyLib.o)
                                0xa8d (size before relaxing)
 .debug_str     0x000011b7      0x365 .\CortexM3\ARM_GCC_541\Debug\Glimball.a(cyPm.o)
                                0x779 (size before relaxing)
 .debug_str     0x0000151c       0x56 .\CortexM3\ARM_GCC_541\Debug\Glimball.a(LED1.o)
                                0x223 (size before relaxing)
 .debug_str     0x00001572       0x4b .\CortexM3\ARM_GCC_541\Debug\Glimball.a(LED2.o)
                                0x223 (size before relaxing)
 .debug_str     0x000015bd       0x4b .\CortexM3\ARM_GCC_541\Debug\Glimball.a(LED3.o)
                                0x223 (size before relaxing)
 .debug_str     0x00001608       0x4b .\CortexM3\ARM_GCC_541\Debug\Glimball.a(LED4.o)
                                0x223 (size before relaxing)
 .debug_str     0x00001653       0x48 .\CortexM3\ARM_GCC_541\Debug\Glimball.a(SW1.o)
                                0x21e (size before relaxing)
 .debug_str     0x0000169b       0x48 .\CortexM3\ARM_GCC_541\Debug\Glimball.a(SW2.o)
                                0x21e (size before relaxing)
 .debug_str     0x000016e3      0x11c .\CortexM3\ARM_GCC_541\Debug\Glimball.a(LCD.o)
                                0x371 (size before relaxing)
 .debug_str     0x000017ff       0x4c .\CortexM3\ARM_GCC_541\Debug\Glimball.a(ROW0.o)
                                0x223 (size before relaxing)
 .debug_str     0x0000184b       0x4c .\CortexM3\ARM_GCC_541\Debug\Glimball.a(ROW1.o)
                                0x223 (size before relaxing)
 .debug_str     0x00001897       0x4c .\CortexM3\ARM_GCC_541\Debug\Glimball.a(ROW2.o)
                                0x223 (size before relaxing)
 .debug_str     0x000018e3       0x4c .\CortexM3\ARM_GCC_541\Debug\Glimball.a(ROW3.o)
                                0x223 (size before relaxing)
 .debug_str     0x0000192f       0x4b .\CortexM3\ARM_GCC_541\Debug\Glimball.a(COL1.o)
                                0x223 (size before relaxing)
 .debug_str     0x0000197a       0x4b .\CortexM3\ARM_GCC_541\Debug\Glimball.a(COL2.o)
                                0x223 (size before relaxing)
 .debug_str     0x000019c5       0x4b .\CortexM3\ARM_GCC_541\Debug\Glimball.a(COL3.o)
                                0x223 (size before relaxing)
 .debug_str     0x00001a10      0x347 .\CortexM3\ARM_GCC_541\Debug\Glimball.a(ADC.o)
                                0x60f (size before relaxing)
 .debug_str     0x00001d57       0x45 .\CortexM3\ARM_GCC_541\Debug\Glimball.a(ADC_INT.o)
                                0x206 (size before relaxing)
 .debug_str     0x00001d9c      0x13d .\CortexM3\ARM_GCC_541\Debug\Glimball.a(PWM.o)
                                0x37e (size before relaxing)
 .debug_str     0x00001ed9      0x16d .\CortexM3\ARM_GCC_541\Debug\Glimball.a(ADC_Ext_CP_Clk.o)
                                0x388 (size before relaxing)
 .debug_str     0x00002046      0x14f .\CortexM3\ARM_GCC_541\Debug\Glimball.a(ADC_theACLK.o)
                                0x3a7 (size before relaxing)
 .debug_str     0x00002195       0x5f .\CortexM3\ARM_GCC_541\Debug\Glimball.a(ADC_AMux.o)
                                0x245 (size before relaxing)
 .debug_str     0x000021f4       0x1d .\CortexM3\ARM_GCC_541\Debug\Glimball.a(Mux.o)
                                0x222 (size before relaxing)
 .debug_str     0x00002211      0x118 .\CortexM3\ARM_GCC_541\Debug\Glimball.a(Timer.o)
                                0x33b (size before relaxing)
 .debug_str     0x00002329       0x80 .\CortexM3\ARM_GCC_541\Debug\Glimball.a(VDAC.o)
                                0x25b (size before relaxing)
 .debug_str     0x000023a9      0x10c .\CortexM3\ARM_GCC_541\Debug\Glimball.a(ISR_SOUND.o)
                                0x324 (size before relaxing)
 .debug_str     0x000024b5      0x22c .\CortexM3\ARM_GCC_541\Debug\Glimball.a(UART.o)
                                0x4bb (size before relaxing)
 .debug_str     0x000026e1      0x138 .\CortexM3\ARM_GCC_541\Debug\Glimball.a(UART_IntClock.o)
                                0x37c (size before relaxing)
 .debug_str     0x00002819       0xff .\CortexM3\ARM_GCC_541\Debug\Glimball.a(isr_uart.o)
                                0x316 (size before relaxing)
 .debug_str     0x00002918      0x1bb .\CortexM3\ARM_GCC_541\Debug\Glimball.a(CyFlash.o)
                                0x406 (size before relaxing)
 .debug_str     0x00002ad3       0xac .\CortexM3\ARM_GCC_541\Debug\Glimball.a(CySpc.o)
                                0x37e (size before relaxing)

.debug_loc      0x00000000     0x334f
 *(.debug_loc)
 .debug_loc     0x00000000      0x2df .\CortexM3\ARM_GCC_541\Debug\functions.o
 .debug_loc     0x000002df      0x2c7 .\CortexM3\ARM_GCC_541\Debug\cyfitter_cfg.o
 .debug_loc     0x000005a6      0x144 .\CortexM3\ARM_GCC_541\Debug\Cm3Start.o
 .debug_loc     0x000006ea      0xa11 .\CortexM3\ARM_GCC_541\Debug\Glimball.a(CyLib.o)
 .debug_loc     0x000010fb      0x1e4 .\CortexM3\ARM_GCC_541\Debug\Glimball.a(cyPm.o)
 .debug_loc     0x000012df       0x42 .\CortexM3\ARM_GCC_541\Debug\Glimball.a(LED1.o)
 .debug_loc     0x00001321       0x42 .\CortexM3\ARM_GCC_541\Debug\Glimball.a(LED2.o)
 .debug_loc     0x00001363       0x42 .\CortexM3\ARM_GCC_541\Debug\Glimball.a(LED3.o)
 .debug_loc     0x000013a5       0x42 .\CortexM3\ARM_GCC_541\Debug\Glimball.a(LED4.o)
 .debug_loc     0x000013e7       0x42 .\CortexM3\ARM_GCC_541\Debug\Glimball.a(SW1.o)
 .debug_loc     0x00001429       0x42 .\CortexM3\ARM_GCC_541\Debug\Glimball.a(SW2.o)
 .debug_loc     0x0000146b      0x3c6 .\CortexM3\ARM_GCC_541\Debug\Glimball.a(LCD.o)
 .debug_loc     0x00001831       0x42 .\CortexM3\ARM_GCC_541\Debug\Glimball.a(ROW0.o)
 .debug_loc     0x00001873       0x42 .\CortexM3\ARM_GCC_541\Debug\Glimball.a(ROW1.o)
 .debug_loc     0x000018b5       0x42 .\CortexM3\ARM_GCC_541\Debug\Glimball.a(ROW2.o)
 .debug_loc     0x000018f7       0x42 .\CortexM3\ARM_GCC_541\Debug\Glimball.a(ROW3.o)
 .debug_loc     0x00001939       0x42 .\CortexM3\ARM_GCC_541\Debug\Glimball.a(COL1.o)
 .debug_loc     0x0000197b       0x42 .\CortexM3\ARM_GCC_541\Debug\Glimball.a(COL2.o)
 .debug_loc     0x000019bd       0x42 .\CortexM3\ARM_GCC_541\Debug\Glimball.a(COL3.o)
 .debug_loc     0x000019ff      0x681 .\CortexM3\ARM_GCC_541\Debug\Glimball.a(ADC.o)
 .debug_loc     0x00002080       0x26 .\CortexM3\ARM_GCC_541\Debug\Glimball.a(PWM.o)
 .debug_loc     0x000020a6      0x128 .\CortexM3\ARM_GCC_541\Debug\Glimball.a(ADC_Ext_CP_Clk.o)
 .debug_loc     0x000021ce      0x14d .\CortexM3\ARM_GCC_541\Debug\Glimball.a(ADC_theACLK.o)
 .debug_loc     0x0000231b       0x6c .\CortexM3\ARM_GCC_541\Debug\Glimball.a(ADC_AMux.o)
 .debug_loc     0x00002387       0x6c .\CortexM3\ARM_GCC_541\Debug\Glimball.a(Mux.o)
 .debug_loc     0x000023f3       0x79 .\CortexM3\ARM_GCC_541\Debug\Glimball.a(VDAC.o)
 .debug_loc     0x0000246c       0x56 .\CortexM3\ARM_GCC_541\Debug\Glimball.a(ISR_SOUND.o)
 .debug_loc     0x000024c2      0x258 .\CortexM3\ARM_GCC_541\Debug\Glimball.a(UART.o)
 .debug_loc     0x0000271a      0x128 .\CortexM3\ARM_GCC_541\Debug\Glimball.a(UART_IntClock.o)
 .debug_loc     0x00002842       0x56 .\CortexM3\ARM_GCC_541\Debug\Glimball.a(isr_uart.o)
 .debug_loc     0x00002898      0x3b2 .\CortexM3\ARM_GCC_541\Debug\Glimball.a(CyFlash.o)
 .debug_loc     0x00002c4a      0x705 .\CortexM3\ARM_GCC_541\Debug\Glimball.a(CySpc.o)

.debug_macinfo
 *(.debug_macinfo)

.debug_ranges   0x00000000      0xdb8
 *(.debug_ranges)
 .debug_ranges  0x00000000       0x10 .\CortexM3\ARM_GCC_541\Debug\main.o
 .debug_ranges  0x00000010       0xe8 .\CortexM3\ARM_GCC_541\Debug\functions.o
 .debug_ranges  0x000000f8       0x18 .\CortexM3\ARM_GCC_541\Debug\keypad.o
 .debug_ranges  0x00000110       0x68 .\CortexM3\ARM_GCC_541\Debug\cyfitter_cfg.o
 .debug_ranges  0x00000178       0x38 .\CortexM3\ARM_GCC_541\Debug\Cm3Start.o
 .debug_ranges  0x000001b0      0x290 .\CortexM3\ARM_GCC_541\Debug\Glimball.a(CyLib.o)
 .debug_ranges  0x00000440       0x88 .\CortexM3\ARM_GCC_541\Debug\Glimball.a(cyPm.o)
 .debug_ranges  0x000004c8       0x28 .\CortexM3\ARM_GCC_541\Debug\Glimball.a(LED1.o)
 .debug_ranges  0x000004f0       0x28 .\CortexM3\ARM_GCC_541\Debug\Glimball.a(LED2.o)
 .debug_ranges  0x00000518       0x28 .\CortexM3\ARM_GCC_541\Debug\Glimball.a(LED3.o)
 .debug_ranges  0x00000540       0x28 .\CortexM3\ARM_GCC_541\Debug\Glimball.a(LED4.o)
 .debug_ranges  0x00000568       0x28 .\CortexM3\ARM_GCC_541\Debug\Glimball.a(SW1.o)
 .debug_ranges  0x00000590       0x28 .\CortexM3\ARM_GCC_541\Debug\Glimball.a(SW2.o)
 .debug_ranges  0x000005b8       0x88 .\CortexM3\ARM_GCC_541\Debug\Glimball.a(LCD.o)
 .debug_ranges  0x00000640       0x28 .\CortexM3\ARM_GCC_541\Debug\Glimball.a(ROW0.o)
 .debug_ranges  0x00000668       0x28 .\CortexM3\ARM_GCC_541\Debug\Glimball.a(ROW1.o)
 .debug_ranges  0x00000690       0x28 .\CortexM3\ARM_GCC_541\Debug\Glimball.a(ROW2.o)
 .debug_ranges  0x000006b8       0x28 .\CortexM3\ARM_GCC_541\Debug\Glimball.a(ROW3.o)
 .debug_ranges  0x000006e0       0x28 .\CortexM3\ARM_GCC_541\Debug\Glimball.a(COL1.o)
 .debug_ranges  0x00000708       0x28 .\CortexM3\ARM_GCC_541\Debug\Glimball.a(COL2.o)
 .debug_ranges  0x00000730       0x28 .\CortexM3\ARM_GCC_541\Debug\Glimball.a(COL3.o)
 .debug_ranges  0x00000758       0xd8 .\CortexM3\ARM_GCC_541\Debug\Glimball.a(ADC.o)
 .debug_ranges  0x00000830       0x28 .\CortexM3\ARM_GCC_541\Debug\Glimball.a(ADC_INT.o)
 .debug_ranges  0x00000858       0x88 .\CortexM3\ARM_GCC_541\Debug\Glimball.a(PWM.o)
 .debug_ranges  0x000008e0       0x60 .\CortexM3\ARM_GCC_541\Debug\Glimball.a(ADC_Ext_CP_Clk.o)
 .debug_ranges  0x00000940       0x70 .\CortexM3\ARM_GCC_541\Debug\Glimball.a(ADC_theACLK.o)
 .debug_ranges  0x000009b0       0x20 .\CortexM3\ARM_GCC_541\Debug\Glimball.a(ADC_AMux.o)
 .debug_ranges  0x000009d0       0x20 .\CortexM3\ARM_GCC_541\Debug\Glimball.a(Mux.o)
 .debug_ranges  0x000009f0       0x78 .\CortexM3\ARM_GCC_541\Debug\Glimball.a(Timer.o)
 .debug_ranges  0x00000a68       0x48 .\CortexM3\ARM_GCC_541\Debug\Glimball.a(VDAC.o)
 .debug_ranges  0x00000ab0       0x70 .\CortexM3\ARM_GCC_541\Debug\Glimball.a(ISR_SOUND.o)
 .debug_ranges  0x00000b20       0xe0 .\CortexM3\ARM_GCC_541\Debug\Glimball.a(UART.o)
 .debug_ranges  0x00000c00       0x60 .\CortexM3\ARM_GCC_541\Debug\Glimball.a(UART_IntClock.o)
 .debug_ranges  0x00000c60       0x70 .\CortexM3\ARM_GCC_541\Debug\Glimball.a(isr_uart.o)
 .debug_ranges  0x00000cd0       0x78 .\CortexM3\ARM_GCC_541\Debug\Glimball.a(CyFlash.o)
 .debug_ranges  0x00000d48       0x70 .\CortexM3\ARM_GCC_541\Debug\Glimball.a(CySpc.o)

.comment        0x00000000       0x6e
 .comment       0x00000000       0x6e .\CortexM3\ARM_GCC_541\Debug\main.o
                                 0x6f (size before relaxing)
 .comment       0x0000006e       0x6f .\CortexM3\ARM_GCC_541\Debug\functions.o
 .comment       0x0000006e       0x6f .\CortexM3\ARM_GCC_541\Debug\interruptions.o
 .comment       0x0000006e       0x6f .\CortexM3\ARM_GCC_541\Debug\keypad.o
 .comment       0x0000006e       0x6f .\CortexM3\ARM_GCC_541\Debug\sound.o
 .comment       0x0000006e       0x6f .\CortexM3\ARM_GCC_541\Debug\cyfitter_cfg.o
 .comment       0x0000006e       0x6f .\CortexM3\ARM_GCC_541\Debug\cymetadata.o
 .comment       0x0000006e       0x6f .\CortexM3\ARM_GCC_541\Debug\Cm3Start.o
 .comment       0x0000006e       0x6f .\CortexM3\ARM_GCC_541\Debug\Glimball.a(CyLib.o)
 .comment       0x0000006e       0x6f .\CortexM3\ARM_GCC_541\Debug\Glimball.a(cyPm.o)
 .comment       0x0000006e       0x6f .\CortexM3\ARM_GCC_541\Debug\Glimball.a(LED1.o)
 .comment       0x0000006e       0x6f .\CortexM3\ARM_GCC_541\Debug\Glimball.a(LED2.o)
 .comment       0x0000006e       0x6f .\CortexM3\ARM_GCC_541\Debug\Glimball.a(LED3.o)
 .comment       0x0000006e       0x6f .\CortexM3\ARM_GCC_541\Debug\Glimball.a(LED4.o)
 .comment       0x0000006e       0x6f .\CortexM3\ARM_GCC_541\Debug\Glimball.a(SW1.o)
 .comment       0x0000006e       0x6f .\CortexM3\ARM_GCC_541\Debug\Glimball.a(SW2.o)
 .comment       0x0000006e       0x6f .\CortexM3\ARM_GCC_541\Debug\Glimball.a(LCD.o)
 .comment       0x0000006e       0x6f .\CortexM3\ARM_GCC_541\Debug\Glimball.a(ROW0.o)
 .comment       0x0000006e       0x6f .\CortexM3\ARM_GCC_541\Debug\Glimball.a(ROW1.o)
 .comment       0x0000006e       0x6f .\CortexM3\ARM_GCC_541\Debug\Glimball.a(ROW2.o)
 .comment       0x0000006e       0x6f .\CortexM3\ARM_GCC_541\Debug\Glimball.a(ROW3.o)
 .comment       0x0000006e       0x6f .\CortexM3\ARM_GCC_541\Debug\Glimball.a(COL1.o)
 .comment       0x0000006e       0x6f .\CortexM3\ARM_GCC_541\Debug\Glimball.a(COL2.o)
 .comment       0x0000006e       0x6f .\CortexM3\ARM_GCC_541\Debug\Glimball.a(COL3.o)
 .comment       0x0000006e       0x6f .\CortexM3\ARM_GCC_541\Debug\Glimball.a(ADC.o)
 .comment       0x0000006e       0x6f .\CortexM3\ARM_GCC_541\Debug\Glimball.a(ADC_INT.o)